/home/nas_main/kinamkim/.local/lib/python3.10/site-packages/transformers/utils/hub.py:105: FutureWarning: Using `TRANSFORMERS_CACHE` is deprecated and will be removed in v5 of Transformers. Use `HF_HOME` instead.
  warnings.warn(
Traceback (most recent call last):
  File "/home/nas_main/kinamkim/Repos/Intern/residual-offpolicy-rl/resfit/rl_finetuning/scripts/collect_offline_data_cup.py", line 336, in <module>
    main()
  File "/home/nas_main/kinamkim/Repos/Intern/residual-offpolicy-rl/resfit/rl_finetuning/scripts/collect_offline_data_cup.py", line 162, in main
    wrapper = MuJoCoResidualWrapperCup(
  File "/home/nas_main/kinamkim/Repos/Intern/residual-offpolicy-rl/resfit/rl_finetuning/scripts/../../../resfit/rl_finetuning/wrappers/mujoco_residual_wrapper_cup.py", line 92, in __init__
    self.policy = Gr00tPolicy(
  File "/home/nas_main/kinamkim/Repos/Intern/Isaac-GR00T/gr00t/policy/gr00t_policy.py", line 76, in __init__
    import gr00t.model  # noqa: F401
  File "/home/nas_main/kinamkim/Repos/Intern/Isaac-GR00T/gr00t/model/__init__.py", line 1, in <module>
    from .gr00t_n1d6.setup import Gr00tN1d6Pipeline
  File "/home/nas_main/kinamkim/Repos/Intern/Isaac-GR00T/gr00t/model/gr00t_n1d6/setup.py", line 7, in <module>
    from gr00t.data.dataset.factory import DatasetFactory
  File "/home/nas_main/kinamkim/Repos/Intern/Isaac-GR00T/gr00t/data/dataset/factory.py", line 7, in <module>
    from gr00t.data.dataset.sharded_single_step_dataset import ShardedSingleStepDataset
  File "/home/nas_main/kinamkim/Repos/Intern/Isaac-GR00T/gr00t/data/dataset/sharded_single_step_dataset.py", line 5, in <module>
    import pandas as pd
  File "/home/nas_main/kinamkim/.local/lib/python3.10/site-packages/pandas/__init__.py", line 49, in <module>
    from pandas.core.api import (
  File "/home/nas_main/kinamkim/.local/lib/python3.10/site-packages/pandas/core/api.py", line 1, in <module>
    from pandas._libs import (
  File "/home/nas_main/kinamkim/.local/lib/python3.10/site-packages/pandas/_libs/__init__.py", line 18, in <module>
    from pandas._libs.interval import Interval
  File "interval.pyx", line 1, in init pandas._libs.interval
  File "hashtable.pyx", line 1, in init pandas._libs.hashtable
  File "missing.pyx", line 1, in init pandas._libs.missing
  File "/home/nas_main/kinamkim/.local/lib/python3.10/site-packages/pandas/_libs/tslibs/__init__.py", line 40, in <module>
    from pandas._libs.tslibs.conversion import localize_pydatetime
  File "conversion.pyx", line 1, in init pandas._libs.tslibs.conversion
  File "offsets.pyx", line 1, in init pandas._libs.tslibs.offsets
  File "timestamps.pyx", line 1, in init pandas._libs.tslibs.timestamps
  File "timedeltas.pyx", line 1, in init pandas._libs.tslibs.timedeltas
  File "timezones.pyx", line 24, in init pandas._libs.tslibs.timezones
  File "/home/nas_main/kinamkim/.local/lib/python3.10/site-packages/dateutil/tz/__init__.py", line 2, in <module>
    from .tz import *
  File "/home/nas_main/kinamkim/.local/lib/python3.10/site-packages/dateutil/tz/tz.py", line 19, in <module>
    import six
ModuleNotFoundError: No module named 'six'
Exception ignored in: <function Renderer.__del__ at 0x7d44a2898af0>
Traceback (most recent call last):
  File "/home/nas_main/kinamkim/.local/lib/python3.10/site-packages/mujoco/rendering/classic/renderer.py", line 339, in __del__
    self.close()
  File "/home/nas_main/kinamkim/.local/lib/python3.10/site-packages/mujoco/rendering/classic/renderer.py", line 325, in close
    self._gl_context.free()
  File "/home/nas_main/kinamkim/.local/lib/python3.10/site-packages/mujoco/egl/__init__.py", line 133, in free
    EGL.eglDestroyContext(EGL_DISPLAY, self._context)
  File "/home/nas_main/kinamkim/.local/lib/python3.10/site-packages/OpenGL/platform/baseplatform.py", line 487, in __call__
    return self(*args, **named)
  File "/home/nas_main/kinamkim/.local/lib/python3.10/site-packages/OpenGL/error.py", line 230, in glCheckError
    raise self._errorClass(
OpenGL.raw.EGL._errors.EGLError: EGLError(
	err = EGL_NOT_INITIALIZED,
	baseOperation = eglDestroyContext,
	cArguments = (
		<OpenGL._opaque.EGLDisplay_pointer object at 0x7d448d3c1740>,
		<OpenGL._opaque.EGLContext_pointer object at 0x7d441442c940>,
	),
	result = 0
)
Exception ignored in: <function GLContext.__del__ at 0x7d44a2898310>
Traceback (most recent call last):
  File "/home/nas_main/kinamkim/.local/lib/python3.10/site-packages/mujoco/egl/__init__.py", line 138, in __del__
    self.free()
  File "/home/nas_main/kinamkim/.local/lib/python3.10/site-packages/mujoco/egl/__init__.py", line 133, in free
    EGL.eglDestroyContext(EGL_DISPLAY, self._context)
  File "/home/nas_main/kinamkim/.local/lib/python3.10/site-packages/OpenGL/error.py", line 230, in glCheckError
    raise self._errorClass(
OpenGL.raw.EGL._errors.EGLError: EGLError(
	err = EGL_NOT_INITIALIZED,
	baseOperation = eglDestroyContext,
	cArguments = (
		<OpenGL._opaque.EGLDisplay_pointer object at 0x7d448d3c1740>,
		<OpenGL._opaque.EGLContext_pointer object at 0x7d441442c940>,
	),
	result = 0
)
Exception ignored in: <function Renderer.__del__ at 0x7d44a2898af0>
Traceback (most recent call last):
  File "/home/nas_main/kinamkim/.local/lib/python3.10/site-packages/mujoco/rendering/classic/renderer.py", line 339, in __del__
    self.close()
  File "/home/nas_main/kinamkim/.local/lib/python3.10/site-packages/mujoco/rendering/classic/renderer.py", line 325, in close
    self._gl_context.free()
  File "/home/nas_main/kinamkim/.local/lib/python3.10/site-packages/mujoco/egl/__init__.py", line 131, in free
    EGL.eglMakeCurrent(EGL_DISPLAY, EGL.EGL_NO_SURFACE,
  File "/home/nas_main/kinamkim/.local/lib/python3.10/site-packages/OpenGL/error.py", line 230, in glCheckError
    raise self._errorClass(
OpenGL.raw.EGL._errors.EGLError: EGLError(
	err = EGL_NOT_INITIALIZED,
	baseOperation = eglMakeCurrent,
	cArguments = (
		<OpenGL._opaque.EGLDisplay_pointer object at 0x7d448d3c1740>,
		<OpenGL._opaque.EGLSurface_pointer object at 0x7d44a2aecf40>,
		<OpenGL._opaque.EGLSurface_pointer object at 0x7d44a2aecf40>,
		<OpenGL._opaque.EGLContext_pointer object at 0x7d44a2aecec0>,
	),
	result = 0
)
Exception ignored in: <function GLContext.__del__ at 0x7d44a2898310>
Traceback (most recent call last):
  File "/home/nas_main/kinamkim/.local/lib/python3.10/site-packages/mujoco/egl/__init__.py", line 138, in __del__
    self.free()
  File "/home/nas_main/kinamkim/.local/lib/python3.10/site-packages/mujoco/egl/__init__.py", line 131, in free
    EGL.eglMakeCurrent(EGL_DISPLAY, EGL.EGL_NO_SURFACE,
  File "/home/nas_main/kinamkim/.local/lib/python3.10/site-packages/OpenGL/error.py", line 230, in glCheckError
    raise self._errorClass(
OpenGL.raw.EGL._errors.EGLError: EGLError(
	err = EGL_NOT_INITIALIZED,
	baseOperation = eglMakeCurrent,
	cArguments = (
		<OpenGL._opaque.EGLDisplay_pointer object at 0x7d448d3c1740>,
		<OpenGL._opaque.EGLSurface_pointer object at 0x7d44a2aecf40>,
		<OpenGL._opaque.EGLSurface_pointer object at 0x7d44a2aecf40>,
		<OpenGL._opaque.EGLContext_pointer object at 0x7d44a2aecec0>,
	),
	result = 0
)
Exception ignored in: <function Renderer.__del__ at 0x7d44a2898af0>
Traceback (most recent call last):
  File "/home/nas_main/kinamkim/.local/lib/python3.10/site-packages/mujoco/rendering/classic/renderer.py", line 339, in __del__
    self.close()
  File "/home/nas_main/kinamkim/.local/lib/python3.10/site-packages/mujoco/rendering/classic/renderer.py", line 325, in close
    self._gl_context.free()
  File "/home/nas_main/kinamkim/.local/lib/python3.10/site-packages/mujoco/egl/__init__.py", line 133, in free
    EGL.eglDestroyContext(EGL_DISPLAY, self._context)
  File "/home/nas_main/kinamkim/.local/lib/python3.10/site-packages/OpenGL/error.py", line 230, in glCheckError
    raise self._errorClass(
OpenGL.raw.EGL._errors.EGLError: EGLError(
	err = EGL_NOT_INITIALIZED,
	baseOperation = eglDestroyContext,
	cArguments = (
		<OpenGL._opaque.EGLDisplay_pointer object at 0x7d448d3c1740>,
		<OpenGL._opaque.EGLContext_pointer object at 0x7d441442c7c0>,
	),
	result = 0
)
Exception ignored in: <function GLContext.__del__ at 0x7d44a2898310>
Traceback (most recent call last):
  File "/home/nas_main/kinamkim/.local/lib/python3.10/site-packages/mujoco/egl/__init__.py", line 138, in __del__
    self.free()
  File "/home/nas_main/kinamkim/.local/lib/python3.10/site-packages/mujoco/egl/__init__.py", line 133, in free
    EGL.eglDestroyContext(EGL_DISPLAY, self._context)
  File "/home/nas_main/kinamkim/.local/lib/python3.10/site-packages/OpenGL/error.py", line 230, in glCheckError
    raise self._errorClass(
OpenGL.raw.EGL._errors.EGLError: EGLError(
	err = EGL_NOT_INITIALIZED,
	baseOperation = eglDestroyContext,
	cArguments = (
		<OpenGL._opaque.EGLDisplay_pointer object at 0x7d448d3c1740>,
		<OpenGL._opaque.EGLContext_pointer object at 0x7d441442c7c0>,
	),
	result = 0
)
Exception ignored in: <function Renderer.__del__ at 0x7d44a2898af0>
Traceback (most recent call last):
  File "/home/nas_main/kinamkim/.local/lib/python3.10/site-packages/mujoco/rendering/classic/renderer.py", line 339, in __del__
    self.close()
  File "/home/nas_main/kinamkim/.local/lib/python3.10/site-packages/mujoco/rendering/classic/renderer.py", line 325, in close
    self._gl_context.free()
  File "/home/nas_main/kinamkim/.local/lib/python3.10/site-packages/mujoco/egl/__init__.py", line 133, in free
    EGL.eglDestroyContext(EGL_DISPLAY, self._context)
  File "/home/nas_main/kinamkim/.local/lib/python3.10/site-packages/OpenGL/error.py", line 230, in glCheckError
    raise self._errorClass(
OpenGL.raw.EGL._errors.EGLError: EGLError(
	err = EGL_NOT_INITIALIZED,
	baseOperation = eglDestroyContext,
	cArguments = (
		<OpenGL._opaque.EGLDisplay_pointer object at 0x7d448d3c1740>,
		<OpenGL._opaque.EGLContext_pointer object at 0x7d441442e4c0>,
	),
	result = 0
)
Exception ignored in: <function GLContext.__del__ at 0x7d44a2898310>
Traceback (most recent call last):
  File "/home/nas_main/kinamkim/.local/lib/python3.10/site-packages/mujoco/egl/__init__.py", line 138, in __del__
    self.free()
  File "/home/nas_main/kinamkim/.local/lib/python3.10/site-packages/mujoco/egl/__init__.py", line 133, in free
    EGL.eglDestroyContext(EGL_DISPLAY, self._context)
  File "/home/nas_main/kinamkim/.local/lib/python3.10/site-packages/OpenGL/error.py", line 230, in glCheckError
    raise self._errorClass(
OpenGL.raw.EGL._errors.EGLError: EGLError(
	err = EGL_NOT_INITIALIZED,
	baseOperation = eglDestroyContext,
	cArguments = (
		<OpenGL._opaque.EGLDisplay_pointer object at 0x7d448d3c1740>,
		<OpenGL._opaque.EGLContext_pointer object at 0x7d441442e4c0>,
	),
	result = 0
)
Exception ignored in: <function Renderer.__del__ at 0x7d44a2898af0>
Traceback (most recent call last):
  File "/home/nas_main/kinamkim/.local/lib/python3.10/site-packages/mujoco/rendering/classic/renderer.py", line 339, in __del__
    self.close()
  File "/home/nas_main/kinamkim/.local/lib/python3.10/site-packages/mujoco/rendering/classic/renderer.py", line 325, in close
    self._gl_context.free()
  File "/home/nas_main/kinamkim/.local/lib/python3.10/site-packages/mujoco/egl/__init__.py", line 133, in free
    EGL.eglDestroyContext(EGL_DISPLAY, self._context)
  File "/home/nas_main/kinamkim/.local/lib/python3.10/site-packages/OpenGL/error.py", line 230, in glCheckError
    raise self._errorClass(
OpenGL.raw.EGL._errors.EGLError: EGLError(
	err = EGL_NOT_INITIALIZED,
	baseOperation = eglDestroyContext,
	cArguments = (
		<OpenGL._opaque.EGLDisplay_pointer object at 0x7d448d3c1740>,
		<OpenGL._opaque.EGLContext_pointer object at 0x7d441442cac0>,
	),
	result = 0
)
Exception ignored in: <function GLContext.__del__ at 0x7d44a2898310>
Traceback (most recent call last):
  File "/home/nas_main/kinamkim/.local/lib/python3.10/site-packages/mujoco/egl/__init__.py", line 138, in __del__
    self.free()
  File "/home/nas_main/kinamkim/.local/lib/python3.10/site-packages/mujoco/egl/__init__.py", line 133, in free
    EGL.eglDestroyContext(EGL_DISPLAY, self._context)
  File "/home/nas_main/kinamkim/.local/lib/python3.10/site-packages/OpenGL/error.py", line 230, in glCheckError
    raise self._errorClass(
OpenGL.raw.EGL._errors.EGLError: EGLError(
	err = EGL_NOT_INITIALIZED,
	baseOperation = eglDestroyContext,
	cArguments = (
		<OpenGL._opaque.EGLDisplay_pointer object at 0x7d448d3c1740>,
		<OpenGL._opaque.EGLContext_pointer object at 0x7d441442cac0>,
	),
	result = 0
)
Exception ignored in: <function Renderer.__del__ at 0x7d44a2898af0>
Traceback (most recent call last):
  File "/home/nas_main/kinamkim/.local/lib/python3.10/site-packages/mujoco/rendering/classic/renderer.py", line 339, in __del__
    self.close()
  File "/home/nas_main/kinamkim/.local/lib/python3.10/site-packages/mujoco/rendering/classic/renderer.py", line 325, in close
    self._gl_context.free()
  File "/home/nas_main/kinamkim/.local/lib/python3.10/site-packages/mujoco/egl/__init__.py", line 133, in free
    EGL.eglDestroyContext(EGL_DISPLAY, self._context)
  File "/home/nas_main/kinamkim/.local/lib/python3.10/site-packages/OpenGL/error.py", line 230, in glCheckError
    raise self._errorClass(
OpenGL.raw.EGL._errors.EGLError: EGLError(
	err = EGL_NOT_INITIALIZED,
	baseOperation = eglDestroyContext,
	cArguments = (
		<OpenGL._opaque.EGLDisplay_pointer object at 0x7d448d3c1740>,
		<OpenGL._opaque.EGLContext_pointer object at 0x7d441442e340>,
	),
	result = 0
)
Exception ignored in: <function GLContext.__del__ at 0x7d44a2898310>
Traceback (most recent call last):
  File "/home/nas_main/kinamkim/.local/lib/python3.10/site-packages/mujoco/egl/__init__.py", line 138, in __del__
    self.free()
  File "/home/nas_main/kinamkim/.local/lib/python3.10/site-packages/mujoco/egl/__init__.py", line 133, in free
    EGL.eglDestroyContext(EGL_DISPLAY, self._context)
  File "/home/nas_main/kinamkim/.local/lib/python3.10/site-packages/OpenGL/error.py", line 230, in glCheckError
    raise self._errorClass(
OpenGL.raw.EGL._errors.EGLError: EGLError(
	err = EGL_NOT_INITIALIZED,
	baseOperation = eglDestroyContext,
	cArguments = (
		<OpenGL._opaque.EGLDisplay_pointer object at 0x7d448d3c1740>,
		<OpenGL._opaque.EGLContext_pointer object at 0x7d441442e340>,
	),
	result = 0
)
Exception ignored in: <function Renderer.__del__ at 0x7d44a2898af0>
Traceback (most recent call last):
  File "/home/nas_main/kinamkim/.local/lib/python3.10/site-packages/mujoco/rendering/classic/renderer.py", line 339, in __del__
    self.close()
  File "/home/nas_main/kinamkim/.local/lib/python3.10/site-packages/mujoco/rendering/classic/renderer.py", line 325, in close
    self._gl_context.free()
  File "/home/nas_main/kinamkim/.local/lib/python3.10/site-packages/mujoco/egl/__init__.py", line 133, in free
    EGL.eglDestroyContext(EGL_DISPLAY, self._context)
  File "/home/nas_main/kinamkim/.local/lib/python3.10/site-packages/OpenGL/error.py", line 230, in glCheckError
    raise self._errorClass(
OpenGL.raw.EGL._errors.EGLError: EGLError(
	err = EGL_NOT_INITIALIZED,
	baseOperation = eglDestroyContext,
	cArguments = (
		<OpenGL._opaque.EGLDisplay_pointer object at 0x7d448d3c1740>,
		<OpenGL._opaque.EGLContext_pointer object at 0x7d441442d140>,
	),
	result = 0
)
Exception ignored in: <function GLContext.__del__ at 0x7d44a2898310>
Traceback (most recent call last):
  File "/home/nas_main/kinamkim/.local/lib/python3.10/site-packages/mujoco/egl/__init__.py", line 138, in __del__
    self.free()
  File "/home/nas_main/kinamkim/.local/lib/python3.10/site-packages/mujoco/egl/__init__.py", line 133, in free
    EGL.eglDestroyContext(EGL_DISPLAY, self._context)
  File "/home/nas_main/kinamkim/.local/lib/python3.10/site-packages/OpenGL/error.py", line 230, in glCheckError
    raise self._errorClass(
OpenGL.raw.EGL._errors.EGLError: EGLError(
	err = EGL_NOT_INITIALIZED,
	baseOperation = eglDestroyContext,
	cArguments = (
		<OpenGL._opaque.EGLDisplay_pointer object at 0x7d448d3c1740>,
		<OpenGL._opaque.EGLContext_pointer object at 0x7d441442d140>,
	),
	result = 0
)
Exception ignored in: <function Renderer.__del__ at 0x7d44a2898af0>
Traceback (most recent call last):
  File "/home/nas_main/kinamkim/.local/lib/python3.10/site-packages/mujoco/rendering/classic/renderer.py", line 339, in __del__
    self.close()
  File "/home/nas_main/kinamkim/.local/lib/python3.10/site-packages/mujoco/rendering/classic/renderer.py", line 325, in close
    self._gl_context.free()
  File "/home/nas_main/kinamkim/.local/lib/python3.10/site-packages/mujoco/egl/__init__.py", line 133, in free
    EGL.eglDestroyContext(EGL_DISPLAY, self._context)
  File "/home/nas_main/kinamkim/.local/lib/python3.10/site-packages/OpenGL/error.py", line 230, in glCheckError
    raise self._errorClass(
OpenGL.raw.EGL._errors.EGLError: EGLError(
	err = EGL_NOT_INITIALIZED,
	baseOperation = eglDestroyContext,
	cArguments = (
		<OpenGL._opaque.EGLDisplay_pointer object at 0x7d448d3c1740>,
		<OpenGL._opaque.EGLContext_pointer object at 0x7d441442e1c0>,
	),
	result = 0
)
Exception ignored in: <function GLContext.__del__ at 0x7d44a2898310>
Traceback (most recent call last):
  File "/home/nas_main/kinamkim/.local/lib/python3.10/site-packages/mujoco/egl/__init__.py", line 138, in __del__
    self.free()
  File "/home/nas_main/kinamkim/.local/lib/python3.10/site-packages/mujoco/egl/__init__.py", line 133, in free
    EGL.eglDestroyContext(EGL_DISPLAY, self._context)
  File "/home/nas_main/kinamkim/.local/lib/python3.10/site-packages/OpenGL/error.py", line 230, in glCheckError
    raise self._errorClass(
OpenGL.raw.EGL._errors.EGLError: EGLError(
	err = EGL_NOT_INITIALIZED,
	baseOperation = eglDestroyContext,
	cArguments = (
		<OpenGL._opaque.EGLDisplay_pointer object at 0x7d448d3c1740>,
		<OpenGL._opaque.EGLContext_pointer object at 0x7d441442e1c0>,
	),
	result = 0
)
Exception ignored in: <function Renderer.__del__ at 0x7d44a2898af0>
Traceback (most recent call last):
  File "/home/nas_main/kinamkim/.local/lib/python3.10/site-packages/mujoco/rendering/classic/renderer.py", line 339, in __del__
    self.close()
  File "/home/nas_main/kinamkim/.local/lib/python3.10/site-packages/mujoco/rendering/classic/renderer.py", line 325, in close
    self._gl_context.free()
  File "/home/nas_main/kinamkim/.local/lib/python3.10/site-packages/mujoco/egl/__init__.py", line 133, in free
    EGL.eglDestroyContext(EGL_DISPLAY, self._context)
  File "/home/nas_main/kinamkim/.local/lib/python3.10/site-packages/OpenGL/error.py", line 230, in glCheckError
    raise self._errorClass(
OpenGL.raw.EGL._errors.EGLError: EGLError(
	err = EGL_NOT_INITIALIZED,
	baseOperation = eglDestroyContext,
	cArguments = (
		<OpenGL._opaque.EGLDisplay_pointer object at 0x7d448d3c1740>,
		<OpenGL._opaque.EGLContext_pointer object at 0x7d441442cfc0>,
	),
	result = 0
)
Exception ignored in: <function GLContext.__del__ at 0x7d44a2898310>
Traceback (most recent call last):
  File "/home/nas_main/kinamkim/.local/lib/python3.10/site-packages/mujoco/egl/__init__.py", line 138, in __del__
    self.free()
  File "/home/nas_main/kinamkim/.local/lib/python3.10/site-packages/mujoco/egl/__init__.py", line 133, in free
    EGL.eglDestroyContext(EGL_DISPLAY, self._context)
  File "/home/nas_main/kinamkim/.local/lib/python3.10/site-packages/OpenGL/error.py", line 230, in glCheckError
    raise self._errorClass(
OpenGL.raw.EGL._errors.EGLError: EGLError(
	err = EGL_NOT_INITIALIZED,
	baseOperation = eglDestroyContext,
	cArguments = (
		<OpenGL._opaque.EGLDisplay_pointer object at 0x7d448d3c1740>,
		<OpenGL._opaque.EGLContext_pointer object at 0x7d441442cfc0>,
	),
	result = 0
)
Exception ignored in: <function Renderer.__del__ at 0x7d44a2898af0>
Traceback (most recent call last):
  File "/home/nas_main/kinamkim/.local/lib/python3.10/site-packages/mujoco/rendering/classic/renderer.py", line 339, in __del__
    self.close()
  File "/home/nas_main/kinamkim/.local/lib/python3.10/site-packages/mujoco/rendering/classic/renderer.py", line 325, in close
    self._gl_context.free()
  File "/home/nas_main/kinamkim/.local/lib/python3.10/site-packages/mujoco/egl/__init__.py", line 133, in free
    EGL.eglDestroyContext(EGL_DISPLAY, self._context)
  File "/home/nas_main/kinamkim/.local/lib/python3.10/site-packages/OpenGL/error.py", line 230, in glCheckError
    raise self._errorClass(
OpenGL.raw.EGL._errors.EGLError: EGLError(
	err = EGL_NOT_INITIALIZED,
	baseOperation = eglDestroyContext,
	cArguments = (
		<OpenGL._opaque.EGLDisplay_pointer object at 0x7d448d3c1740>,
		<OpenGL._opaque.EGLContext_pointer object at 0x7d441442e040>,
	),
	result = 0
)
Exception ignored in: <function GLContext.__del__ at 0x7d44a2898310>
Traceback (most recent call last):
  File "/home/nas_main/kinamkim/.local/lib/python3.10/site-packages/mujoco/egl/__init__.py", line 138, in __del__
    self.free()
  File "/home/nas_main/kinamkim/.local/lib/python3.10/site-packages/mujoco/egl/__init__.py", line 133, in free
    EGL.eglDestroyContext(EGL_DISPLAY, self._context)
  File "/home/nas_main/kinamkim/.local/lib/python3.10/site-packages/OpenGL/error.py", line 230, in glCheckError
    raise self._errorClass(
OpenGL.raw.EGL._errors.EGLError: EGLError(
	err = EGL_NOT_INITIALIZED,
	baseOperation = eglDestroyContext,
	cArguments = (
		<OpenGL._opaque.EGLDisplay_pointer object at 0x7d448d3c1740>,
		<OpenGL._opaque.EGLContext_pointer object at 0x7d441442e040>,
	),
	result = 0
)
Exception ignored in: <function Renderer.__del__ at 0x7d44a2898af0>
Traceback (most recent call last):
  File "/home/nas_main/kinamkim/.local/lib/python3.10/site-packages/mujoco/rendering/classic/renderer.py", line 339, in __del__
    self.close()
  File "/home/nas_main/kinamkim/.local/lib/python3.10/site-packages/mujoco/rendering/classic/renderer.py", line 325, in close
    self._gl_context.free()
  File "/home/nas_main/kinamkim/.local/lib/python3.10/site-packages/mujoco/egl/__init__.py", line 133, in free
    EGL.eglDestroyContext(EGL_DISPLAY, self._context)
  File "/home/nas_main/kinamkim/.local/lib/python3.10/site-packages/OpenGL/error.py", line 230, in glCheckError
    raise self._errorClass(
OpenGL.raw.EGL._errors.EGLError: EGLError(
	err = EGL_NOT_INITIALIZED,
	baseOperation = eglDestroyContext,
	cArguments = (
		<OpenGL._opaque.EGLDisplay_pointer object at 0x7d448d3c1740>,
		<OpenGL._opaque.EGLContext_pointer object at 0x7d441442ce40>,
	),
	result = 0
)
Exception ignored in: <function GLContext.__del__ at 0x7d44a2898310>
Traceback (most recent call last):
  File "/home/nas_main/kinamkim/.local/lib/python3.10/site-packages/mujoco/egl/__init__.py", line 138, in __del__
    self.free()
  File "/home/nas_main/kinamkim/.local/lib/python3.10/site-packages/mujoco/egl/__init__.py", line 133, in free
    EGL.eglDestroyContext(EGL_DISPLAY, self._context)
  File "/home/nas_main/kinamkim/.local/lib/python3.10/site-packages/OpenGL/error.py", line 230, in glCheckError
    raise self._errorClass(
OpenGL.raw.EGL._errors.EGLError: EGLError(
	err = EGL_NOT_INITIALIZED,
	baseOperation = eglDestroyContext,
	cArguments = (
		<OpenGL._opaque.EGLDisplay_pointer object at 0x7d448d3c1740>,
		<OpenGL._opaque.EGLContext_pointer object at 0x7d441442ce40>,
	),
	result = 0
)
Exception ignored in: <function Renderer.__del__ at 0x7d44a2898af0>
Traceback (most recent call last):
  File "/home/nas_main/kinamkim/.local/lib/python3.10/site-packages/mujoco/rendering/classic/renderer.py", line 339, in __del__
    self.close()
  File "/home/nas_main/kinamkim/.local/lib/python3.10/site-packages/mujoco/rendering/classic/renderer.py", line 325, in close
    self._gl_context.free()
  File "/home/nas_main/kinamkim/.local/lib/python3.10/site-packages/mujoco/egl/__init__.py", line 133, in free
    EGL.eglDestroyContext(EGL_DISPLAY, self._context)
  File "/home/nas_main/kinamkim/.local/lib/python3.10/site-packages/OpenGL/error.py", line 230, in glCheckError
    raise self._errorClass(
OpenGL.raw.EGL._errors.EGLError: EGLError(
	err = EGL_NOT_INITIALIZED,
	baseOperation = eglDestroyContext,
	cArguments = (
		<OpenGL._opaque.EGLDisplay_pointer object at 0x7d448d3c1740>,
		<OpenGL._opaque.EGLContext_pointer object at 0x7d441442dec0>,
	),
	result = 0
)
Exception ignored in: <function GLContext.__del__ at 0x7d44a2898310>
Traceback (most recent call last):
  File "/home/nas_main/kinamkim/.local/lib/python3.10/site-packages/mujoco/egl/__init__.py", line 138, in __del__
    self.free()
  File "/home/nas_main/kinamkim/.local/lib/python3.10/site-packages/mujoco/egl/__init__.py", line 133, in free
    EGL.eglDestroyContext(EGL_DISPLAY, self._context)
  File "/home/nas_main/kinamkim/.local/lib/python3.10/site-packages/OpenGL/error.py", line 230, in glCheckError
    raise self._errorClass(
OpenGL.raw.EGL._errors.EGLError: EGLError(
	err = EGL_NOT_INITIALIZED,
	baseOperation = eglDestroyContext,
	cArguments = (
		<OpenGL._opaque.EGLDisplay_pointer object at 0x7d448d3c1740>,
		<OpenGL._opaque.EGLContext_pointer object at 0x7d441442dec0>,
	),
	result = 0
)
Exception ignored in: <function Renderer.__del__ at 0x7d44a2898af0>
Traceback (most recent call last):
  File "/home/nas_main/kinamkim/.local/lib/python3.10/site-packages/mujoco/rendering/classic/renderer.py", line 339, in __del__
    self.close()
  File "/home/nas_main/kinamkim/.local/lib/python3.10/site-packages/mujoco/rendering/classic/renderer.py", line 325, in close
    self._gl_context.free()
  File "/home/nas_main/kinamkim/.local/lib/python3.10/site-packages/mujoco/egl/__init__.py", line 133, in free
    EGL.eglDestroyContext(EGL_DISPLAY, self._context)
  File "/home/nas_main/kinamkim/.local/lib/python3.10/site-packages/OpenGL/error.py", line 230, in glCheckError
    raise self._errorClass(
OpenGL.raw.EGL._errors.EGLError: EGLError(
	err = EGL_NOT_INITIALIZED,
	baseOperation = eglDestroyContext,
	cArguments = (
		<OpenGL._opaque.EGLDisplay_pointer object at 0x7d448d3c1740>,
		<OpenGL._opaque.EGLContext_pointer object at 0x7d441442ccc0>,
	),
	result = 0
)
Exception ignored in: <function GLContext.__del__ at 0x7d44a2898310>
Traceback (most recent call last):
  File "/home/nas_main/kinamkim/.local/lib/python3.10/site-packages/mujoco/egl/__init__.py", line 138, in __del__
    self.free()
  File "/home/nas_main/kinamkim/.local/lib/python3.10/site-packages/mujoco/egl/__init__.py", line 133, in free
    EGL.eglDestroyContext(EGL_DISPLAY, self._context)
  File "/home/nas_main/kinamkim/.local/lib/python3.10/site-packages/OpenGL/error.py", line 230, in glCheckError
    raise self._errorClass(
OpenGL.raw.EGL._errors.EGLError: EGLError(
	err = EGL_NOT_INITIALIZED,
	baseOperation = eglDestroyContext,
	cArguments = (
		<OpenGL._opaque.EGLDisplay_pointer object at 0x7d448d3c1740>,
		<OpenGL._opaque.EGLContext_pointer object at 0x7d441442ccc0>,
	),
	result = 0
)
Exception ignored in: <function Renderer.__del__ at 0x7d44a2898af0>
Traceback (most recent call last):
  File "/home/nas_main/kinamkim/.local/lib/python3.10/site-packages/mujoco/rendering/classic/renderer.py", line 339, in __del__
    self.close()
  File "/home/nas_main/kinamkim/.local/lib/python3.10/site-packages/mujoco/rendering/classic/renderer.py", line 325, in close
    self._gl_context.free()
  File "/home/nas_main/kinamkim/.local/lib/python3.10/site-packages/mujoco/egl/__init__.py", line 133, in free
    EGL.eglDestroyContext(EGL_DISPLAY, self._context)
  File "/home/nas_main/kinamkim/.local/lib/python3.10/site-packages/OpenGL/error.py", line 230, in glCheckError
    raise self._errorClass(
OpenGL.raw.EGL._errors.EGLError: EGLError(
	err = EGL_NOT_INITIALIZED,
	baseOperation = eglDestroyContext,
	cArguments = (
		<OpenGL._opaque.EGLDisplay_pointer object at 0x7d448d3c1740>,
		<OpenGL._opaque.EGLContext_pointer object at 0x7d441442dd40>,
	),
	result = 0
)
Exception ignored in: <function GLContext.__del__ at 0x7d44a2898310>
Traceback (most recent call last):
  File "/home/nas_main/kinamkim/.local/lib/python3.10/site-packages/mujoco/egl/__init__.py", line 138, in __del__
    self.free()
  File "/home/nas_main/kinamkim/.local/lib/python3.10/site-packages/mujoco/egl/__init__.py", line 133, in free
    EGL.eglDestroyContext(EGL_DISPLAY, self._context)
  File "/home/nas_main/kinamkim/.local/lib/python3.10/site-packages/OpenGL/error.py", line 230, in glCheckError
    raise self._errorClass(
OpenGL.raw.EGL._errors.EGLError: EGLError(
	err = EGL_NOT_INITIALIZED,
	baseOperation = eglDestroyContext,
	cArguments = (
		<OpenGL._opaque.EGLDisplay_pointer object at 0x7d448d3c1740>,
		<OpenGL._opaque.EGLContext_pointer object at 0x7d441442dd40>,
	),
	result = 0
)
Exception ignored in: <function Renderer.__del__ at 0x7d44a2898af0>
Traceback (most recent call last):
  File "/home/nas_main/kinamkim/.local/lib/python3.10/site-packages/mujoco/rendering/classic/renderer.py", line 339, in __del__
    self.close()
  File "/home/nas_main/kinamkim/.local/lib/python3.10/site-packages/mujoco/rendering/classic/renderer.py", line 325, in close
    self._gl_context.free()
  File "/home/nas_main/kinamkim/.local/lib/python3.10/site-packages/mujoco/egl/__init__.py", line 133, in free
    EGL.eglDestroyContext(EGL_DISPLAY, self._context)
  File "/home/nas_main/kinamkim/.local/lib/python3.10/site-packages/OpenGL/error.py", line 230, in glCheckError
    raise self._errorClass(
OpenGL.raw.EGL._errors.EGLError: EGLError(
	err = EGL_NOT_INITIALIZED,
	baseOperation = eglDestroyContext,
	cArguments = (
		<OpenGL._opaque.EGLDisplay_pointer object at 0x7d448d3c1740>,
		<OpenGL._opaque.EGLContext_pointer object at 0x7d441442cc40>,
	),
	result = 0
)
Exception ignored in: <function GLContext.__del__ at 0x7d44a2898310>
Traceback (most recent call last):
  File "/home/nas_main/kinamkim/.local/lib/python3.10/site-packages/mujoco/egl/__init__.py", line 138, in __del__
    self.free()
  File "/home/nas_main/kinamkim/.local/lib/python3.10/site-packages/mujoco/egl/__init__.py", line 133, in free
    EGL.eglDestroyContext(EGL_DISPLAY, self._context)
  File "/home/nas_main/kinamkim/.local/lib/python3.10/site-packages/OpenGL/error.py", line 230, in glCheckError
    raise self._errorClass(
OpenGL.raw.EGL._errors.EGLError: EGLError(
	err = EGL_NOT_INITIALIZED,
	baseOperation = eglDestroyContext,
	cArguments = (
		<OpenGL._opaque.EGLDisplay_pointer object at 0x7d448d3c1740>,
		<OpenGL._opaque.EGLContext_pointer object at 0x7d441442cc40>,
	),
	result = 0
)
Exception ignored in: <function Renderer.__del__ at 0x7d44a2898af0>
Traceback (most recent call last):
  File "/home/nas_main/kinamkim/.local/lib/python3.10/site-packages/mujoco/rendering/classic/renderer.py", line 339, in __del__
    self.close()
  File "/home/nas_main/kinamkim/.local/lib/python3.10/site-packages/mujoco/rendering/classic/renderer.py", line 325, in close
    self._gl_context.free()
  File "/home/nas_main/kinamkim/.local/lib/python3.10/site-packages/mujoco/egl/__init__.py", line 133, in free
    EGL.eglDestroyContext(EGL_DISPLAY, self._context)
  File "/home/nas_main/kinamkim/.local/lib/python3.10/site-packages/OpenGL/error.py", line 230, in glCheckError
    raise self._errorClass(
OpenGL.raw.EGL._errors.EGLError: EGLError(
	err = EGL_NOT_INITIALIZED,
	baseOperation = eglDestroyContext,
	cArguments = (
		<OpenGL._opaque.EGLDisplay_pointer object at 0x7d448d3c1740>,
		<OpenGL._opaque.EGLContext_pointer object at 0x7d441442dbc0>,
	),
	result = 0
)
Exception ignored in: <function GLContext.__del__ at 0x7d44a2898310>
Traceback (most recent call last):
  File "/home/nas_main/kinamkim/.local/lib/python3.10/site-packages/mujoco/egl/__init__.py", line 138, in __del__
    self.free()
  File "/home/nas_main/kinamkim/.local/lib/python3.10/site-packages/mujoco/egl/__init__.py", line 133, in free
    EGL.eglDestroyContext(EGL_DISPLAY, self._context)
  File "/home/nas_main/kinamkim/.local/lib/python3.10/site-packages/OpenGL/error.py", line 230, in glCheckError
    raise self._errorClass(
OpenGL.raw.EGL._errors.EGLError: EGLError(
	err = EGL_NOT_INITIALIZED,
	baseOperation = eglDestroyContext,
	cArguments = (
		<OpenGL._opaque.EGLDisplay_pointer object at 0x7d448d3c1740>,
		<OpenGL._opaque.EGLContext_pointer object at 0x7d441442dbc0>,
	),
	result = 0
)
Exception ignored in: <function Renderer.__del__ at 0x7d44a2898af0>
Traceback (most recent call last):
  File "/home/nas_main/kinamkim/.local/lib/python3.10/site-packages/mujoco/rendering/classic/renderer.py", line 339, in __del__
    self.close()
  File "/home/nas_main/kinamkim/.local/lib/python3.10/site-packages/mujoco/rendering/classic/renderer.py", line 325, in close
    self._gl_context.free()
  File "/home/nas_main/kinamkim/.local/lib/python3.10/site-packages/mujoco/egl/__init__.py", line 133, in free
    EGL.eglDestroyContext(EGL_DISPLAY, self._context)
  File "/home/nas_main/kinamkim/.local/lib/python3.10/site-packages/OpenGL/error.py", line 230, in glCheckError
    raise self._errorClass(
OpenGL.raw.EGL._errors.EGLError: EGLError(
	err = EGL_NOT_INITIALIZED,
	baseOperation = eglDestroyContext,
	cArguments = (
		<OpenGL._opaque.EGLDisplay_pointer object at 0x7d448d3c1740>,
		<OpenGL._opaque.EGLContext_pointer object at 0x7d441442c640>,
	),
	result = 0
)
Exception ignored in: <function GLContext.__del__ at 0x7d44a2898310>
Traceback (most recent call last):
  File "/home/nas_main/kinamkim/.local/lib/python3.10/site-packages/mujoco/egl/__init__.py", line 138, in __del__
    self.free()
  File "/home/nas_main/kinamkim/.local/lib/python3.10/site-packages/mujoco/egl/__init__.py", line 133, in free
    EGL.eglDestroyContext(EGL_DISPLAY, self._context)
  File "/home/nas_main/kinamkim/.local/lib/python3.10/site-packages/OpenGL/error.py", line 230, in glCheckError
    raise self._errorClass(
OpenGL.raw.EGL._errors.EGLError: EGLError(
	err = EGL_NOT_INITIALIZED,
	baseOperation = eglDestroyContext,
	cArguments = (
		<OpenGL._opaque.EGLDisplay_pointer object at 0x7d448d3c1740>,
		<OpenGL._opaque.EGLContext_pointer object at 0x7d441442c640>,
	),
	result = 0
)
Exception ignored in: <function Renderer.__del__ at 0x7d44a2898af0>
Traceback (most recent call last):
  File "/home/nas_main/kinamkim/.local/lib/python3.10/site-packages/mujoco/rendering/classic/renderer.py", line 339, in __del__
    self.close()
  File "/home/nas_main/kinamkim/.local/lib/python3.10/site-packages/mujoco/rendering/classic/renderer.py", line 325, in close
    self._gl_context.free()
  File "/home/nas_main/kinamkim/.local/lib/python3.10/site-packages/mujoco/egl/__init__.py", line 133, in free
    EGL.eglDestroyContext(EGL_DISPLAY, self._context)
  File "/home/nas_main/kinamkim/.local/lib/python3.10/site-packages/OpenGL/error.py", line 230, in glCheckError
    raise self._errorClass(
OpenGL.raw.EGL._errors.EGLError: EGLError(
	err = EGL_NOT_INITIALIZED,
	baseOperation = eglDestroyContext,
	cArguments = (
		<OpenGL._opaque.EGLDisplay_pointer object at 0x7d448d3c1740>,
		<OpenGL._opaque.EGLContext_pointer object at 0x7d441442da40>,
	),
	result = 0
)
Exception ignored in: <function GLContext.__del__ at 0x7d44a2898310>
Traceback (most recent call last):
  File "/home/nas_main/kinamkim/.local/lib/python3.10/site-packages/mujoco/egl/__init__.py", line 138, in __del__
    self.free()
  File "/home/nas_main/kinamkim/.local/lib/python3.10/site-packages/mujoco/egl/__init__.py", line 133, in free
    EGL.eglDestroyContext(EGL_DISPLAY, self._context)
  File "/home/nas_main/kinamkim/.local/lib/python3.10/site-packages/OpenGL/error.py", line 230, in glCheckError
    raise self._errorClass(
OpenGL.raw.EGL._errors.EGLError: EGLError(
	err = EGL_NOT_INITIALIZED,
	baseOperation = eglDestroyContext,
	cArguments = (
		<OpenGL._opaque.EGLDisplay_pointer object at 0x7d448d3c1740>,
		<OpenGL._opaque.EGLContext_pointer object at 0x7d441442da40>,
	),
	result = 0
)
Exception ignored in: <function Renderer.__del__ at 0x7d44a2898af0>
Traceback (most recent call last):
  File "/home/nas_main/kinamkim/.local/lib/python3.10/site-packages/mujoco/rendering/classic/renderer.py", line 339, in __del__
    self.close()
  File "/home/nas_main/kinamkim/.local/lib/python3.10/site-packages/mujoco/rendering/classic/renderer.py", line 325, in close
    self._gl_context.free()
  File "/home/nas_main/kinamkim/.local/lib/python3.10/site-packages/mujoco/egl/__init__.py", line 133, in free
    EGL.eglDestroyContext(EGL_DISPLAY, self._context)
  File "/home/nas_main/kinamkim/.local/lib/python3.10/site-packages/OpenGL/error.py", line 230, in glCheckError
    raise self._errorClass(
OpenGL.raw.EGL._errors.EGLError: EGLError(
	err = EGL_NOT_INITIALIZED,
	baseOperation = eglDestroyContext,
	cArguments = (
		<OpenGL._opaque.EGLDisplay_pointer object at 0x7d448d3c1740>,
		<OpenGL._opaque.EGLContext_pointer object at 0x7d441442d840>,
	),
	result = 0
)
Exception ignored in: <function GLContext.__del__ at 0x7d44a2898310>
Traceback (most recent call last):
  File "/home/nas_main/kinamkim/.local/lib/python3.10/site-packages/mujoco/egl/__init__.py", line 138, in __del__
    self.free()
  File "/home/nas_main/kinamkim/.local/lib/python3.10/site-packages/mujoco/egl/__init__.py", line 133, in free
    EGL.eglDestroyContext(EGL_DISPLAY, self._context)
  File "/home/nas_main/kinamkim/.local/lib/python3.10/site-packages/OpenGL/error.py", line 230, in glCheckError
    raise self._errorClass(
OpenGL.raw.EGL._errors.EGLError: EGLError(
	err = EGL_NOT_INITIALIZED,
	baseOperation = eglDestroyContext,
	cArguments = (
		<OpenGL._opaque.EGLDisplay_pointer object at 0x7d448d3c1740>,
		<OpenGL._opaque.EGLContext_pointer object at 0x7d441442d840>,
	),
	result = 0
)
Exception ignored in: <function Renderer.__del__ at 0x7d44a2898af0>
Traceback (most recent call last):
  File "/home/nas_main/kinamkim/.local/lib/python3.10/site-packages/mujoco/rendering/classic/renderer.py", line 339, in __del__
    self.close()
  File "/home/nas_main/kinamkim/.local/lib/python3.10/site-packages/mujoco/rendering/classic/renderer.py", line 325, in close
    self._gl_context.free()
  File "/home/nas_main/kinamkim/.local/lib/python3.10/site-packages/mujoco/egl/__init__.py", line 133, in free
    EGL.eglDestroyContext(EGL_DISPLAY, self._context)
  File "/home/nas_main/kinamkim/.local/lib/python3.10/site-packages/OpenGL/error.py", line 230, in glCheckError
    raise self._errorClass(
OpenGL.raw.EGL._errors.EGLError: EGLError(
	err = EGL_NOT_INITIALIZED,
	baseOperation = eglDestroyContext,
	cArguments = (
		<OpenGL._opaque.EGLDisplay_pointer object at 0x7d448d3c1740>,
		<OpenGL._opaque.EGLContext_pointer object at 0x7d441442d8c0>,
	),
	result = 0
)
Exception ignored in: <function GLContext.__del__ at 0x7d44a2898310>
Traceback (most recent call last):
  File "/home/nas_main/kinamkim/.local/lib/python3.10/site-packages/mujoco/egl/__init__.py", line 138, in __del__
    self.free()
  File "/home/nas_main/kinamkim/.local/lib/python3.10/site-packages/mujoco/egl/__init__.py", line 133, in free
    EGL.eglDestroyContext(EGL_DISPLAY, self._context)
  File "/home/nas_main/kinamkim/.local/lib/python3.10/site-packages/OpenGL/error.py", line 230, in glCheckError
    raise self._errorClass(
OpenGL.raw.EGL._errors.EGLError: EGLError(
	err = EGL_NOT_INITIALIZED,
	baseOperation = eglDestroyContext,
	cArguments = (
		<OpenGL._opaque.EGLDisplay_pointer object at 0x7d448d3c1740>,
		<OpenGL._opaque.EGLContext_pointer object at 0x7d441442d8c0>,
	),
	result = 0
)
Exception ignored in: <function Renderer.__del__ at 0x7d44a2898af0>
Traceback (most recent call last):
  File "/home/nas_main/kinamkim/.local/lib/python3.10/site-packages/mujoco/rendering/classic/renderer.py", line 339, in __del__
    self.close()
  File "/home/nas_main/kinamkim/.local/lib/python3.10/site-packages/mujoco/rendering/classic/renderer.py", line 325, in close
    self._gl_context.free()
  File "/home/nas_main/kinamkim/.local/lib/python3.10/site-packages/mujoco/egl/__init__.py", line 133, in free
    EGL.eglDestroyContext(EGL_DISPLAY, self._context)
  File "/home/nas_main/kinamkim/.local/lib/python3.10/site-packages/OpenGL/error.py", line 230, in glCheckError
    raise self._errorClass(
OpenGL.raw.EGL._errors.EGLError: EGLError(
	err = EGL_NOT_INITIALIZED,
	baseOperation = eglDestroyContext,
	cArguments = (
		<OpenGL._opaque.EGLDisplay_pointer object at 0x7d448d3c1740>,
		<OpenGL._opaque.EGLContext_pointer object at 0x7d441442c4c0>,
	),
	result = 0
)
Exception ignored in: <function GLContext.__del__ at 0x7d44a2898310>
Traceback (most recent call last):
  File "/home/nas_main/kinamkim/.local/lib/python3.10/site-packages/mujoco/egl/__init__.py", line 138, in __del__
    self.free()
  File "/home/nas_main/kinamkim/.local/lib/python3.10/site-packages/mujoco/egl/__init__.py", line 133, in free
    EGL.eglDestroyContext(EGL_DISPLAY, self._context)
  File "/home/nas_main/kinamkim/.local/lib/python3.10/site-packages/OpenGL/error.py", line 230, in glCheckError
    raise self._errorClass(
OpenGL.raw.EGL._errors.EGLError: EGLError(
	err = EGL_NOT_INITIALIZED,
	baseOperation = eglDestroyContext,
	cArguments = (
		<OpenGL._opaque.EGLDisplay_pointer object at 0x7d448d3c1740>,
		<OpenGL._opaque.EGLContext_pointer object at 0x7d441442c4c0>,
	),
	result = 0
)
Exception ignored in: <function Renderer.__del__ at 0x7d44a2898af0>
Traceback (most recent call last):
  File "/home/nas_main/kinamkim/.local/lib/python3.10/site-packages/mujoco/rendering/classic/renderer.py", line 339, in __del__
    self.close()
  File "/home/nas_main/kinamkim/.local/lib/python3.10/site-packages/mujoco/rendering/classic/renderer.py", line 325, in close
    self._gl_context.free()
  File "/home/nas_main/kinamkim/.local/lib/python3.10/site-packages/mujoco/egl/__init__.py", line 133, in free
    EGL.eglDestroyContext(EGL_DISPLAY, self._context)
  File "/home/nas_main/kinamkim/.local/lib/python3.10/site-packages/OpenGL/error.py", line 230, in glCheckError
    raise self._errorClass(
OpenGL.raw.EGL._errors.EGLError: EGLError(
	err = EGL_NOT_INITIALIZED,
	baseOperation = eglDestroyContext,
	cArguments = (
		<OpenGL._opaque.EGLDisplay_pointer object at 0x7d448d3c1740>,
		<OpenGL._opaque.EGLContext_pointer object at 0x7d441442d7c0>,
	),
	result = 0
)
Exception ignored in: <function GLContext.__del__ at 0x7d44a2898310>
Traceback (most recent call last):
  File "/home/nas_main/kinamkim/.local/lib/python3.10/site-packages/mujoco/egl/__init__.py", line 138, in __del__
    self.free()
  File "/home/nas_main/kinamkim/.local/lib/python3.10/site-packages/mujoco/egl/__init__.py", line 133, in free
    EGL.eglDestroyContext(EGL_DISPLAY, self._context)
  File "/home/nas_main/kinamkim/.local/lib/python3.10/site-packages/OpenGL/error.py", line 230, in glCheckError
    raise self._errorClass(
OpenGL.raw.EGL._errors.EGLError: EGLError(
	err = EGL_NOT_INITIALIZED,
	baseOperation = eglDestroyContext,
	cArguments = (
		<OpenGL._opaque.EGLDisplay_pointer object at 0x7d448d3c1740>,
		<OpenGL._opaque.EGLContext_pointer object at 0x7d441442d7c0>,
	),
	result = 0
)
Exception ignored in: <function Renderer.__del__ at 0x7d44a2898af0>
Traceback (most recent call last):
  File "/home/nas_main/kinamkim/.local/lib/python3.10/site-packages/mujoco/rendering/classic/renderer.py", line 339, in __del__
    self.close()
  File "/home/nas_main/kinamkim/.local/lib/python3.10/site-packages/mujoco/rendering/classic/renderer.py", line 325, in close
    self._gl_context.free()
  File "/home/nas_main/kinamkim/.local/lib/python3.10/site-packages/mujoco/egl/__init__.py", line 133, in free
    EGL.eglDestroyContext(EGL_DISPLAY, self._context)
  File "/home/nas_main/kinamkim/.local/lib/python3.10/site-packages/OpenGL/error.py", line 230, in glCheckError
    raise self._errorClass(
OpenGL.raw.EGL._errors.EGLError: EGLError(
	err = EGL_NOT_INITIALIZED,
	baseOperation = eglDestroyContext,
	cArguments = (
		<OpenGL._opaque.EGLDisplay_pointer object at 0x7d448d3c1740>,
		<OpenGL._opaque.EGLContext_pointer object at 0x7d441442c340>,
	),
	result = 0
)
Exception ignored in: <function GLContext.__del__ at 0x7d44a2898310>
Traceback (most recent call last):
  File "/home/nas_main/kinamkim/.local/lib/python3.10/site-packages/mujoco/egl/__init__.py", line 138, in __del__
    self.free()
  File "/home/nas_main/kinamkim/.local/lib/python3.10/site-packages/mujoco/egl/__init__.py", line 133, in free
    EGL.eglDestroyContext(EGL_DISPLAY, self._context)
  File "/home/nas_main/kinamkim/.local/lib/python3.10/site-packages/OpenGL/error.py", line 230, in glCheckError
    raise self._errorClass(
OpenGL.raw.EGL._errors.EGLError: EGLError(
	err = EGL_NOT_INITIALIZED,
	baseOperation = eglDestroyContext,
	cArguments = (
		<OpenGL._opaque.EGLDisplay_pointer object at 0x7d448d3c1740>,
		<OpenGL._opaque.EGLContext_pointer object at 0x7d441442c340>,
	),
	result = 0
)
Exception ignored in: <function Renderer.__del__ at 0x7d44a2898af0>
Traceback (most recent call last):
  File "/home/nas_main/kinamkim/.local/lib/python3.10/site-packages/mujoco/rendering/classic/renderer.py", line 339, in __del__
    self.close()
  File "/home/nas_main/kinamkim/.local/lib/python3.10/site-packages/mujoco/rendering/classic/renderer.py", line 325, in close
    self._gl_context.free()
  File "/home/nas_main/kinamkim/.local/lib/python3.10/site-packages/mujoco/egl/__init__.py", line 133, in free
    EGL.eglDestroyContext(EGL_DISPLAY, self._context)
  File "/home/nas_main/kinamkim/.local/lib/python3.10/site-packages/OpenGL/error.py", line 230, in glCheckError
    raise self._errorClass(
OpenGL.raw.EGL._errors.EGLError: EGLError(
	err = EGL_NOT_INITIALIZED,
	baseOperation = eglDestroyContext,
	cArguments = (
		<OpenGL._opaque.EGLDisplay_pointer object at 0x7d448d3c1740>,
		<OpenGL._opaque.EGLContext_pointer object at 0x7d441442d640>,
	),
	result = 0
)
Exception ignored in: <function GLContext.__del__ at 0x7d44a2898310>
Traceback (most recent call last):
  File "/home/nas_main/kinamkim/.local/lib/python3.10/site-packages/mujoco/egl/__init__.py", line 138, in __del__
    self.free()
  File "/home/nas_main/kinamkim/.local/lib/python3.10/site-packages/mujoco/egl/__init__.py", line 133, in free
    EGL.eglDestroyContext(EGL_DISPLAY, self._context)
  File "/home/nas_main/kinamkim/.local/lib/python3.10/site-packages/OpenGL/error.py", line 230, in glCheckError
    raise self._errorClass(
OpenGL.raw.EGL._errors.EGLError: EGLError(
	err = EGL_NOT_INITIALIZED,
	baseOperation = eglDestroyContext,
	cArguments = (
		<OpenGL._opaque.EGLDisplay_pointer object at 0x7d448d3c1740>,
		<OpenGL._opaque.EGLContext_pointer object at 0x7d441442d640>,
	),
	result = 0
)
Exception ignored in: <function Renderer.__del__ at 0x7d44a2898af0>
Traceback (most recent call last):
  File "/home/nas_main/kinamkim/.local/lib/python3.10/site-packages/mujoco/rendering/classic/renderer.py", line 339, in __del__
    self.close()
  File "/home/nas_main/kinamkim/.local/lib/python3.10/site-packages/mujoco/rendering/classic/renderer.py", line 325, in close
    self._gl_context.free()
  File "/home/nas_main/kinamkim/.local/lib/python3.10/site-packages/mujoco/egl/__init__.py", line 133, in free
    EGL.eglDestroyContext(EGL_DISPLAY, self._context)
  File "/home/nas_main/kinamkim/.local/lib/python3.10/site-packages/OpenGL/error.py", line 230, in glCheckError
    raise self._errorClass(
OpenGL.raw.EGL._errors.EGLError: EGLError(
	err = EGL_NOT_INITIALIZED,
	baseOperation = eglDestroyContext,
	cArguments = (
		<OpenGL._opaque.EGLDisplay_pointer object at 0x7d448d3c1740>,
		<OpenGL._opaque.EGLContext_pointer object at 0x7d441442c740>,
	),
	result = 0
)
Exception ignored in: <function GLContext.__del__ at 0x7d44a2898310>
Traceback (most recent call last):
  File "/home/nas_main/kinamkim/.local/lib/python3.10/site-packages/mujoco/egl/__init__.py", line 138, in __del__
    self.free()
  File "/home/nas_main/kinamkim/.local/lib/python3.10/site-packages/mujoco/egl/__init__.py", line 133, in free
    EGL.eglDestroyContext(EGL_DISPLAY, self._context)
  File "/home/nas_main/kinamkim/.local/lib/python3.10/site-packages/OpenGL/error.py", line 230, in glCheckError
    raise self._errorClass(
OpenGL.raw.EGL._errors.EGLError: EGLError(
	err = EGL_NOT_INITIALIZED,
	baseOperation = eglDestroyContext,
	cArguments = (
		<OpenGL._opaque.EGLDisplay_pointer object at 0x7d448d3c1740>,
		<OpenGL._opaque.EGLContext_pointer object at 0x7d441442c740>,
	),
	result = 0
)
Exception ignored in: <function Renderer.__del__ at 0x7d44a2898af0>
Traceback (most recent call last):
  File "/home/nas_main/kinamkim/.local/lib/python3.10/site-packages/mujoco/rendering/classic/renderer.py", line 339, in __del__
    self.close()
  File "/home/nas_main/kinamkim/.local/lib/python3.10/site-packages/mujoco/rendering/classic/renderer.py", line 325, in close
    self._gl_context.free()
  File "/home/nas_main/kinamkim/.local/lib/python3.10/site-packages/mujoco/egl/__init__.py", line 133, in free
    EGL.eglDestroyContext(EGL_DISPLAY, self._context)
  File "/home/nas_main/kinamkim/.local/lib/python3.10/site-packages/OpenGL/error.py", line 230, in glCheckError
    raise self._errorClass(
OpenGL.raw.EGL._errors.EGLError: EGLError(
	err = EGL_NOT_INITIALIZED,
	baseOperation = eglDestroyContext,
	cArguments = (
		<OpenGL._opaque.EGLDisplay_pointer object at 0x7d448d3c1740>,
		<OpenGL._opaque.EGLContext_pointer object at 0x7d441442d4c0>,
	),
	result = 0
)
Exception ignored in: <function GLContext.__del__ at 0x7d44a2898310>
Traceback (most recent call last):
  File "/home/nas_main/kinamkim/.local/lib/python3.10/site-packages/mujoco/egl/__init__.py", line 138, in __del__
    self.free()
  File "/home/nas_main/kinamkim/.local/lib/python3.10/site-packages/mujoco/egl/__init__.py", line 133, in free
    EGL.eglDestroyContext(EGL_DISPLAY, self._context)
  File "/home/nas_main/kinamkim/.local/lib/python3.10/site-packages/OpenGL/error.py", line 230, in glCheckError
    raise self._errorClass(
OpenGL.raw.EGL._errors.EGLError: EGLError(
	err = EGL_NOT_INITIALIZED,
	baseOperation = eglDestroyContext,
	cArguments = (
		<OpenGL._opaque.EGLDisplay_pointer object at 0x7d448d3c1740>,
		<OpenGL._opaque.EGLContext_pointer object at 0x7d441442d4c0>,
	),
	result = 0
)
Exception ignored in: <function Renderer.__del__ at 0x7d44a2898af0>
Traceback (most recent call last):
  File "/home/nas_main/kinamkim/.local/lib/python3.10/site-packages/mujoco/rendering/classic/renderer.py", line 339, in __del__
    self.close()
  File "/home/nas_main/kinamkim/.local/lib/python3.10/site-packages/mujoco/rendering/classic/renderer.py", line 325, in close
    self._gl_context.free()
  File "/home/nas_main/kinamkim/.local/lib/python3.10/site-packages/mujoco/egl/__init__.py", line 133, in free
    EGL.eglDestroyContext(EGL_DISPLAY, self._context)
  File "/home/nas_main/kinamkim/.local/lib/python3.10/site-packages/OpenGL/error.py", line 230, in glCheckError
    raise self._errorClass(
OpenGL.raw.EGL._errors.EGLError: EGLError(
	err = EGL_NOT_INITIALIZED,
	baseOperation = eglDestroyContext,
	cArguments = (
		<OpenGL._opaque.EGLDisplay_pointer object at 0x7d448d3c1740>,
		<OpenGL._opaque.EGLContext_pointer object at 0x7d441442c5c0>,
	),
	result = 0
)
Exception ignored in: <function GLContext.__del__ at 0x7d44a2898310>
Traceback (most recent call last):
  File "/home/nas_main/kinamkim/.local/lib/python3.10/site-packages/mujoco/egl/__init__.py", line 138, in __del__
    self.free()
  File "/home/nas_main/kinamkim/.local/lib/python3.10/site-packages/mujoco/egl/__init__.py", line 133, in free
    EGL.eglDestroyContext(EGL_DISPLAY, self._context)
  File "/home/nas_main/kinamkim/.local/lib/python3.10/site-packages/OpenGL/error.py", line 230, in glCheckError
    raise self._errorClass(
OpenGL.raw.EGL._errors.EGLError: EGLError(
	err = EGL_NOT_INITIALIZED,
	baseOperation = eglDestroyContext,
	cArguments = (
		<OpenGL._opaque.EGLDisplay_pointer object at 0x7d448d3c1740>,
		<OpenGL._opaque.EGLContext_pointer object at 0x7d441442c5c0>,
	),
	result = 0
)
Exception ignored in: <function Renderer.__del__ at 0x7d44a2898af0>
Traceback (most recent call last):
  File "/home/nas_main/kinamkim/.local/lib/python3.10/site-packages/mujoco/rendering/classic/renderer.py", line 339, in __del__
    self.close()
  File "/home/nas_main/kinamkim/.local/lib/python3.10/site-packages/mujoco/rendering/classic/renderer.py", line 325, in close
    self._gl_context.free()
  File "/home/nas_main/kinamkim/.local/lib/python3.10/site-packages/mujoco/egl/__init__.py", line 133, in free
    EGL.eglDestroyContext(EGL_DISPLAY, self._context)
  File "/home/nas_main/kinamkim/.local/lib/python3.10/site-packages/OpenGL/error.py", line 230, in glCheckError
    raise self._errorClass(
OpenGL.raw.EGL._errors.EGLError: EGLError(
	err = EGL_NOT_INITIALIZED,
	baseOperation = eglDestroyContext,
	cArguments = (
		<OpenGL._opaque.EGLDisplay_pointer object at 0x7d448d3c1740>,
		<OpenGL._opaque.EGLContext_pointer object at 0x7d441442d340>,
	),
	result = 0
)
Exception ignored in: <function GLContext.__del__ at 0x7d44a2898310>
Traceback (most recent call last):
  File "/home/nas_main/kinamkim/.local/lib/python3.10/site-packages/mujoco/egl/__init__.py", line 138, in __del__
    self.free()
  File "/home/nas_main/kinamkim/.local/lib/python3.10/site-packages/mujoco/egl/__init__.py", line 133, in free
    EGL.eglDestroyContext(EGL_DISPLAY, self._context)
  File "/home/nas_main/kinamkim/.local/lib/python3.10/site-packages/OpenGL/error.py", line 230, in glCheckError
    raise self._errorClass(
OpenGL.raw.EGL._errors.EGLError: EGLError(
	err = EGL_NOT_INITIALIZED,
	baseOperation = eglDestroyContext,
	cArguments = (
		<OpenGL._opaque.EGLDisplay_pointer object at 0x7d448d3c1740>,
		<OpenGL._opaque.EGLContext_pointer object at 0x7d441442d340>,
	),
	result = 0
)
Exception ignored in: <function Renderer.__del__ at 0x7d44a2898af0>
Traceback (most recent call last):
  File "/home/nas_main/kinamkim/.local/lib/python3.10/site-packages/mujoco/rendering/classic/renderer.py", line 339, in __del__
    self.close()
  File "/home/nas_main/kinamkim/.local/lib/python3.10/site-packages/mujoco/rendering/classic/renderer.py", line 325, in close
    self._gl_context.free()
  File "/home/nas_main/kinamkim/.local/lib/python3.10/site-packages/mujoco/egl/__init__.py", line 133, in free
    EGL.eglDestroyContext(EGL_DISPLAY, self._context)
  File "/home/nas_main/kinamkim/.local/lib/python3.10/site-packages/OpenGL/error.py", line 230, in glCheckError
    raise self._errorClass(
OpenGL.raw.EGL._errors.EGLError: EGLError(
	err = EGL_NOT_INITIALIZED,
	baseOperation = eglDestroyContext,
	cArguments = (
		<OpenGL._opaque.EGLDisplay_pointer object at 0x7d448d3c1740>,
		<OpenGL._opaque.EGLContext_pointer object at 0x7d441442c440>,
	),
	result = 0
)
Exception ignored in: <function GLContext.__del__ at 0x7d44a2898310>
Traceback (most recent call last):
  File "/home/nas_main/kinamkim/.local/lib/python3.10/site-packages/mujoco/egl/__init__.py", line 138, in __del__
    self.free()
  File "/home/nas_main/kinamkim/.local/lib/python3.10/site-packages/mujoco/egl/__init__.py", line 133, in free
    EGL.eglDestroyContext(EGL_DISPLAY, self._context)
  File "/home/nas_main/kinamkim/.local/lib/python3.10/site-packages/OpenGL/error.py", line 230, in glCheckError
    raise self._errorClass(
OpenGL.raw.EGL._errors.EGLError: EGLError(
	err = EGL_NOT_INITIALIZED,
	baseOperation = eglDestroyContext,
	cArguments = (
		<OpenGL._opaque.EGLDisplay_pointer object at 0x7d448d3c1740>,
		<OpenGL._opaque.EGLContext_pointer object at 0x7d441442c440>,
	),
	result = 0
)
Exception ignored in: <function Renderer.__del__ at 0x7d44a2898af0>
Traceback (most recent call last):
  File "/home/nas_main/kinamkim/.local/lib/python3.10/site-packages/mujoco/rendering/classic/renderer.py", line 339, in __del__
    self.close()
  File "/home/nas_main/kinamkim/.local/lib/python3.10/site-packages/mujoco/rendering/classic/renderer.py", line 325, in close
    self._gl_context.free()
  File "/home/nas_main/kinamkim/.local/lib/python3.10/site-packages/mujoco/egl/__init__.py", line 133, in free
    EGL.eglDestroyContext(EGL_DISPLAY, self._context)
  File "/home/nas_main/kinamkim/.local/lib/python3.10/site-packages/OpenGL/error.py", line 230, in glCheckError
    raise self._errorClass(
OpenGL.raw.EGL._errors.EGLError: EGLError(
	err = EGL_NOT_INITIALIZED,
	baseOperation = eglDestroyContext,
	cArguments = (
		<OpenGL._opaque.EGLDisplay_pointer object at 0x7d448d3c1740>,
		<OpenGL._opaque.EGLContext_pointer object at 0x7d441442d1c0>,
	),
	result = 0
)
Exception ignored in: <function GLContext.__del__ at 0x7d44a2898310>
Traceback (most recent call last):
  File "/home/nas_main/kinamkim/.local/lib/python3.10/site-packages/mujoco/egl/__init__.py", line 138, in __del__
    self.free()
  File "/home/nas_main/kinamkim/.local/lib/python3.10/site-packages/mujoco/egl/__init__.py", line 133, in free
    EGL.eglDestroyContext(EGL_DISPLAY, self._context)
  File "/home/nas_main/kinamkim/.local/lib/python3.10/site-packages/OpenGL/error.py", line 230, in glCheckError
    raise self._errorClass(
OpenGL.raw.EGL._errors.EGLError: EGLError(
	err = EGL_NOT_INITIALIZED,
	baseOperation = eglDestroyContext,
	cArguments = (
		<OpenGL._opaque.EGLDisplay_pointer object at 0x7d448d3c1740>,
		<OpenGL._opaque.EGLContext_pointer object at 0x7d441442d1c0>,
	),
	result = 0
)
Exception ignored in: <function Renderer.__del__ at 0x7d44a2898af0>
Traceback (most recent call last):
  File "/home/nas_main/kinamkim/.local/lib/python3.10/site-packages/mujoco/rendering/classic/renderer.py", line 339, in __del__
    self.close()
  File "/home/nas_main/kinamkim/.local/lib/python3.10/site-packages/mujoco/rendering/classic/renderer.py", line 325, in close
    self._gl_context.free()
  File "/home/nas_main/kinamkim/.local/lib/python3.10/site-packages/mujoco/egl/__init__.py", line 133, in free
    EGL.eglDestroyContext(EGL_DISPLAY, self._context)
  File "/home/nas_main/kinamkim/.local/lib/python3.10/site-packages/OpenGL/error.py", line 230, in glCheckError
    raise self._errorClass(
OpenGL.raw.EGL._errors.EGLError: EGLError(
	err = EGL_NOT_INITIALIZED,
	baseOperation = eglDestroyContext,
	cArguments = (
		<OpenGL._opaque.EGLDisplay_pointer object at 0x7d448d3c1740>,
		<OpenGL._opaque.EGLContext_pointer object at 0x7d441442c2c0>,
	),
	result = 0
)
Exception ignored in: <function GLContext.__del__ at 0x7d44a2898310>
Traceback (most recent call last):
  File "/home/nas_main/kinamkim/.local/lib/python3.10/site-packages/mujoco/egl/__init__.py", line 138, in __del__
    self.free()
  File "/home/nas_main/kinamkim/.local/lib/python3.10/site-packages/mujoco/egl/__init__.py", line 133, in free
    EGL.eglDestroyContext(EGL_DISPLAY, self._context)
  File "/home/nas_main/kinamkim/.local/lib/python3.10/site-packages/OpenGL/error.py", line 230, in glCheckError
    raise self._errorClass(
OpenGL.raw.EGL._errors.EGLError: EGLError(
	err = EGL_NOT_INITIALIZED,
	baseOperation = eglDestroyContext,
	cArguments = (
		<OpenGL._opaque.EGLDisplay_pointer object at 0x7d448d3c1740>,
		<OpenGL._opaque.EGLContext_pointer object at 0x7d441442c2c0>,
	),
	result = 0
)
Exception ignored in: <function Renderer.__del__ at 0x7d44a2898af0>
Traceback (most recent call last):
  File "/home/nas_main/kinamkim/.local/lib/python3.10/site-packages/mujoco/rendering/classic/renderer.py", line 339, in __del__
    self.close()
  File "/home/nas_main/kinamkim/.local/lib/python3.10/site-packages/mujoco/rendering/classic/renderer.py", line 325, in close
    self._gl_context.free()
  File "/home/nas_main/kinamkim/.local/lib/python3.10/site-packages/mujoco/egl/__init__.py", line 133, in free
    EGL.eglDestroyContext(EGL_DISPLAY, self._context)
  File "/home/nas_main/kinamkim/.local/lib/python3.10/site-packages/OpenGL/error.py", line 230, in glCheckError
    raise self._errorClass(
OpenGL.raw.EGL._errors.EGLError: EGLError(
	err = EGL_NOT_INITIALIZED,
	baseOperation = eglDestroyContext,
	cArguments = (
		<OpenGL._opaque.EGLDisplay_pointer object at 0x7d448d3c1740>,
		<OpenGL._opaque.EGLContext_pointer object at 0x7d441442d040>,
	),
	result = 0
)
Exception ignored in: <function GLContext.__del__ at 0x7d44a2898310>
Traceback (most recent call last):
  File "/home/nas_main/kinamkim/.local/lib/python3.10/site-packages/mujoco/egl/__init__.py", line 138, in __del__
    self.free()
  File "/home/nas_main/kinamkim/.local/lib/python3.10/site-packages/mujoco/egl/__init__.py", line 133, in free
    EGL.eglDestroyContext(EGL_DISPLAY, self._context)
  File "/home/nas_main/kinamkim/.local/lib/python3.10/site-packages/OpenGL/error.py", line 230, in glCheckError
    raise self._errorClass(
OpenGL.raw.EGL._errors.EGLError: EGLError(
	err = EGL_NOT_INITIALIZED,
	baseOperation = eglDestroyContext,
	cArguments = (
		<OpenGL._opaque.EGLDisplay_pointer object at 0x7d448d3c1740>,
		<OpenGL._opaque.EGLContext_pointer object at 0x7d441442d040>,
	),
	result = 0
)
Exception ignored in: <function Renderer.__del__ at 0x7d44a2898af0>
Traceback (most recent call last):
  File "/home/nas_main/kinamkim/.local/lib/python3.10/site-packages/mujoco/rendering/classic/renderer.py", line 339, in __del__
    self.close()
  File "/home/nas_main/kinamkim/.local/lib/python3.10/site-packages/mujoco/rendering/classic/renderer.py", line 325, in close
    self._gl_context.free()
  File "/home/nas_main/kinamkim/.local/lib/python3.10/site-packages/mujoco/egl/__init__.py", line 133, in free
    EGL.eglDestroyContext(EGL_DISPLAY, self._context)
  File "/home/nas_main/kinamkim/.local/lib/python3.10/site-packages/OpenGL/error.py", line 230, in glCheckError
    raise self._errorClass(
OpenGL.raw.EGL._errors.EGLError: EGLError(
	err = EGL_NOT_INITIALIZED,
	baseOperation = eglDestroyContext,
	cArguments = (
		<OpenGL._opaque.EGLDisplay_pointer object at 0x7d448d3c1740>,
		<OpenGL._opaque.EGLContext_pointer object at 0x7d441442c240>,
	),
	result = 0
)
Exception ignored in: <function GLContext.__del__ at 0x7d44a2898310>
Traceback (most recent call last):
  File "/home/nas_main/kinamkim/.local/lib/python3.10/site-packages/mujoco/egl/__init__.py", line 138, in __del__
    self.free()
  File "/home/nas_main/kinamkim/.local/lib/python3.10/site-packages/mujoco/egl/__init__.py", line 133, in free
    EGL.eglDestroyContext(EGL_DISPLAY, self._context)
  File "/home/nas_main/kinamkim/.local/lib/python3.10/site-packages/OpenGL/error.py", line 230, in glCheckError
    raise self._errorClass(
OpenGL.raw.EGL._errors.EGLError: EGLError(
	err = EGL_NOT_INITIALIZED,
	baseOperation = eglDestroyContext,
	cArguments = (
		<OpenGL._opaque.EGLDisplay_pointer object at 0x7d448d3c1740>,
		<OpenGL._opaque.EGLContext_pointer object at 0x7d441442c240>,
	),
	result = 0
)
Exception ignored in: <function Renderer.__del__ at 0x7d44a2898af0>
Traceback (most recent call last):
  File "/home/nas_main/kinamkim/.local/lib/python3.10/site-packages/mujoco/rendering/classic/renderer.py", line 339, in __del__
    self.close()
  File "/home/nas_main/kinamkim/.local/lib/python3.10/site-packages/mujoco/rendering/classic/renderer.py", line 325, in close
    self._gl_context.free()
  File "/home/nas_main/kinamkim/.local/lib/python3.10/site-packages/mujoco/egl/__init__.py", line 133, in free
    EGL.eglDestroyContext(EGL_DISPLAY, self._context)
  File "/home/nas_main/kinamkim/.local/lib/python3.10/site-packages/OpenGL/error.py", line 230, in glCheckError
    raise self._errorClass(
OpenGL.raw.EGL._errors.EGLError: EGLError(
	err = EGL_NOT_INITIALIZED,
	baseOperation = eglDestroyContext,
	cArguments = (
		<OpenGL._opaque.EGLDisplay_pointer object at 0x7d448d3c1740>,
		<OpenGL._opaque.EGLContext_pointer object at 0x7d441442cec0>,
	),
	result = 0
)
Exception ignored in: <function GLContext.__del__ at 0x7d44a2898310>
Traceback (most recent call last):
  File "/home/nas_main/kinamkim/.local/lib/python3.10/site-packages/mujoco/egl/__init__.py", line 138, in __del__
    self.free()
  File "/home/nas_main/kinamkim/.local/lib/python3.10/site-packages/mujoco/egl/__init__.py", line 133, in free
    EGL.eglDestroyContext(EGL_DISPLAY, self._context)
  File "/home/nas_main/kinamkim/.local/lib/python3.10/site-packages/OpenGL/error.py", line 230, in glCheckError
    raise self._errorClass(
OpenGL.raw.EGL._errors.EGLError: EGLError(
	err = EGL_NOT_INITIALIZED,
	baseOperation = eglDestroyContext,
	cArguments = (
		<OpenGL._opaque.EGLDisplay_pointer object at 0x7d448d3c1740>,
		<OpenGL._opaque.EGLContext_pointer object at 0x7d441442cec0>,
	),
	result = 0
)
Exception ignored in: <function Renderer.__del__ at 0x7d44a2898af0>
Traceback (most recent call last):
  File "/home/nas_main/kinamkim/.local/lib/python3.10/site-packages/mujoco/rendering/classic/renderer.py", line 339, in __del__
    self.close()
  File "/home/nas_main/kinamkim/.local/lib/python3.10/site-packages/mujoco/rendering/classic/renderer.py", line 325, in close
    self._gl_context.free()
  File "/home/nas_main/kinamkim/.local/lib/python3.10/site-packages/mujoco/egl/__init__.py", line 133, in free
    EGL.eglDestroyContext(EGL_DISPLAY, self._context)
  File "/home/nas_main/kinamkim/.local/lib/python3.10/site-packages/OpenGL/error.py", line 230, in glCheckError
    raise self._errorClass(
OpenGL.raw.EGL._errors.EGLError: EGLError(
	err = EGL_NOT_INITIALIZED,
	baseOperation = eglDestroyContext,
	cArguments = (
		<OpenGL._opaque.EGLDisplay_pointer object at 0x7d448d3c1740>,
		<OpenGL._opaque.EGLContext_pointer object at 0x7d441442c1c0>,
	),
	result = 0
)
Exception ignored in: <function GLContext.__del__ at 0x7d44a2898310>
Traceback (most recent call last):
  File "/home/nas_main/kinamkim/.local/lib/python3.10/site-packages/mujoco/egl/__init__.py", line 138, in __del__
    self.free()
  File "/home/nas_main/kinamkim/.local/lib/python3.10/site-packages/mujoco/egl/__init__.py", line 133, in free
    EGL.eglDestroyContext(EGL_DISPLAY, self._context)
  File "/home/nas_main/kinamkim/.local/lib/python3.10/site-packages/OpenGL/error.py", line 230, in glCheckError
    raise self._errorClass(
OpenGL.raw.EGL._errors.EGLError: EGLError(
	err = EGL_NOT_INITIALIZED,
	baseOperation = eglDestroyContext,
	cArguments = (
		<OpenGL._opaque.EGLDisplay_pointer object at 0x7d448d3c1740>,
		<OpenGL._opaque.EGLContext_pointer object at 0x7d441442c1c0>,
	),
	result = 0
)
Exception ignored in: <function Renderer.__del__ at 0x7d44a2898af0>
Traceback (most recent call last):
  File "/home/nas_main/kinamkim/.local/lib/python3.10/site-packages/mujoco/rendering/classic/renderer.py", line 339, in __del__
    self.close()
  File "/home/nas_main/kinamkim/.local/lib/python3.10/site-packages/mujoco/rendering/classic/renderer.py", line 325, in close
    self._gl_context.free()
  File "/home/nas_main/kinamkim/.local/lib/python3.10/site-packages/mujoco/egl/__init__.py", line 133, in free
    EGL.eglDestroyContext(EGL_DISPLAY, self._context)
  File "/home/nas_main/kinamkim/.local/lib/python3.10/site-packages/OpenGL/error.py", line 230, in glCheckError
    raise self._errorClass(
OpenGL.raw.EGL._errors.EGLError: EGLError(
	err = EGL_NOT_INITIALIZED,
	baseOperation = eglDestroyContext,
	cArguments = (
		<OpenGL._opaque.EGLDisplay_pointer object at 0x7d448d3c1740>,
		<OpenGL._opaque.EGLContext_pointer object at 0x7d441442cd40>,
	),
	result = 0
)
Exception ignored in: <function GLContext.__del__ at 0x7d44a2898310>
Traceback (most recent call last):
  File "/home/nas_main/kinamkim/.local/lib/python3.10/site-packages/mujoco/egl/__init__.py", line 138, in __del__
    self.free()
  File "/home/nas_main/kinamkim/.local/lib/python3.10/site-packages/mujoco/egl/__init__.py", line 133, in free
    EGL.eglDestroyContext(EGL_DISPLAY, self._context)
  File "/home/nas_main/kinamkim/.local/lib/python3.10/site-packages/OpenGL/error.py", line 230, in glCheckError
    raise self._errorClass(
OpenGL.raw.EGL._errors.EGLError: EGLError(
	err = EGL_NOT_INITIALIZED,
	baseOperation = eglDestroyContext,
	cArguments = (
		<OpenGL._opaque.EGLDisplay_pointer object at 0x7d448d3c1740>,
		<OpenGL._opaque.EGLContext_pointer object at 0x7d441442cd40>,
	),
	result = 0
)
Exception ignored in: <function Renderer.__del__ at 0x7d44a2898af0>
Traceback (most recent call last):
  File "/home/nas_main/kinamkim/.local/lib/python3.10/site-packages/mujoco/rendering/classic/renderer.py", line 339, in __del__
    self.close()
  File "/home/nas_main/kinamkim/.local/lib/python3.10/site-packages/mujoco/rendering/classic/renderer.py", line 325, in close
    self._gl_context.free()
  File "/home/nas_main/kinamkim/.local/lib/python3.10/site-packages/mujoco/egl/__init__.py", line 133, in free
    EGL.eglDestroyContext(EGL_DISPLAY, self._context)
  File "/home/nas_main/kinamkim/.local/lib/python3.10/site-packages/OpenGL/error.py", line 230, in glCheckError
    raise self._errorClass(
OpenGL.raw.EGL._errors.EGLError: EGLError(
	err = EGL_NOT_INITIALIZED,
	baseOperation = eglDestroyContext,
	cArguments = (
		<OpenGL._opaque.EGLDisplay_pointer object at 0x7d448d3c1740>,
		<OpenGL._opaque.EGLContext_pointer object at 0x7d441442c0c0>,
	),
	result = 0
)
Exception ignored in: <function GLContext.__del__ at 0x7d44a2898310>
Traceback (most recent call last):
  File "/home/nas_main/kinamkim/.local/lib/python3.10/site-packages/mujoco/egl/__init__.py", line 138, in __del__
    self.free()
  File "/home/nas_main/kinamkim/.local/lib/python3.10/site-packages/mujoco/egl/__init__.py", line 133, in free
    EGL.eglDestroyContext(EGL_DISPLAY, self._context)
  File "/home/nas_main/kinamkim/.local/lib/python3.10/site-packages/OpenGL/error.py", line 230, in glCheckError
    raise self._errorClass(
OpenGL.raw.EGL._errors.EGLError: EGLError(
	err = EGL_NOT_INITIALIZED,
	baseOperation = eglDestroyContext,
	cArguments = (
		<OpenGL._opaque.EGLDisplay_pointer object at 0x7d448d3c1740>,
		<OpenGL._opaque.EGLContext_pointer object at 0x7d441442c0c0>,
	),
	result = 0
)
Exception ignored in: <function Renderer.__del__ at 0x7d44a2898af0>
Traceback (most recent call last):
  File "/home/nas_main/kinamkim/.local/lib/python3.10/site-packages/mujoco/rendering/classic/renderer.py", line 339, in __del__
    self.close()
  File "/home/nas_main/kinamkim/.local/lib/python3.10/site-packages/mujoco/rendering/classic/renderer.py", line 325, in close
    self._gl_context.free()
  File "/home/nas_main/kinamkim/.local/lib/python3.10/site-packages/mujoco/egl/__init__.py", line 133, in free
    EGL.eglDestroyContext(EGL_DISPLAY, self._context)
  File "/home/nas_main/kinamkim/.local/lib/python3.10/site-packages/OpenGL/error.py", line 230, in glCheckError
    raise self._errorClass(
OpenGL.raw.EGL._errors.EGLError: EGLError(
	err = EGL_NOT_INITIALIZED,
	baseOperation = eglDestroyContext,
	cArguments = (
		<OpenGL._opaque.EGLDisplay_pointer object at 0x7d448d3c1740>,
		<OpenGL._opaque.EGLContext_pointer object at 0x7d441442cb40>,
	),
	result = 0
)
Exception ignored in: <function GLContext.__del__ at 0x7d44a2898310>
Traceback (most recent call last):
  File "/home/nas_main/kinamkim/.local/lib/python3.10/site-packages/mujoco/egl/__init__.py", line 138, in __del__
    self.free()
  File "/home/nas_main/kinamkim/.local/lib/python3.10/site-packages/mujoco/egl/__init__.py", line 133, in free
    EGL.eglDestroyContext(EGL_DISPLAY, self._context)
  File "/home/nas_main/kinamkim/.local/lib/python3.10/site-packages/OpenGL/error.py", line 230, in glCheckError
    raise self._errorClass(
OpenGL.raw.EGL._errors.EGLError: EGLError(
	err = EGL_NOT_INITIALIZED,
	baseOperation = eglDestroyContext,
	cArguments = (
		<OpenGL._opaque.EGLDisplay_pointer object at 0x7d448d3c1740>,
		<OpenGL._opaque.EGLContext_pointer object at 0x7d441442cb40>,
	),
	result = 0
)
Exception ignored in: <function Renderer.__del__ at 0x7d44a2898af0>
Traceback (most recent call last):
  File "/home/nas_main/kinamkim/.local/lib/python3.10/site-packages/mujoco/rendering/classic/renderer.py", line 339, in __del__
    self.close()
  File "/home/nas_main/kinamkim/.local/lib/python3.10/site-packages/mujoco/rendering/classic/renderer.py", line 325, in close
    self._gl_context.free()
  File "/home/nas_main/kinamkim/.local/lib/python3.10/site-packages/mujoco/egl/__init__.py", line 133, in free
    EGL.eglDestroyContext(EGL_DISPLAY, self._context)
  File "/home/nas_main/kinamkim/.local/lib/python3.10/site-packages/OpenGL/error.py", line 230, in glCheckError
    raise self._errorClass(
OpenGL.raw.EGL._errors.EGLError: EGLError(
	err = EGL_NOT_INITIALIZED,
	baseOperation = eglDestroyContext,
	cArguments = (
		<OpenGL._opaque.EGLDisplay_pointer object at 0x7d448d3c1740>,
		<OpenGL._opaque.EGLContext_pointer object at 0x7d441442c040>,
	),
	result = 0
)
Exception ignored in: <function GLContext.__del__ at 0x7d44a2898310>
Traceback (most recent call last):
  File "/home/nas_main/kinamkim/.local/lib/python3.10/site-packages/mujoco/egl/__init__.py", line 138, in __del__
    self.free()
  File "/home/nas_main/kinamkim/.local/lib/python3.10/site-packages/mujoco/egl/__init__.py", line 133, in free
    EGL.eglDestroyContext(EGL_DISPLAY, self._context)
  File "/home/nas_main/kinamkim/.local/lib/python3.10/site-packages/OpenGL/error.py", line 230, in glCheckError
    raise self._errorClass(
OpenGL.raw.EGL._errors.EGLError: EGLError(
	err = EGL_NOT_INITIALIZED,
	baseOperation = eglDestroyContext,
	cArguments = (
		<OpenGL._opaque.EGLDisplay_pointer object at 0x7d448d3c1740>,
		<OpenGL._opaque.EGLContext_pointer object at 0x7d441442c040>,
	),
	result = 0
)
Exception ignored in: <function Renderer.__del__ at 0x7d44a2898af0>
Traceback (most recent call last):
  File "/home/nas_main/kinamkim/.local/lib/python3.10/site-packages/mujoco/rendering/classic/renderer.py", line 339, in __del__
    self.close()
  File "/home/nas_main/kinamkim/.local/lib/python3.10/site-packages/mujoco/rendering/classic/renderer.py", line 325, in close
    self._gl_context.free()
  File "/home/nas_main/kinamkim/.local/lib/python3.10/site-packages/mujoco/egl/__init__.py", line 133, in free
    EGL.eglDestroyContext(EGL_DISPLAY, self._context)
  File "/home/nas_main/kinamkim/.local/lib/python3.10/site-packages/OpenGL/error.py", line 230, in glCheckError
    raise self._errorClass(
OpenGL.raw.EGL._errors.EGLError: EGLError(
	err = EGL_NOT_INITIALIZED,
	baseOperation = eglDestroyContext,
	cArguments = (
		<OpenGL._opaque.EGLDisplay_pointer object at 0x7d448d3c1740>,
		<OpenGL._opaque.EGLContext_pointer object at 0x7d441442c9c0>,
	),
	result = 0
)
Exception ignored in: <function GLContext.__del__ at 0x7d44a2898310>
Traceback (most recent call last):
  File "/home/nas_main/kinamkim/.local/lib/python3.10/site-packages/mujoco/egl/__init__.py", line 138, in __del__
    self.free()
  File "/home/nas_main/kinamkim/.local/lib/python3.10/site-packages/mujoco/egl/__init__.py", line 133, in free
    EGL.eglDestroyContext(EGL_DISPLAY, self._context)
  File "/home/nas_main/kinamkim/.local/lib/python3.10/site-packages/OpenGL/error.py", line 230, in glCheckError
    raise self._errorClass(
OpenGL.raw.EGL._errors.EGLError: EGLError(
	err = EGL_NOT_INITIALIZED,
	baseOperation = eglDestroyContext,
	cArguments = (
		<OpenGL._opaque.EGLDisplay_pointer object at 0x7d448d3c1740>,
		<OpenGL._opaque.EGLContext_pointer object at 0x7d441442c9c0>,
	),
	result = 0
)
Exception ignored in: <function Renderer.__del__ at 0x7d44a2898af0>
Traceback (most recent call last):
  File "/home/nas_main/kinamkim/.local/lib/python3.10/site-packages/mujoco/rendering/classic/renderer.py", line 339, in __del__
    self.close()
  File "/home/nas_main/kinamkim/.local/lib/python3.10/site-packages/mujoco/rendering/classic/renderer.py", line 325, in close
    self._gl_context.free()
  File "/home/nas_main/kinamkim/.local/lib/python3.10/site-packages/mujoco/egl/__init__.py", line 133, in free
    EGL.eglDestroyContext(EGL_DISPLAY, self._context)
  File "/home/nas_main/kinamkim/.local/lib/python3.10/site-packages/OpenGL/error.py", line 230, in glCheckError
    raise self._errorClass(
OpenGL.raw.EGL._errors.EGLError: EGLError(
	err = EGL_NOT_INITIALIZED,
	baseOperation = eglDestroyContext,
	cArguments = (
		<OpenGL._opaque.EGLDisplay_pointer object at 0x7d448d3c1740>,
		<OpenGL._opaque.EGLContext_pointer object at 0x7d441442c840>,
	),
	result = 0
)
Exception ignored in: <function GLContext.__del__ at 0x7d44a2898310>
Traceback (most recent call last):
  File "/home/nas_main/kinamkim/.local/lib/python3.10/site-packages/mujoco/egl/__init__.py", line 138, in __del__
    self.free()
  File "/home/nas_main/kinamkim/.local/lib/python3.10/site-packages/mujoco/egl/__init__.py", line 133, in free
    EGL.eglDestroyContext(EGL_DISPLAY, self._context)
  File "/home/nas_main/kinamkim/.local/lib/python3.10/site-packages/OpenGL/error.py", line 230, in glCheckError
    raise self._errorClass(
OpenGL.raw.EGL._errors.EGLError: EGLError(
	err = EGL_NOT_INITIALIZED,
	baseOperation = eglDestroyContext,
	cArguments = (
		<OpenGL._opaque.EGLDisplay_pointer object at 0x7d448d3c1740>,
		<OpenGL._opaque.EGLContext_pointer object at 0x7d441442c840>,
	),
	result = 0
)
Exception ignored in: <function Renderer.__del__ at 0x7d44a2898af0>
Traceback (most recent call last):
  File "/home/nas_main/kinamkim/.local/lib/python3.10/site-packages/mujoco/rendering/classic/renderer.py", line 339, in __del__
    self.close()
  File "/home/nas_main/kinamkim/.local/lib/python3.10/site-packages/mujoco/rendering/classic/renderer.py", line 325, in close
    self._gl_context.free()
  File "/home/nas_main/kinamkim/.local/lib/python3.10/site-packages/mujoco/egl/__init__.py", line 133, in free
    EGL.eglDestroyContext(EGL_DISPLAY, self._context)
  File "/home/nas_main/kinamkim/.local/lib/python3.10/site-packages/OpenGL/error.py", line 230, in glCheckError
    raise self._errorClass(
OpenGL.raw.EGL._errors.EGLError: EGLError(
	err = EGL_NOT_INITIALIZED,
	baseOperation = eglDestroyContext,
	cArguments = (
		<OpenGL._opaque.EGLDisplay_pointer object at 0x7d448d3c1740>,
		<OpenGL._opaque.EGLContext_pointer object at 0x7d441442c8c0>,
	),
	result = 0
)
Exception ignored in: <function GLContext.__del__ at 0x7d44a2898310>
Traceback (most recent call last):
  File "/home/nas_main/kinamkim/.local/lib/python3.10/site-packages/mujoco/egl/__init__.py", line 138, in __del__
    self.free()
  File "/home/nas_main/kinamkim/.local/lib/python3.10/site-packages/mujoco/egl/__init__.py", line 133, in free
    EGL.eglDestroyContext(EGL_DISPLAY, self._context)
  File "/home/nas_main/kinamkim/.local/lib/python3.10/site-packages/OpenGL/error.py", line 230, in glCheckError
    raise self._errorClass(
OpenGL.raw.EGL._errors.EGLError: EGLError(
	err = EGL_NOT_INITIALIZED,
	baseOperation = eglDestroyContext,
	cArguments = (
		<OpenGL._opaque.EGLDisplay_pointer object at 0x7d448d3c1740>,
		<OpenGL._opaque.EGLContext_pointer object at 0x7d441442c8c0>,
	),
	result = 0
)
Exception ignored in: <function Renderer.__del__ at 0x7d44a2898af0>
Traceback (most recent call last):
  File "/home/nas_main/kinamkim/.local/lib/python3.10/site-packages/mujoco/rendering/classic/renderer.py", line 339, in __del__
    self.close()
  File "/home/nas_main/kinamkim/.local/lib/python3.10/site-packages/mujoco/rendering/classic/renderer.py", line 325, in close
    self._gl_context.free()
  File "/home/nas_main/kinamkim/.local/lib/python3.10/site-packages/mujoco/egl/__init__.py", line 133, in free
    EGL.eglDestroyContext(EGL_DISPLAY, self._context)
  File "/home/nas_main/kinamkim/.local/lib/python3.10/site-packages/OpenGL/error.py", line 230, in glCheckError
    raise self._errorClass(
OpenGL.raw.EGL._errors.EGLError: EGLError(
	err = EGL_NOT_INITIALIZED,
	baseOperation = eglDestroyContext,
	cArguments = (
		<OpenGL._opaque.EGLDisplay_pointer object at 0x7d448d3c1740>,
		<OpenGL._opaque.EGLContext_pointer object at 0x7d447edffdc0>,
	),
	result = 0
)
Exception ignored in: <function GLContext.__del__ at 0x7d44a2898310>
Traceback (most recent call last):
  File "/home/nas_main/kinamkim/.local/lib/python3.10/site-packages/mujoco/egl/__init__.py", line 138, in __del__
    self.free()
  File "/home/nas_main/kinamkim/.local/lib/python3.10/site-packages/mujoco/egl/__init__.py", line 133, in free
    EGL.eglDestroyContext(EGL_DISPLAY, self._context)
  File "/home/nas_main/kinamkim/.local/lib/python3.10/site-packages/OpenGL/error.py", line 230, in glCheckError
    raise self._errorClass(
OpenGL.raw.EGL._errors.EGLError: EGLError(
	err = EGL_NOT_INITIALIZED,
	baseOperation = eglDestroyContext,
	cArguments = (
		<OpenGL._opaque.EGLDisplay_pointer object at 0x7d448d3c1740>,
		<OpenGL._opaque.EGLContext_pointer object at 0x7d447edffdc0>,
	),
	result = 0
)
Exception ignored in: <function Renderer.__del__ at 0x7d44a2898af0>
Traceback (most recent call last):
  File "/home/nas_main/kinamkim/.local/lib/python3.10/site-packages/mujoco/rendering/classic/renderer.py", line 339, in __del__
    self.close()
  File "/home/nas_main/kinamkim/.local/lib/python3.10/site-packages/mujoco/rendering/classic/renderer.py", line 325, in close
    self._gl_context.free()
  File "/home/nas_main/kinamkim/.local/lib/python3.10/site-packages/mujoco/egl/__init__.py", line 133, in free
    EGL.eglDestroyContext(EGL_DISPLAY, self._context)
  File "/home/nas_main/kinamkim/.local/lib/python3.10/site-packages/OpenGL/error.py", line 230, in glCheckError
    raise self._errorClass(
OpenGL.raw.EGL._errors.EGLError: EGLError(
	err = EGL_NOT_INITIALIZED,
	baseOperation = eglDestroyContext,
	cArguments = (
		<OpenGL._opaque.EGLDisplay_pointer object at 0x7d448d3c1740>,
		<OpenGL._opaque.EGLContext_pointer object at 0x7d447edffc40>,
	),
	result = 0
)
Exception ignored in: <function GLContext.__del__ at 0x7d44a2898310>
Traceback (most recent call last):
  File "/home/nas_main/kinamkim/.local/lib/python3.10/site-packages/mujoco/egl/__init__.py", line 138, in __del__
    self.free()
  File "/home/nas_main/kinamkim/.local/lib/python3.10/site-packages/mujoco/egl/__init__.py", line 133, in free
    EGL.eglDestroyContext(EGL_DISPLAY, self._context)
  File "/home/nas_main/kinamkim/.local/lib/python3.10/site-packages/OpenGL/error.py", line 230, in glCheckError
    raise self._errorClass(
OpenGL.raw.EGL._errors.EGLError: EGLError(
	err = EGL_NOT_INITIALIZED,
	baseOperation = eglDestroyContext,
	cArguments = (
		<OpenGL._opaque.EGLDisplay_pointer object at 0x7d448d3c1740>,
		<OpenGL._opaque.EGLContext_pointer object at 0x7d447edffc40>,
	),
	result = 0
)
Exception ignored in: <function Renderer.__del__ at 0x7d44a2898af0>
Traceback (most recent call last):
  File "/home/nas_main/kinamkim/.local/lib/python3.10/site-packages/mujoco/rendering/classic/renderer.py", line 339, in __del__
    self.close()
  File "/home/nas_main/kinamkim/.local/lib/python3.10/site-packages/mujoco/rendering/classic/renderer.py", line 325, in close
    self._gl_context.free()
  File "/home/nas_main/kinamkim/.local/lib/python3.10/site-packages/mujoco/egl/__init__.py", line 133, in free
    EGL.eglDestroyContext(EGL_DISPLAY, self._context)
  File "/home/nas_main/kinamkim/.local/lib/python3.10/site-packages/OpenGL/error.py", line 230, in glCheckError
    raise self._errorClass(
OpenGL.raw.EGL._errors.EGLError: EGLError(
	err = EGL_NOT_INITIALIZED,
	baseOperation = eglDestroyContext,
	cArguments = (
		<OpenGL._opaque.EGLDisplay_pointer object at 0x7d448d3c1740>,
		<OpenGL._opaque.EGLContext_pointer object at 0x7d447edffec0>,
	),
	result = 0
)
Exception ignored in: <function GLContext.__del__ at 0x7d44a2898310>
Traceback (most recent call last):
  File "/home/nas_main/kinamkim/.local/lib/python3.10/site-packages/mujoco/egl/__init__.py", line 138, in __del__
    self.free()
  File "/home/nas_main/kinamkim/.local/lib/python3.10/site-packages/mujoco/egl/__init__.py", line 133, in free
    EGL.eglDestroyContext(EGL_DISPLAY, self._context)
  File "/home/nas_main/kinamkim/.local/lib/python3.10/site-packages/OpenGL/error.py", line 230, in glCheckError
    raise self._errorClass(
OpenGL.raw.EGL._errors.EGLError: EGLError(
	err = EGL_NOT_INITIALIZED,
	baseOperation = eglDestroyContext,
	cArguments = (
		<OpenGL._opaque.EGLDisplay_pointer object at 0x7d448d3c1740>,
		<OpenGL._opaque.EGLContext_pointer object at 0x7d447edffec0>,
	),
	result = 0
)
Exception ignored in: <function Renderer.__del__ at 0x7d44a2898af0>
Traceback (most recent call last):
  File "/home/nas_main/kinamkim/.local/lib/python3.10/site-packages/mujoco/rendering/classic/renderer.py", line 339, in __del__
    self.close()
  File "/home/nas_main/kinamkim/.local/lib/python3.10/site-packages/mujoco/rendering/classic/renderer.py", line 325, in close
    self._gl_context.free()
  File "/home/nas_main/kinamkim/.local/lib/python3.10/site-packages/mujoco/egl/__init__.py", line 133, in free
    EGL.eglDestroyContext(EGL_DISPLAY, self._context)
  File "/home/nas_main/kinamkim/.local/lib/python3.10/site-packages/OpenGL/error.py", line 230, in glCheckError
    raise self._errorClass(
OpenGL.raw.EGL._errors.EGLError: EGLError(
	err = EGL_NOT_INITIALIZED,
	baseOperation = eglDestroyContext,
	cArguments = (
		<OpenGL._opaque.EGLDisplay_pointer object at 0x7d448d3c1740>,
		<OpenGL._opaque.EGLContext_pointer object at 0x7d447edffe40>,
	),
	result = 0
)
Exception ignored in: <function GLContext.__del__ at 0x7d44a2898310>
Traceback (most recent call last):
  File "/home/nas_main/kinamkim/.local/lib/python3.10/site-packages/mujoco/egl/__init__.py", line 138, in __del__
    self.free()
  File "/home/nas_main/kinamkim/.local/lib/python3.10/site-packages/mujoco/egl/__init__.py", line 133, in free
    EGL.eglDestroyContext(EGL_DISPLAY, self._context)
  File "/home/nas_main/kinamkim/.local/lib/python3.10/site-packages/OpenGL/error.py", line 230, in glCheckError
    raise self._errorClass(
OpenGL.raw.EGL._errors.EGLError: EGLError(
	err = EGL_NOT_INITIALIZED,
	baseOperation = eglDestroyContext,
	cArguments = (
		<OpenGL._opaque.EGLDisplay_pointer object at 0x7d448d3c1740>,
		<OpenGL._opaque.EGLContext_pointer object at 0x7d447edffe40>,
	),
	result = 0
)
Exception ignored in: <function Renderer.__del__ at 0x7d44a2898af0>
Traceback (most recent call last):
  File "/home/nas_main/kinamkim/.local/lib/python3.10/site-packages/mujoco/rendering/classic/renderer.py", line 339, in __del__
    self.close()
  File "/home/nas_main/kinamkim/.local/lib/python3.10/site-packages/mujoco/rendering/classic/renderer.py", line 325, in close
    self._gl_context.free()
  File "/home/nas_main/kinamkim/.local/lib/python3.10/site-packages/mujoco/egl/__init__.py", line 133, in free
    EGL.eglDestroyContext(EGL_DISPLAY, self._context)
  File "/home/nas_main/kinamkim/.local/lib/python3.10/site-packages/OpenGL/error.py", line 230, in glCheckError
    raise self._errorClass(
OpenGL.raw.EGL._errors.EGLError: EGLError(
	err = EGL_NOT_INITIALIZED,
	baseOperation = eglDestroyContext,
	cArguments = (
		<OpenGL._opaque.EGLDisplay_pointer object at 0x7d448d3c1740>,
		<OpenGL._opaque.EGLContext_pointer object at 0x7d447edffbc0>,
	),
	result = 0
)
Exception ignored in: <function GLContext.__del__ at 0x7d44a2898310>
Traceback (most recent call last):
  File "/home/nas_main/kinamkim/.local/lib/python3.10/site-packages/mujoco/egl/__init__.py", line 138, in __del__
    self.free()
  File "/home/nas_main/kinamkim/.local/lib/python3.10/site-packages/mujoco/egl/__init__.py", line 133, in free
    EGL.eglDestroyContext(EGL_DISPLAY, self._context)
  File "/home/nas_main/kinamkim/.local/lib/python3.10/site-packages/OpenGL/error.py", line 230, in glCheckError
    raise self._errorClass(
OpenGL.raw.EGL._errors.EGLError: EGLError(
	err = EGL_NOT_INITIALIZED,
	baseOperation = eglDestroyContext,
	cArguments = (
		<OpenGL._opaque.EGLDisplay_pointer object at 0x7d448d3c1740>,
		<OpenGL._opaque.EGLContext_pointer object at 0x7d447edffbc0>,
	),
	result = 0
)
Exception ignored in: <function Renderer.__del__ at 0x7d44a2898af0>
Traceback (most recent call last):
  File "/home/nas_main/kinamkim/.local/lib/python3.10/site-packages/mujoco/rendering/classic/renderer.py", line 339, in __del__
    self.close()
  File "/home/nas_main/kinamkim/.local/lib/python3.10/site-packages/mujoco/rendering/classic/renderer.py", line 325, in close
    self._gl_context.free()
  File "/home/nas_main/kinamkim/.local/lib/python3.10/site-packages/mujoco/egl/__init__.py", line 133, in free
    EGL.eglDestroyContext(EGL_DISPLAY, self._context)
  File "/home/nas_main/kinamkim/.local/lib/python3.10/site-packages/OpenGL/error.py", line 230, in glCheckError
    raise self._errorClass(
OpenGL.raw.EGL._errors.EGLError: EGLError(
	err = EGL_NOT_INITIALIZED,
	baseOperation = eglDestroyContext,
	cArguments = (
		<OpenGL._opaque.EGLDisplay_pointer object at 0x7d448d3c1740>,
		<OpenGL._opaque.EGLContext_pointer object at 0x7d447edffcc0>,
	),
	result = 0
)
Exception ignored in: <function GLContext.__del__ at 0x7d44a2898310>
Traceback (most recent call last):
  File "/home/nas_main/kinamkim/.local/lib/python3.10/site-packages/mujoco/egl/__init__.py", line 138, in __del__
    self.free()
  File "/home/nas_main/kinamkim/.local/lib/python3.10/site-packages/mujoco/egl/__init__.py", line 133, in free
    EGL.eglDestroyContext(EGL_DISPLAY, self._context)
  File "/home/nas_main/kinamkim/.local/lib/python3.10/site-packages/OpenGL/error.py", line 230, in glCheckError
    raise self._errorClass(
OpenGL.raw.EGL._errors.EGLError: EGLError(
	err = EGL_NOT_INITIALIZED,
	baseOperation = eglDestroyContext,
	cArguments = (
		<OpenGL._opaque.EGLDisplay_pointer object at 0x7d448d3c1740>,
		<OpenGL._opaque.EGLContext_pointer object at 0x7d447edffcc0>,
	),
	result = 0
)
Exception ignored in: <function Renderer.__del__ at 0x7d44a2898af0>
Traceback (most recent call last):
  File "/home/nas_main/kinamkim/.local/lib/python3.10/site-packages/mujoco/rendering/classic/renderer.py", line 339, in __del__
    self.close()
  File "/home/nas_main/kinamkim/.local/lib/python3.10/site-packages/mujoco/rendering/classic/renderer.py", line 325, in close
    self._gl_context.free()
  File "/home/nas_main/kinamkim/.local/lib/python3.10/site-packages/mujoco/egl/__init__.py", line 133, in free
    EGL.eglDestroyContext(EGL_DISPLAY, self._context)
  File "/home/nas_main/kinamkim/.local/lib/python3.10/site-packages/OpenGL/error.py", line 230, in glCheckError
    raise self._errorClass(
OpenGL.raw.EGL._errors.EGLError: EGLError(
	err = EGL_NOT_INITIALIZED,
	baseOperation = eglDestroyContext,
	cArguments = (
		<OpenGL._opaque.EGLDisplay_pointer object at 0x7d448d3c1740>,
		<OpenGL._opaque.EGLContext_pointer object at 0x7d447edfff40>,
	),
	result = 0
)
Exception ignored in: <function GLContext.__del__ at 0x7d44a2898310>
Traceback (most recent call last):
  File "/home/nas_main/kinamkim/.local/lib/python3.10/site-packages/mujoco/egl/__init__.py", line 138, in __del__
    self.free()
  File "/home/nas_main/kinamkim/.local/lib/python3.10/site-packages/mujoco/egl/__init__.py", line 133, in free
    EGL.eglDestroyContext(EGL_DISPLAY, self._context)
  File "/home/nas_main/kinamkim/.local/lib/python3.10/site-packages/OpenGL/error.py", line 230, in glCheckError
    raise self._errorClass(
OpenGL.raw.EGL._errors.EGLError: EGLError(
	err = EGL_NOT_INITIALIZED,
	baseOperation = eglDestroyContext,
	cArguments = (
		<OpenGL._opaque.EGLDisplay_pointer object at 0x7d448d3c1740>,
		<OpenGL._opaque.EGLContext_pointer object at 0x7d447edfff40>,
	),
	result = 0
)
Exception ignored in: <function Renderer.__del__ at 0x7d44a2898af0>
Traceback (most recent call last):
  File "/home/nas_main/kinamkim/.local/lib/python3.10/site-packages/mujoco/rendering/classic/renderer.py", line 339, in __del__
    self.close()
  File "/home/nas_main/kinamkim/.local/lib/python3.10/site-packages/mujoco/rendering/classic/renderer.py", line 325, in close
    self._gl_context.free()
  File "/home/nas_main/kinamkim/.local/lib/python3.10/site-packages/mujoco/egl/__init__.py", line 133, in free
    EGL.eglDestroyContext(EGL_DISPLAY, self._context)
  File "/home/nas_main/kinamkim/.local/lib/python3.10/site-packages/OpenGL/error.py", line 230, in glCheckError
    raise self._errorClass(
OpenGL.raw.EGL._errors.EGLError: EGLError(
	err = EGL_NOT_INITIALIZED,
	baseOperation = eglDestroyContext,
	cArguments = (
		<OpenGL._opaque.EGLDisplay_pointer object at 0x7d448d3c1740>,
		<OpenGL._opaque.EGLContext_pointer object at 0x7d447edffb40>,
	),
	result = 0
)
Exception ignored in: <function GLContext.__del__ at 0x7d44a2898310>
Traceback (most recent call last):
  File "/home/nas_main/kinamkim/.local/lib/python3.10/site-packages/mujoco/egl/__init__.py", line 138, in __del__
    self.free()
  File "/home/nas_main/kinamkim/.local/lib/python3.10/site-packages/mujoco/egl/__init__.py", line 133, in free
    EGL.eglDestroyContext(EGL_DISPLAY, self._context)
  File "/home/nas_main/kinamkim/.local/lib/python3.10/site-packages/OpenGL/error.py", line 230, in glCheckError
    raise self._errorClass(
OpenGL.raw.EGL._errors.EGLError: EGLError(
	err = EGL_NOT_INITIALIZED,
	baseOperation = eglDestroyContext,
	cArguments = (
		<OpenGL._opaque.EGLDisplay_pointer object at 0x7d448d3c1740>,
		<OpenGL._opaque.EGLContext_pointer object at 0x7d447edffb40>,
	),
	result = 0
)
Exception ignored in: <function Renderer.__del__ at 0x7d44a2898af0>
Traceback (most recent call last):
  File "/home/nas_main/kinamkim/.local/lib/python3.10/site-packages/mujoco/rendering/classic/renderer.py", line 339, in __del__
    self.close()
  File "/home/nas_main/kinamkim/.local/lib/python3.10/site-packages/mujoco/rendering/classic/renderer.py", line 325, in close
    self._gl_context.free()
  File "/home/nas_main/kinamkim/.local/lib/python3.10/site-packages/mujoco/egl/__init__.py", line 133, in free
    EGL.eglDestroyContext(EGL_DISPLAY, self._context)
  File "/home/nas_main/kinamkim/.local/lib/python3.10/site-packages/OpenGL/error.py", line 230, in glCheckError
    raise self._errorClass(
OpenGL.raw.EGL._errors.EGLError: EGLError(
	err = EGL_NOT_INITIALIZED,
	baseOperation = eglDestroyContext,
	cArguments = (
		<OpenGL._opaque.EGLDisplay_pointer object at 0x7d448d3c1740>,
		<OpenGL._opaque.EGLContext_pointer object at 0x7d448d3c0f40>,
	),
	result = 0
)
Exception ignored in: <function GLContext.__del__ at 0x7d44a2898310>
Traceback (most recent call last):
  File "/home/nas_main/kinamkim/.local/lib/python3.10/site-packages/mujoco/egl/__init__.py", line 138, in __del__
    self.free()
  File "/home/nas_main/kinamkim/.local/lib/python3.10/site-packages/mujoco/egl/__init__.py", line 133, in free
    EGL.eglDestroyContext(EGL_DISPLAY, self._context)
  File "/home/nas_main/kinamkim/.local/lib/python3.10/site-packages/OpenGL/error.py", line 230, in glCheckError
    raise self._errorClass(
OpenGL.raw.EGL._errors.EGLError: EGLError(
	err = EGL_NOT_INITIALIZED,
	baseOperation = eglDestroyContext,
	cArguments = (
		<OpenGL._opaque.EGLDisplay_pointer object at 0x7d448d3c1740>,
		<OpenGL._opaque.EGLContext_pointer object at 0x7d448d3c0f40>,
	),
	result = 0
)
Exception ignored in: <function Renderer.__del__ at 0x7d44a2898af0>
Traceback (most recent call last):
  File "/home/nas_main/kinamkim/.local/lib/python3.10/site-packages/mujoco/rendering/classic/renderer.py", line 339, in __del__
    self.close()
  File "/home/nas_main/kinamkim/.local/lib/python3.10/site-packages/mujoco/rendering/classic/renderer.py", line 325, in close
    self._gl_context.free()
  File "/home/nas_main/kinamkim/.local/lib/python3.10/site-packages/mujoco/egl/__init__.py", line 133, in free
    EGL.eglDestroyContext(EGL_DISPLAY, self._context)
  File "/home/nas_main/kinamkim/.local/lib/python3.10/site-packages/OpenGL/error.py", line 230, in glCheckError
    raise self._errorClass(
OpenGL.raw.EGL._errors.EGLError: EGLError(
	err = EGL_NOT_INITIALIZED,
	baseOperation = eglDestroyContext,
	cArguments = (
		<OpenGL._opaque.EGLDisplay_pointer object at 0x7d448d3c1740>,
		<OpenGL._opaque.EGLContext_pointer object at 0x7d448d3c24c0>,
	),
	result = 0
)
Exception ignored in: <function GLContext.__del__ at 0x7d44a2898310>
Traceback (most recent call last):
  File "/home/nas_main/kinamkim/.local/lib/python3.10/site-packages/mujoco/egl/__init__.py", line 138, in __del__
    self.free()
  File "/home/nas_main/kinamkim/.local/lib/python3.10/site-packages/mujoco/egl/__init__.py", line 133, in free
    EGL.eglDestroyContext(EGL_DISPLAY, self._context)
  File "/home/nas_main/kinamkim/.local/lib/python3.10/site-packages/OpenGL/error.py", line 230, in glCheckError
    raise self._errorClass(
OpenGL.raw.EGL._errors.EGLError: EGLError(
	err = EGL_NOT_INITIALIZED,
	baseOperation = eglDestroyContext,
	cArguments = (
		<OpenGL._opaque.EGLDisplay_pointer object at 0x7d448d3c1740>,
		<OpenGL._opaque.EGLContext_pointer object at 0x7d448d3c24c0>,
	),
	result = 0
)
Exception ignored in: <function Renderer.__del__ at 0x7d44a2898af0>
Traceback (most recent call last):
  File "/home/nas_main/kinamkim/.local/lib/python3.10/site-packages/mujoco/rendering/classic/renderer.py", line 339, in __del__
    self.close()
  File "/home/nas_main/kinamkim/.local/lib/python3.10/site-packages/mujoco/rendering/classic/renderer.py", line 325, in close
    self._gl_context.free()
  File "/home/nas_main/kinamkim/.local/lib/python3.10/site-packages/mujoco/egl/__init__.py", line 133, in free
    EGL.eglDestroyContext(EGL_DISPLAY, self._context)
  File "/home/nas_main/kinamkim/.local/lib/python3.10/site-packages/OpenGL/error.py", line 230, in glCheckError
    raise self._errorClass(
OpenGL.raw.EGL._errors.EGLError: EGLError(
	err = EGL_NOT_INITIALIZED,
	baseOperation = eglDestroyContext,
	cArguments = (
		<OpenGL._opaque.EGLDisplay_pointer object at 0x7d448d3c1740>,
		<OpenGL._opaque.EGLContext_pointer object at 0x7d448d3c11c0>,
	),
	result = 0
)
Exception ignored in: <function GLContext.__del__ at 0x7d44a2898310>
Traceback (most recent call last):
  File "/home/nas_main/kinamkim/.local/lib/python3.10/site-packages/mujoco/egl/__init__.py", line 138, in __del__
    self.free()
  File "/home/nas_main/kinamkim/.local/lib/python3.10/site-packages/mujoco/egl/__init__.py", line 133, in free
    EGL.eglDestroyContext(EGL_DISPLAY, self._context)
  File "/home/nas_main/kinamkim/.local/lib/python3.10/site-packages/OpenGL/error.py", line 230, in glCheckError
    raise self._errorClass(
OpenGL.raw.EGL._errors.EGLError: EGLError(
	err = EGL_NOT_INITIALIZED,
	baseOperation = eglDestroyContext,
	cArguments = (
		<OpenGL._opaque.EGLDisplay_pointer object at 0x7d448d3c1740>,
		<OpenGL._opaque.EGLContext_pointer object at 0x7d448d3c11c0>,
	),
	result = 0
)
Exception ignored in: <function Renderer.__del__ at 0x7d44a2898af0>
Traceback (most recent call last):
  File "/home/nas_main/kinamkim/.local/lib/python3.10/site-packages/mujoco/rendering/classic/renderer.py", line 339, in __del__
    self.close()
  File "/home/nas_main/kinamkim/.local/lib/python3.10/site-packages/mujoco/rendering/classic/renderer.py", line 325, in close
    self._gl_context.free()
  File "/home/nas_main/kinamkim/.local/lib/python3.10/site-packages/mujoco/egl/__init__.py", line 133, in free
    EGL.eglDestroyContext(EGL_DISPLAY, self._context)
  File "/home/nas_main/kinamkim/.local/lib/python3.10/site-packages/OpenGL/error.py", line 230, in glCheckError
    raise self._errorClass(
OpenGL.raw.EGL._errors.EGLError: EGLError(
	err = EGL_NOT_INITIALIZED,
	baseOperation = eglDestroyContext,
	cArguments = (
		<OpenGL._opaque.EGLDisplay_pointer object at 0x7d448d3c1740>,
		<OpenGL._opaque.EGLContext_pointer object at 0x7d448d3c0e40>,
	),
	result = 0
)
Exception ignored in: <function GLContext.__del__ at 0x7d44a2898310>
Traceback (most recent call last):
  File "/home/nas_main/kinamkim/.local/lib/python3.10/site-packages/mujoco/egl/__init__.py", line 138, in __del__
    self.free()
  File "/home/nas_main/kinamkim/.local/lib/python3.10/site-packages/mujoco/egl/__init__.py", line 133, in free
    EGL.eglDestroyContext(EGL_DISPLAY, self._context)
  File "/home/nas_main/kinamkim/.local/lib/python3.10/site-packages/OpenGL/error.py", line 230, in glCheckError
    raise self._errorClass(
OpenGL.raw.EGL._errors.EGLError: EGLError(
	err = EGL_NOT_INITIALIZED,
	baseOperation = eglDestroyContext,
	cArguments = (
		<OpenGL._opaque.EGLDisplay_pointer object at 0x7d448d3c1740>,
		<OpenGL._opaque.EGLContext_pointer object at 0x7d448d3c0e40>,
	),
	result = 0
)
