/home/nas_main/kinamkim/.venvs/groot/lib/python3.10/site-packages/transformers/utils/hub.py:105: FutureWarning: Using `TRANSFORMERS_CACHE` is deprecated and will be removed in v5 of Transformers. Use `HF_HOME` instead.
  warnings.warn(
/home/nas_main/kinamkim/.venvs/groot/lib/python3.10/site-packages/albumentations/__init__.py:13: UserWarning: A new version of Albumentations is available: 2.0.8 (you have 1.4.18). Upgrade using: pip install -U albumentations. To disable automatic update checks, set the environment variable NO_ALBUMENTATIONS_UPDATE to 1.
  check_for_updates()
/home/nas_main/kinamkim/Repos/Intern/Isaac-GR00T/gr00t/model/modules/dit.py:205: FutureWarning: Accessing config attribute `compute_dtype` directly via 'AlternateVLDiT' object attribute is deprecated. Please access 'compute_dtype' over 'AlternateVLDiT's config object instead, e.g. 'unet.config.compute_dtype'.
  embedding_dim=self.inner_dim, compute_dtype=self.compute_dtype
/home/nas_main/kinamkim/Repos/Intern/Isaac-GR00T/gr00t/model/modules/dit.py:236: FutureWarning: Accessing config attribute `output_dim` directly via 'AlternateVLDiT' object attribute is deprecated. Please access 'output_dim' over 'AlternateVLDiT's config object instead, e.g. 'unet.config.output_dim'.
  self.proj_out_2 = nn.Linear(self.inner_dim, self.output_dim)
`use_fast` is set to `True` but the image processor class does not have a fast version.  Falling back to the slow version.
Loading checkpoint shards:   0%|          | 0/2 [00:00<?, ?it/s]Loading checkpoint shards: 100%|██████████| 2/2 [00:00<00:00, 23.06it/s]
Traceback (most recent call last):
  File "/home/nas_main/kinamkim/Repos/Intern/residual-offpolicy-rl/scripts/cup_base_video_batch.py", line 94, in <module>
    main()
  File "/home/nas_main/kinamkim/Repos/Intern/residual-offpolicy-rl/scripts/cup_base_video_batch.py", line 63, in main
    residual = torch.zeros((1, wrapper.residual_dim), device='cuda:0')
AttributeError: 'MuJoCoResidualWrapperCup' object has no attribute 'residual_dim'
Exception ignored in: <function Renderer.__del__ at 0x74f03fe764d0>
Traceback (most recent call last):
  File "/home/nas_main/kinamkim/.venvs/groot/lib/python3.10/site-packages/mujoco/rendering/classic/renderer.py", line 339, in __del__
    self.close()
  File "/home/nas_main/kinamkim/.venvs/groot/lib/python3.10/site-packages/mujoco/rendering/classic/renderer.py", line 325, in close
    self._gl_context.free()
  File "/home/nas_main/kinamkim/.venvs/groot/lib/python3.10/site-packages/mujoco/egl/__init__.py", line 133, in free
    EGL.eglDestroyContext(EGL_DISPLAY, self._context)
  File "/home/nas_main/kinamkim/.venvs/groot/lib/python3.10/site-packages/OpenGL/platform/baseplatform.py", line 487, in __call__
    return self(*args, **named)
  File "/home/nas_main/kinamkim/.venvs/groot/lib/python3.10/site-packages/OpenGL/error.py", line 230, in glCheckError
    raise self._errorClass(
OpenGL.raw.EGL._errors.EGLError: EGLError(
	err = EGL_NOT_INITIALIZED,
	baseOperation = eglDestroyContext,
	cArguments = (
		<OpenGL._opaque.EGLDisplay_pointer object at 0x74f01d361340>,
		<OpenGL._opaque.EGLContext_pointer object at 0x74f01d3619c0>,
	),
	result = 0
)
Exception ignored in: <function GLContext.__del__ at 0x74f03fe75cf0>
Traceback (most recent call last):
  File "/home/nas_main/kinamkim/.venvs/groot/lib/python3.10/site-packages/mujoco/egl/__init__.py", line 138, in __del__
    self.free()
  File "/home/nas_main/kinamkim/.venvs/groot/lib/python3.10/site-packages/mujoco/egl/__init__.py", line 133, in free
    EGL.eglDestroyContext(EGL_DISPLAY, self._context)
  File "/home/nas_main/kinamkim/.venvs/groot/lib/python3.10/site-packages/OpenGL/error.py", line 230, in glCheckError
    raise self._errorClass(
OpenGL.raw.EGL._errors.EGLError: EGLError(
	err = EGL_NOT_INITIALIZED,
	baseOperation = eglDestroyContext,
	cArguments = (
		<OpenGL._opaque.EGLDisplay_pointer object at 0x74f01d361340>,
		<OpenGL._opaque.EGLContext_pointer object at 0x74f01d3619c0>,
	),
	result = 0
)
Exception ignored in: <function Renderer.__del__ at 0x74f03fe764d0>
Traceback (most recent call last):
  File "/home/nas_main/kinamkim/.venvs/groot/lib/python3.10/site-packages/mujoco/rendering/classic/renderer.py", line 339, in __del__
    self.close()
  File "/home/nas_main/kinamkim/.venvs/groot/lib/python3.10/site-packages/mujoco/rendering/classic/renderer.py", line 325, in close
    self._gl_context.free()
  File "/home/nas_main/kinamkim/.venvs/groot/lib/python3.10/site-packages/mujoco/egl/__init__.py", line 131, in free
    EGL.eglMakeCurrent(EGL_DISPLAY, EGL.EGL_NO_SURFACE,
  File "/home/nas_main/kinamkim/.venvs/groot/lib/python3.10/site-packages/OpenGL/error.py", line 230, in glCheckError
    raise self._errorClass(
OpenGL.raw.EGL._errors.EGLError: EGLError(
	err = EGL_NOT_INITIALIZED,
	baseOperation = eglMakeCurrent,
	cArguments = (
		<OpenGL._opaque.EGLDisplay_pointer object at 0x74f01d361340>,
		<OpenGL._opaque.EGLSurface_pointer object at 0x74f049dc59c0>,
		<OpenGL._opaque.EGLSurface_pointer object at 0x74f049dc59c0>,
		<OpenGL._opaque.EGLContext_pointer object at 0x74f049dc4bc0>,
	),
	result = 0
)
Exception ignored in: <function GLContext.__del__ at 0x74f03fe75cf0>
Traceback (most recent call last):
  File "/home/nas_main/kinamkim/.venvs/groot/lib/python3.10/site-packages/mujoco/egl/__init__.py", line 138, in __del__
    self.free()
  File "/home/nas_main/kinamkim/.venvs/groot/lib/python3.10/site-packages/mujoco/egl/__init__.py", line 131, in free
    EGL.eglMakeCurrent(EGL_DISPLAY, EGL.EGL_NO_SURFACE,
  File "/home/nas_main/kinamkim/.venvs/groot/lib/python3.10/site-packages/OpenGL/error.py", line 230, in glCheckError
    raise self._errorClass(
OpenGL.raw.EGL._errors.EGLError: EGLError(
	err = EGL_NOT_INITIALIZED,
	baseOperation = eglMakeCurrent,
	cArguments = (
		<OpenGL._opaque.EGLDisplay_pointer object at 0x74f01d361340>,
		<OpenGL._opaque.EGLSurface_pointer object at 0x74f049dc59c0>,
		<OpenGL._opaque.EGLSurface_pointer object at 0x74f049dc59c0>,
		<OpenGL._opaque.EGLContext_pointer object at 0x74f049dc4bc0>,
	),
	result = 0
)
