/home/nas_main/kinamkim/.local/lib/python3.10/site-packages/transformers/utils/hub.py:105: FutureWarning: Using `TRANSFORMERS_CACHE` is deprecated and will be removed in v5 of Transformers. Use `HF_HOME` instead.
  warnings.warn(
Traceback (most recent call last):
  File "/home/nas_main/kinamkim/Repos/Intern/residual-offpolicy-rl/resfit/rl_finetuning/scripts/collect_offline_data_cup.py", line 336, in <module>
    main()
  File "/home/nas_main/kinamkim/Repos/Intern/residual-offpolicy-rl/resfit/rl_finetuning/scripts/collect_offline_data_cup.py", line 162, in main
    wrapper = MuJoCoResidualWrapperCup(
  File "/home/nas_main/kinamkim/Repos/Intern/residual-offpolicy-rl/resfit/rl_finetuning/scripts/../../../resfit/rl_finetuning/wrappers/mujoco_residual_wrapper_cup.py", line 92, in __init__
    self.policy = Gr00tPolicy(
  File "/home/nas_main/kinamkim/Repos/Intern/Isaac-GR00T/gr00t/policy/gr00t_policy.py", line 76, in __init__
    import gr00t.model  # noqa: F401
  File "/home/nas_main/kinamkim/Repos/Intern/Isaac-GR00T/gr00t/model/__init__.py", line 1, in <module>
    from .gr00t_n1d6.setup import Gr00tN1d6Pipeline
  File "/home/nas_main/kinamkim/Repos/Intern/Isaac-GR00T/gr00t/model/gr00t_n1d6/setup.py", line 7, in <module>
    from gr00t.data.dataset.factory import DatasetFactory
  File "/home/nas_main/kinamkim/Repos/Intern/Isaac-GR00T/gr00t/data/dataset/factory.py", line 7, in <module>
    from gr00t.data.dataset.sharded_single_step_dataset import ShardedSingleStepDataset
  File "/home/nas_main/kinamkim/Repos/Intern/Isaac-GR00T/gr00t/data/dataset/sharded_single_step_dataset.py", line 5, in <module>
    import pandas as pd
  File "/home/nas_main/kinamkim/.local/lib/python3.10/site-packages/pandas/__init__.py", line 49, in <module>
    from pandas.core.api import (
  File "/home/nas_main/kinamkim/.local/lib/python3.10/site-packages/pandas/core/api.py", line 1, in <module>
    from pandas._libs import (
  File "/home/nas_main/kinamkim/.local/lib/python3.10/site-packages/pandas/_libs/__init__.py", line 18, in <module>
    from pandas._libs.interval import Interval
  File "interval.pyx", line 1, in init pandas._libs.interval
  File "hashtable.pyx", line 1, in init pandas._libs.hashtable
  File "missing.pyx", line 1, in init pandas._libs.missing
  File "/home/nas_main/kinamkim/.local/lib/python3.10/site-packages/pandas/_libs/tslibs/__init__.py", line 40, in <module>
    from pandas._libs.tslibs.conversion import localize_pydatetime
  File "conversion.pyx", line 1, in init pandas._libs.tslibs.conversion
  File "offsets.pyx", line 1, in init pandas._libs.tslibs.offsets
  File "timestamps.pyx", line 1, in init pandas._libs.tslibs.timestamps
  File "timedeltas.pyx", line 1, in init pandas._libs.tslibs.timedeltas
  File "timezones.pyx", line 24, in init pandas._libs.tslibs.timezones
  File "/home/nas_main/kinamkim/.local/lib/python3.10/site-packages/dateutil/tz/__init__.py", line 2, in <module>
    from .tz import *
  File "/home/nas_main/kinamkim/.local/lib/python3.10/site-packages/dateutil/tz/tz.py", line 19, in <module>
    import six
ModuleNotFoundError: No module named 'six'
Exception ignored in: <function Renderer.__del__ at 0x731be1394af0>
Traceback (most recent call last):
  File "/home/nas_main/kinamkim/.local/lib/python3.10/site-packages/mujoco/rendering/classic/renderer.py", line 339, in __del__
    self.close()
  File "/home/nas_main/kinamkim/.local/lib/python3.10/site-packages/mujoco/rendering/classic/renderer.py", line 325, in close
    self._gl_context.free()
  File "/home/nas_main/kinamkim/.local/lib/python3.10/site-packages/mujoco/egl/__init__.py", line 133, in free
    EGL.eglDestroyContext(EGL_DISPLAY, self._context)
  File "/home/nas_main/kinamkim/.local/lib/python3.10/site-packages/OpenGL/platform/baseplatform.py", line 487, in __call__
    return self(*args, **named)
  File "/home/nas_main/kinamkim/.local/lib/python3.10/site-packages/OpenGL/error.py", line 230, in glCheckError
    raise self._errorClass(
OpenGL.raw.EGL._errors.EGLError: EGLError(
	err = EGL_NOT_INITIALIZED,
	baseOperation = eglDestroyContext,
	cArguments = (
		<OpenGL._opaque.EGLDisplay_pointer object at 0x731bbe453c40>,
		<OpenGL._opaque.EGLContext_pointer object at 0x731a882384c0>,
	),
	result = 0
)
Exception ignored in: <function GLContext.__del__ at 0x731be1394310>
Traceback (most recent call last):
  File "/home/nas_main/kinamkim/.local/lib/python3.10/site-packages/mujoco/egl/__init__.py", line 138, in __del__
    self.free()
  File "/home/nas_main/kinamkim/.local/lib/python3.10/site-packages/mujoco/egl/__init__.py", line 133, in free
    EGL.eglDestroyContext(EGL_DISPLAY, self._context)
  File "/home/nas_main/kinamkim/.local/lib/python3.10/site-packages/OpenGL/error.py", line 230, in glCheckError
    raise self._errorClass(
OpenGL.raw.EGL._errors.EGLError: EGLError(
	err = EGL_NOT_INITIALIZED,
	baseOperation = eglDestroyContext,
	cArguments = (
		<OpenGL._opaque.EGLDisplay_pointer object at 0x731bbe453c40>,
		<OpenGL._opaque.EGLContext_pointer object at 0x731a882384c0>,
	),
	result = 0
)
Exception ignored in: <function Renderer.__del__ at 0x731be1394af0>
Traceback (most recent call last):
  File "/home/nas_main/kinamkim/.local/lib/python3.10/site-packages/mujoco/rendering/classic/renderer.py", line 339, in __del__
    self.close()
  File "/home/nas_main/kinamkim/.local/lib/python3.10/site-packages/mujoco/rendering/classic/renderer.py", line 325, in close
    self._gl_context.free()
  File "/home/nas_main/kinamkim/.local/lib/python3.10/site-packages/mujoco/egl/__init__.py", line 131, in free
    EGL.eglMakeCurrent(EGL_DISPLAY, EGL.EGL_NO_SURFACE,
  File "/home/nas_main/kinamkim/.local/lib/python3.10/site-packages/OpenGL/error.py", line 230, in glCheckError
    raise self._errorClass(
OpenGL.raw.EGL._errors.EGLError: EGLError(
	err = EGL_NOT_INITIALIZED,
	baseOperation = eglMakeCurrent,
	cArguments = (
		<OpenGL._opaque.EGLDisplay_pointer object at 0x731bbe453c40>,
		<OpenGL._opaque.EGLSurface_pointer object at 0x731be15ecf40>,
		<OpenGL._opaque.EGLSurface_pointer object at 0x731be15ecf40>,
		<OpenGL._opaque.EGLContext_pointer object at 0x731be15ecec0>,
	),
	result = 0
)
Exception ignored in: <function GLContext.__del__ at 0x731be1394310>
Traceback (most recent call last):
  File "/home/nas_main/kinamkim/.local/lib/python3.10/site-packages/mujoco/egl/__init__.py", line 138, in __del__
    self.free()
  File "/home/nas_main/kinamkim/.local/lib/python3.10/site-packages/mujoco/egl/__init__.py", line 131, in free
    EGL.eglMakeCurrent(EGL_DISPLAY, EGL.EGL_NO_SURFACE,
  File "/home/nas_main/kinamkim/.local/lib/python3.10/site-packages/OpenGL/error.py", line 230, in glCheckError
    raise self._errorClass(
OpenGL.raw.EGL._errors.EGLError: EGLError(
	err = EGL_NOT_INITIALIZED,
	baseOperation = eglMakeCurrent,
	cArguments = (
		<OpenGL._opaque.EGLDisplay_pointer object at 0x731bbe453c40>,
		<OpenGL._opaque.EGLSurface_pointer object at 0x731be15ecf40>,
		<OpenGL._opaque.EGLSurface_pointer object at 0x731be15ecf40>,
		<OpenGL._opaque.EGLContext_pointer object at 0x731be15ecec0>,
	),
	result = 0
)
Exception ignored in: <function Renderer.__del__ at 0x731be1394af0>
Traceback (most recent call last):
  File "/home/nas_main/kinamkim/.local/lib/python3.10/site-packages/mujoco/rendering/classic/renderer.py", line 339, in __del__
    self.close()
  File "/home/nas_main/kinamkim/.local/lib/python3.10/site-packages/mujoco/rendering/classic/renderer.py", line 325, in close
    self._gl_context.free()
  File "/home/nas_main/kinamkim/.local/lib/python3.10/site-packages/mujoco/egl/__init__.py", line 133, in free
    EGL.eglDestroyContext(EGL_DISPLAY, self._context)
  File "/home/nas_main/kinamkim/.local/lib/python3.10/site-packages/OpenGL/error.py", line 230, in glCheckError
    raise self._errorClass(
OpenGL.raw.EGL._errors.EGLError: EGLError(
	err = EGL_NOT_INITIALIZED,
	baseOperation = eglDestroyContext,
	cArguments = (
		<OpenGL._opaque.EGLDisplay_pointer object at 0x731bbe453c40>,
		<OpenGL._opaque.EGLContext_pointer object at 0x731a88238340>,
	),
	result = 0
)
Exception ignored in: <function GLContext.__del__ at 0x731be1394310>
Traceback (most recent call last):
  File "/home/nas_main/kinamkim/.local/lib/python3.10/site-packages/mujoco/egl/__init__.py", line 138, in __del__
    self.free()
  File "/home/nas_main/kinamkim/.local/lib/python3.10/site-packages/mujoco/egl/__init__.py", line 133, in free
    EGL.eglDestroyContext(EGL_DISPLAY, self._context)
  File "/home/nas_main/kinamkim/.local/lib/python3.10/site-packages/OpenGL/error.py", line 230, in glCheckError
    raise self._errorClass(
OpenGL.raw.EGL._errors.EGLError: EGLError(
	err = EGL_NOT_INITIALIZED,
	baseOperation = eglDestroyContext,
	cArguments = (
		<OpenGL._opaque.EGLDisplay_pointer object at 0x731bbe453c40>,
		<OpenGL._opaque.EGLContext_pointer object at 0x731a88238340>,
	),
	result = 0
)
Exception ignored in: <function Renderer.__del__ at 0x731be1394af0>
Traceback (most recent call last):
  File "/home/nas_main/kinamkim/.local/lib/python3.10/site-packages/mujoco/rendering/classic/renderer.py", line 339, in __del__
    self.close()
  File "/home/nas_main/kinamkim/.local/lib/python3.10/site-packages/mujoco/rendering/classic/renderer.py", line 325, in close
    self._gl_context.free()
  File "/home/nas_main/kinamkim/.local/lib/python3.10/site-packages/mujoco/egl/__init__.py", line 133, in free
    EGL.eglDestroyContext(EGL_DISPLAY, self._context)
  File "/home/nas_main/kinamkim/.local/lib/python3.10/site-packages/OpenGL/error.py", line 230, in glCheckError
    raise self._errorClass(
OpenGL.raw.EGL._errors.EGLError: EGLError(
	err = EGL_NOT_INITIALIZED,
	baseOperation = eglDestroyContext,
	cArguments = (
		<OpenGL._opaque.EGLDisplay_pointer object at 0x731bbe453c40>,
		<OpenGL._opaque.EGLContext_pointer object at 0x731a88239f40>,
	),
	result = 0
)
Exception ignored in: <function GLContext.__del__ at 0x731be1394310>
Traceback (most recent call last):
  File "/home/nas_main/kinamkim/.local/lib/python3.10/site-packages/mujoco/egl/__init__.py", line 138, in __del__
    self.free()
  File "/home/nas_main/kinamkim/.local/lib/python3.10/site-packages/mujoco/egl/__init__.py", line 133, in free
    EGL.eglDestroyContext(EGL_DISPLAY, self._context)
  File "/home/nas_main/kinamkim/.local/lib/python3.10/site-packages/OpenGL/error.py", line 230, in glCheckError
    raise self._errorClass(
OpenGL.raw.EGL._errors.EGLError: EGLError(
	err = EGL_NOT_INITIALIZED,
	baseOperation = eglDestroyContext,
	cArguments = (
		<OpenGL._opaque.EGLDisplay_pointer object at 0x731bbe453c40>,
		<OpenGL._opaque.EGLContext_pointer object at 0x731a88239f40>,
	),
	result = 0
)
Exception ignored in: <function Renderer.__del__ at 0x731be1394af0>
Traceback (most recent call last):
  File "/home/nas_main/kinamkim/.local/lib/python3.10/site-packages/mujoco/rendering/classic/renderer.py", line 339, in __del__
    self.close()
  File "/home/nas_main/kinamkim/.local/lib/python3.10/site-packages/mujoco/rendering/classic/renderer.py", line 325, in close
    self._gl_context.free()
  File "/home/nas_main/kinamkim/.local/lib/python3.10/site-packages/mujoco/egl/__init__.py", line 133, in free
    EGL.eglDestroyContext(EGL_DISPLAY, self._context)
  File "/home/nas_main/kinamkim/.local/lib/python3.10/site-packages/OpenGL/error.py", line 230, in glCheckError
    raise self._errorClass(
OpenGL.raw.EGL._errors.EGLError: EGLError(
	err = EGL_NOT_INITIALIZED,
	baseOperation = eglDestroyContext,
	cArguments = (
		<OpenGL._opaque.EGLDisplay_pointer object at 0x731bbe453c40>,
		<OpenGL._opaque.EGLContext_pointer object at 0x731a88238640>,
	),
	result = 0
)
Exception ignored in: <function GLContext.__del__ at 0x731be1394310>
Traceback (most recent call last):
  File "/home/nas_main/kinamkim/.local/lib/python3.10/site-packages/mujoco/egl/__init__.py", line 138, in __del__
    self.free()
  File "/home/nas_main/kinamkim/.local/lib/python3.10/site-packages/mujoco/egl/__init__.py", line 133, in free
    EGL.eglDestroyContext(EGL_DISPLAY, self._context)
  File "/home/nas_main/kinamkim/.local/lib/python3.10/site-packages/OpenGL/error.py", line 230, in glCheckError
    raise self._errorClass(
OpenGL.raw.EGL._errors.EGLError: EGLError(
	err = EGL_NOT_INITIALIZED,
	baseOperation = eglDestroyContext,
	cArguments = (
		<OpenGL._opaque.EGLDisplay_pointer object at 0x731bbe453c40>,
		<OpenGL._opaque.EGLContext_pointer object at 0x731a88238640>,
	),
	result = 0
)
Exception ignored in: <function Renderer.__del__ at 0x731be1394af0>
Traceback (most recent call last):
  File "/home/nas_main/kinamkim/.local/lib/python3.10/site-packages/mujoco/rendering/classic/renderer.py", line 339, in __del__
    self.close()
  File "/home/nas_main/kinamkim/.local/lib/python3.10/site-packages/mujoco/rendering/classic/renderer.py", line 325, in close
    self._gl_context.free()
  File "/home/nas_main/kinamkim/.local/lib/python3.10/site-packages/mujoco/egl/__init__.py", line 133, in free
    EGL.eglDestroyContext(EGL_DISPLAY, self._context)
  File "/home/nas_main/kinamkim/.local/lib/python3.10/site-packages/OpenGL/error.py", line 230, in glCheckError
    raise self._errorClass(
OpenGL.raw.EGL._errors.EGLError: EGLError(
	err = EGL_NOT_INITIALIZED,
	baseOperation = eglDestroyContext,
	cArguments = (
		<OpenGL._opaque.EGLDisplay_pointer object at 0x731bbe453c40>,
		<OpenGL._opaque.EGLContext_pointer object at 0x731a88239dc0>,
	),
	result = 0
)
Exception ignored in: <function GLContext.__del__ at 0x731be1394310>
Traceback (most recent call last):
  File "/home/nas_main/kinamkim/.local/lib/python3.10/site-packages/mujoco/egl/__init__.py", line 138, in __del__
    self.free()
  File "/home/nas_main/kinamkim/.local/lib/python3.10/site-packages/mujoco/egl/__init__.py", line 133, in free
    EGL.eglDestroyContext(EGL_DISPLAY, self._context)
  File "/home/nas_main/kinamkim/.local/lib/python3.10/site-packages/OpenGL/error.py", line 230, in glCheckError
    raise self._errorClass(
OpenGL.raw.EGL._errors.EGLError: EGLError(
	err = EGL_NOT_INITIALIZED,
	baseOperation = eglDestroyContext,
	cArguments = (
		<OpenGL._opaque.EGLDisplay_pointer object at 0x731bbe453c40>,
		<OpenGL._opaque.EGLContext_pointer object at 0x731a88239dc0>,
	),
	result = 0
)
Exception ignored in: <function Renderer.__del__ at 0x731be1394af0>
Traceback (most recent call last):
  File "/home/nas_main/kinamkim/.local/lib/python3.10/site-packages/mujoco/rendering/classic/renderer.py", line 339, in __del__
    self.close()
  File "/home/nas_main/kinamkim/.local/lib/python3.10/site-packages/mujoco/rendering/classic/renderer.py", line 325, in close
    self._gl_context.free()
  File "/home/nas_main/kinamkim/.local/lib/python3.10/site-packages/mujoco/egl/__init__.py", line 133, in free
    EGL.eglDestroyContext(EGL_DISPLAY, self._context)
  File "/home/nas_main/kinamkim/.local/lib/python3.10/site-packages/OpenGL/error.py", line 230, in glCheckError
    raise self._errorClass(
OpenGL.raw.EGL._errors.EGLError: EGLError(
	err = EGL_NOT_INITIALIZED,
	baseOperation = eglDestroyContext,
	cArguments = (
		<OpenGL._opaque.EGLDisplay_pointer object at 0x731bbe453c40>,
		<OpenGL._opaque.EGLContext_pointer object at 0x731a88238bc0>,
	),
	result = 0
)
Exception ignored in: <function GLContext.__del__ at 0x731be1394310>
Traceback (most recent call last):
  File "/home/nas_main/kinamkim/.local/lib/python3.10/site-packages/mujoco/egl/__init__.py", line 138, in __del__
    self.free()
  File "/home/nas_main/kinamkim/.local/lib/python3.10/site-packages/mujoco/egl/__init__.py", line 133, in free
    EGL.eglDestroyContext(EGL_DISPLAY, self._context)
  File "/home/nas_main/kinamkim/.local/lib/python3.10/site-packages/OpenGL/error.py", line 230, in glCheckError
    raise self._errorClass(
OpenGL.raw.EGL._errors.EGLError: EGLError(
	err = EGL_NOT_INITIALIZED,
	baseOperation = eglDestroyContext,
	cArguments = (
		<OpenGL._opaque.EGLDisplay_pointer object at 0x731bbe453c40>,
		<OpenGL._opaque.EGLContext_pointer object at 0x731a88238bc0>,
	),
	result = 0
)
Exception ignored in: <function Renderer.__del__ at 0x731be1394af0>
Traceback (most recent call last):
  File "/home/nas_main/kinamkim/.local/lib/python3.10/site-packages/mujoco/rendering/classic/renderer.py", line 339, in __del__
    self.close()
  File "/home/nas_main/kinamkim/.local/lib/python3.10/site-packages/mujoco/rendering/classic/renderer.py", line 325, in close
    self._gl_context.free()
  File "/home/nas_main/kinamkim/.local/lib/python3.10/site-packages/mujoco/egl/__init__.py", line 133, in free
    EGL.eglDestroyContext(EGL_DISPLAY, self._context)
  File "/home/nas_main/kinamkim/.local/lib/python3.10/site-packages/OpenGL/error.py", line 230, in glCheckError
    raise self._errorClass(
OpenGL.raw.EGL._errors.EGLError: EGLError(
	err = EGL_NOT_INITIALIZED,
	baseOperation = eglDestroyContext,
	cArguments = (
		<OpenGL._opaque.EGLDisplay_pointer object at 0x731bbe453c40>,
		<OpenGL._opaque.EGLContext_pointer object at 0x731a88239c40>,
	),
	result = 0
)
Exception ignored in: <function GLContext.__del__ at 0x731be1394310>
Traceback (most recent call last):
  File "/home/nas_main/kinamkim/.local/lib/python3.10/site-packages/mujoco/egl/__init__.py", line 138, in __del__
    self.free()
  File "/home/nas_main/kinamkim/.local/lib/python3.10/site-packages/mujoco/egl/__init__.py", line 133, in free
    EGL.eglDestroyContext(EGL_DISPLAY, self._context)
  File "/home/nas_main/kinamkim/.local/lib/python3.10/site-packages/OpenGL/error.py", line 230, in glCheckError
    raise self._errorClass(
OpenGL.raw.EGL._errors.EGLError: EGLError(
	err = EGL_NOT_INITIALIZED,
	baseOperation = eglDestroyContext,
	cArguments = (
		<OpenGL._opaque.EGLDisplay_pointer object at 0x731bbe453c40>,
		<OpenGL._opaque.EGLContext_pointer object at 0x731a88239c40>,
	),
	result = 0
)
Exception ignored in: <function Renderer.__del__ at 0x731be1394af0>
Traceback (most recent call last):
  File "/home/nas_main/kinamkim/.local/lib/python3.10/site-packages/mujoco/rendering/classic/renderer.py", line 339, in __del__
    self.close()
  File "/home/nas_main/kinamkim/.local/lib/python3.10/site-packages/mujoco/rendering/classic/renderer.py", line 325, in close
    self._gl_context.free()
  File "/home/nas_main/kinamkim/.local/lib/python3.10/site-packages/mujoco/egl/__init__.py", line 133, in free
    EGL.eglDestroyContext(EGL_DISPLAY, self._context)
  File "/home/nas_main/kinamkim/.local/lib/python3.10/site-packages/OpenGL/error.py", line 230, in glCheckError
    raise self._errorClass(
OpenGL.raw.EGL._errors.EGLError: EGLError(
	err = EGL_NOT_INITIALIZED,
	baseOperation = eglDestroyContext,
	cArguments = (
		<OpenGL._opaque.EGLDisplay_pointer object at 0x731bbe453c40>,
		<OpenGL._opaque.EGLContext_pointer object at 0x731a88238a40>,
	),
	result = 0
)
Exception ignored in: <function GLContext.__del__ at 0x731be1394310>
Traceback (most recent call last):
  File "/home/nas_main/kinamkim/.local/lib/python3.10/site-packages/mujoco/egl/__init__.py", line 138, in __del__
    self.free()
  File "/home/nas_main/kinamkim/.local/lib/python3.10/site-packages/mujoco/egl/__init__.py", line 133, in free
    EGL.eglDestroyContext(EGL_DISPLAY, self._context)
  File "/home/nas_main/kinamkim/.local/lib/python3.10/site-packages/OpenGL/error.py", line 230, in glCheckError
    raise self._errorClass(
OpenGL.raw.EGL._errors.EGLError: EGLError(
	err = EGL_NOT_INITIALIZED,
	baseOperation = eglDestroyContext,
	cArguments = (
		<OpenGL._opaque.EGLDisplay_pointer object at 0x731bbe453c40>,
		<OpenGL._opaque.EGLContext_pointer object at 0x731a88238a40>,
	),
	result = 0
)
Exception ignored in: <function Renderer.__del__ at 0x731be1394af0>
Traceback (most recent call last):
  File "/home/nas_main/kinamkim/.local/lib/python3.10/site-packages/mujoco/rendering/classic/renderer.py", line 339, in __del__
    self.close()
  File "/home/nas_main/kinamkim/.local/lib/python3.10/site-packages/mujoco/rendering/classic/renderer.py", line 325, in close
    self._gl_context.free()
  File "/home/nas_main/kinamkim/.local/lib/python3.10/site-packages/mujoco/egl/__init__.py", line 133, in free
    EGL.eglDestroyContext(EGL_DISPLAY, self._context)
  File "/home/nas_main/kinamkim/.local/lib/python3.10/site-packages/OpenGL/error.py", line 230, in glCheckError
    raise self._errorClass(
OpenGL.raw.EGL._errors.EGLError: EGLError(
	err = EGL_NOT_INITIALIZED,
	baseOperation = eglDestroyContext,
	cArguments = (
		<OpenGL._opaque.EGLDisplay_pointer object at 0x731bbe453c40>,
		<OpenGL._opaque.EGLContext_pointer object at 0x731a88239ac0>,
	),
	result = 0
)
Exception ignored in: <function GLContext.__del__ at 0x731be1394310>
Traceback (most recent call last):
  File "/home/nas_main/kinamkim/.local/lib/python3.10/site-packages/mujoco/egl/__init__.py", line 138, in __del__
    self.free()
  File "/home/nas_main/kinamkim/.local/lib/python3.10/site-packages/mujoco/egl/__init__.py", line 133, in free
    EGL.eglDestroyContext(EGL_DISPLAY, self._context)
  File "/home/nas_main/kinamkim/.local/lib/python3.10/site-packages/OpenGL/error.py", line 230, in glCheckError
    raise self._errorClass(
OpenGL.raw.EGL._errors.EGLError: EGLError(
	err = EGL_NOT_INITIALIZED,
	baseOperation = eglDestroyContext,
	cArguments = (
		<OpenGL._opaque.EGLDisplay_pointer object at 0x731bbe453c40>,
		<OpenGL._opaque.EGLContext_pointer object at 0x731a88239ac0>,
	),
	result = 0
)
Exception ignored in: <function Renderer.__del__ at 0x731be1394af0>
Traceback (most recent call last):
  File "/home/nas_main/kinamkim/.local/lib/python3.10/site-packages/mujoco/rendering/classic/renderer.py", line 339, in __del__
    self.close()
  File "/home/nas_main/kinamkim/.local/lib/python3.10/site-packages/mujoco/rendering/classic/renderer.py", line 325, in close
    self._gl_context.free()
  File "/home/nas_main/kinamkim/.local/lib/python3.10/site-packages/mujoco/egl/__init__.py", line 133, in free
    EGL.eglDestroyContext(EGL_DISPLAY, self._context)
  File "/home/nas_main/kinamkim/.local/lib/python3.10/site-packages/OpenGL/error.py", line 230, in glCheckError
    raise self._errorClass(
OpenGL.raw.EGL._errors.EGLError: EGLError(
	err = EGL_NOT_INITIALIZED,
	baseOperation = eglDestroyContext,
	cArguments = (
		<OpenGL._opaque.EGLDisplay_pointer object at 0x731bbe453c40>,
		<OpenGL._opaque.EGLContext_pointer object at 0x731a882388c0>,
	),
	result = 0
)
Exception ignored in: <function GLContext.__del__ at 0x731be1394310>
Traceback (most recent call last):
  File "/home/nas_main/kinamkim/.local/lib/python3.10/site-packages/mujoco/egl/__init__.py", line 138, in __del__
    self.free()
  File "/home/nas_main/kinamkim/.local/lib/python3.10/site-packages/mujoco/egl/__init__.py", line 133, in free
    EGL.eglDestroyContext(EGL_DISPLAY, self._context)
  File "/home/nas_main/kinamkim/.local/lib/python3.10/site-packages/OpenGL/error.py", line 230, in glCheckError
    raise self._errorClass(
OpenGL.raw.EGL._errors.EGLError: EGLError(
	err = EGL_NOT_INITIALIZED,
	baseOperation = eglDestroyContext,
	cArguments = (
		<OpenGL._opaque.EGLDisplay_pointer object at 0x731bbe453c40>,
		<OpenGL._opaque.EGLContext_pointer object at 0x731a882388c0>,
	),
	result = 0
)
Exception ignored in: <function Renderer.__del__ at 0x731be1394af0>
Traceback (most recent call last):
  File "/home/nas_main/kinamkim/.local/lib/python3.10/site-packages/mujoco/rendering/classic/renderer.py", line 339, in __del__
    self.close()
  File "/home/nas_main/kinamkim/.local/lib/python3.10/site-packages/mujoco/rendering/classic/renderer.py", line 325, in close
    self._gl_context.free()
  File "/home/nas_main/kinamkim/.local/lib/python3.10/site-packages/mujoco/egl/__init__.py", line 133, in free
    EGL.eglDestroyContext(EGL_DISPLAY, self._context)
  File "/home/nas_main/kinamkim/.local/lib/python3.10/site-packages/OpenGL/error.py", line 230, in glCheckError
    raise self._errorClass(
OpenGL.raw.EGL._errors.EGLError: EGLError(
	err = EGL_NOT_INITIALIZED,
	baseOperation = eglDestroyContext,
	cArguments = (
		<OpenGL._opaque.EGLDisplay_pointer object at 0x731bbe453c40>,
		<OpenGL._opaque.EGLContext_pointer object at 0x731a88239940>,
	),
	result = 0
)
Exception ignored in: <function GLContext.__del__ at 0x731be1394310>
Traceback (most recent call last):
  File "/home/nas_main/kinamkim/.local/lib/python3.10/site-packages/mujoco/egl/__init__.py", line 138, in __del__
    self.free()
  File "/home/nas_main/kinamkim/.local/lib/python3.10/site-packages/mujoco/egl/__init__.py", line 133, in free
    EGL.eglDestroyContext(EGL_DISPLAY, self._context)
  File "/home/nas_main/kinamkim/.local/lib/python3.10/site-packages/OpenGL/error.py", line 230, in glCheckError
    raise self._errorClass(
OpenGL.raw.EGL._errors.EGLError: EGLError(
	err = EGL_NOT_INITIALIZED,
	baseOperation = eglDestroyContext,
	cArguments = (
		<OpenGL._opaque.EGLDisplay_pointer object at 0x731bbe453c40>,
		<OpenGL._opaque.EGLContext_pointer object at 0x731a88239940>,
	),
	result = 0
)
Exception ignored in: <function Renderer.__del__ at 0x731be1394af0>
Traceback (most recent call last):
  File "/home/nas_main/kinamkim/.local/lib/python3.10/site-packages/mujoco/rendering/classic/renderer.py", line 339, in __del__
    self.close()
  File "/home/nas_main/kinamkim/.local/lib/python3.10/site-packages/mujoco/rendering/classic/renderer.py", line 325, in close
    self._gl_context.free()
  File "/home/nas_main/kinamkim/.local/lib/python3.10/site-packages/mujoco/egl/__init__.py", line 133, in free
    EGL.eglDestroyContext(EGL_DISPLAY, self._context)
  File "/home/nas_main/kinamkim/.local/lib/python3.10/site-packages/OpenGL/error.py", line 230, in glCheckError
    raise self._errorClass(
OpenGL.raw.EGL._errors.EGLError: EGLError(
	err = EGL_NOT_INITIALIZED,
	baseOperation = eglDestroyContext,
	cArguments = (
		<OpenGL._opaque.EGLDisplay_pointer object at 0x731bbe453c40>,
		<OpenGL._opaque.EGLContext_pointer object at 0x731a882387c0>,
	),
	result = 0
)
Exception ignored in: <function GLContext.__del__ at 0x731be1394310>
Traceback (most recent call last):
  File "/home/nas_main/kinamkim/.local/lib/python3.10/site-packages/mujoco/egl/__init__.py", line 138, in __del__
    self.free()
  File "/home/nas_main/kinamkim/.local/lib/python3.10/site-packages/mujoco/egl/__init__.py", line 133, in free
    EGL.eglDestroyContext(EGL_DISPLAY, self._context)
  File "/home/nas_main/kinamkim/.local/lib/python3.10/site-packages/OpenGL/error.py", line 230, in glCheckError
    raise self._errorClass(
OpenGL.raw.EGL._errors.EGLError: EGLError(
	err = EGL_NOT_INITIALIZED,
	baseOperation = eglDestroyContext,
	cArguments = (
		<OpenGL._opaque.EGLDisplay_pointer object at 0x731bbe453c40>,
		<OpenGL._opaque.EGLContext_pointer object at 0x731a882387c0>,
	),
	result = 0
)
Exception ignored in: <function Renderer.__del__ at 0x731be1394af0>
Traceback (most recent call last):
  File "/home/nas_main/kinamkim/.local/lib/python3.10/site-packages/mujoco/rendering/classic/renderer.py", line 339, in __del__
    self.close()
  File "/home/nas_main/kinamkim/.local/lib/python3.10/site-packages/mujoco/rendering/classic/renderer.py", line 325, in close
    self._gl_context.free()
  File "/home/nas_main/kinamkim/.local/lib/python3.10/site-packages/mujoco/egl/__init__.py", line 133, in free
    EGL.eglDestroyContext(EGL_DISPLAY, self._context)
  File "/home/nas_main/kinamkim/.local/lib/python3.10/site-packages/OpenGL/error.py", line 230, in glCheckError
    raise self._errorClass(
OpenGL.raw.EGL._errors.EGLError: EGLError(
	err = EGL_NOT_INITIALIZED,
	baseOperation = eglDestroyContext,
	cArguments = (
		<OpenGL._opaque.EGLDisplay_pointer object at 0x731bbe453c40>,
		<OpenGL._opaque.EGLContext_pointer object at 0x731a882397c0>,
	),
	result = 0
)
Exception ignored in: <function GLContext.__del__ at 0x731be1394310>
Traceback (most recent call last):
  File "/home/nas_main/kinamkim/.local/lib/python3.10/site-packages/mujoco/egl/__init__.py", line 138, in __del__
    self.free()
  File "/home/nas_main/kinamkim/.local/lib/python3.10/site-packages/mujoco/egl/__init__.py", line 133, in free
    EGL.eglDestroyContext(EGL_DISPLAY, self._context)
  File "/home/nas_main/kinamkim/.local/lib/python3.10/site-packages/OpenGL/error.py", line 230, in glCheckError
    raise self._errorClass(
OpenGL.raw.EGL._errors.EGLError: EGLError(
	err = EGL_NOT_INITIALIZED,
	baseOperation = eglDestroyContext,
	cArguments = (
		<OpenGL._opaque.EGLDisplay_pointer object at 0x731bbe453c40>,
		<OpenGL._opaque.EGLContext_pointer object at 0x731a882397c0>,
	),
	result = 0
)
Exception ignored in: <function Renderer.__del__ at 0x731be1394af0>
Traceback (most recent call last):
  File "/home/nas_main/kinamkim/.local/lib/python3.10/site-packages/mujoco/rendering/classic/renderer.py", line 339, in __del__
    self.close()
  File "/home/nas_main/kinamkim/.local/lib/python3.10/site-packages/mujoco/rendering/classic/renderer.py", line 325, in close
    self._gl_context.free()
  File "/home/nas_main/kinamkim/.local/lib/python3.10/site-packages/mujoco/egl/__init__.py", line 133, in free
    EGL.eglDestroyContext(EGL_DISPLAY, self._context)
  File "/home/nas_main/kinamkim/.local/lib/python3.10/site-packages/OpenGL/error.py", line 230, in glCheckError
    raise self._errorClass(
OpenGL.raw.EGL._errors.EGLError: EGLError(
	err = EGL_NOT_INITIALIZED,
	baseOperation = eglDestroyContext,
	cArguments = (
		<OpenGL._opaque.EGLDisplay_pointer object at 0x731bbe453c40>,
		<OpenGL._opaque.EGLContext_pointer object at 0x731a882386c0>,
	),
	result = 0
)
Exception ignored in: <function GLContext.__del__ at 0x731be1394310>
Traceback (most recent call last):
  File "/home/nas_main/kinamkim/.local/lib/python3.10/site-packages/mujoco/egl/__init__.py", line 138, in __del__
    self.free()
  File "/home/nas_main/kinamkim/.local/lib/python3.10/site-packages/mujoco/egl/__init__.py", line 133, in free
    EGL.eglDestroyContext(EGL_DISPLAY, self._context)
  File "/home/nas_main/kinamkim/.local/lib/python3.10/site-packages/OpenGL/error.py", line 230, in glCheckError
    raise self._errorClass(
OpenGL.raw.EGL._errors.EGLError: EGLError(
	err = EGL_NOT_INITIALIZED,
	baseOperation = eglDestroyContext,
	cArguments = (
		<OpenGL._opaque.EGLDisplay_pointer object at 0x731bbe453c40>,
		<OpenGL._opaque.EGLContext_pointer object at 0x731a882386c0>,
	),
	result = 0
)
Exception ignored in: <function Renderer.__del__ at 0x731be1394af0>
Traceback (most recent call last):
  File "/home/nas_main/kinamkim/.local/lib/python3.10/site-packages/mujoco/rendering/classic/renderer.py", line 339, in __del__
    self.close()
  File "/home/nas_main/kinamkim/.local/lib/python3.10/site-packages/mujoco/rendering/classic/renderer.py", line 325, in close
    self._gl_context.free()
  File "/home/nas_main/kinamkim/.local/lib/python3.10/site-packages/mujoco/egl/__init__.py", line 133, in free
    EGL.eglDestroyContext(EGL_DISPLAY, self._context)
  File "/home/nas_main/kinamkim/.local/lib/python3.10/site-packages/OpenGL/error.py", line 230, in glCheckError
    raise self._errorClass(
OpenGL.raw.EGL._errors.EGLError: EGLError(
	err = EGL_NOT_INITIALIZED,
	baseOperation = eglDestroyContext,
	cArguments = (
		<OpenGL._opaque.EGLDisplay_pointer object at 0x731bbe453c40>,
		<OpenGL._opaque.EGLContext_pointer object at 0x731a88239640>,
	),
	result = 0
)
Exception ignored in: <function GLContext.__del__ at 0x731be1394310>
Traceback (most recent call last):
  File "/home/nas_main/kinamkim/.local/lib/python3.10/site-packages/mujoco/egl/__init__.py", line 138, in __del__
    self.free()
  File "/home/nas_main/kinamkim/.local/lib/python3.10/site-packages/mujoco/egl/__init__.py", line 133, in free
    EGL.eglDestroyContext(EGL_DISPLAY, self._context)
  File "/home/nas_main/kinamkim/.local/lib/python3.10/site-packages/OpenGL/error.py", line 230, in glCheckError
    raise self._errorClass(
OpenGL.raw.EGL._errors.EGLError: EGLError(
	err = EGL_NOT_INITIALIZED,
	baseOperation = eglDestroyContext,
	cArguments = (
		<OpenGL._opaque.EGLDisplay_pointer object at 0x731bbe453c40>,
		<OpenGL._opaque.EGLContext_pointer object at 0x731a88239640>,
	),
	result = 0
)
Exception ignored in: <function Renderer.__del__ at 0x731be1394af0>
Traceback (most recent call last):
  File "/home/nas_main/kinamkim/.local/lib/python3.10/site-packages/mujoco/rendering/classic/renderer.py", line 339, in __del__
    self.close()
  File "/home/nas_main/kinamkim/.local/lib/python3.10/site-packages/mujoco/rendering/classic/renderer.py", line 325, in close
    self._gl_context.free()
  File "/home/nas_main/kinamkim/.local/lib/python3.10/site-packages/mujoco/egl/__init__.py", line 133, in free
    EGL.eglDestroyContext(EGL_DISPLAY, self._context)
  File "/home/nas_main/kinamkim/.local/lib/python3.10/site-packages/OpenGL/error.py", line 230, in glCheckError
    raise self._errorClass(
OpenGL.raw.EGL._errors.EGLError: EGLError(
	err = EGL_NOT_INITIALIZED,
	baseOperation = eglDestroyContext,
	cArguments = (
		<OpenGL._opaque.EGLDisplay_pointer object at 0x731bbe453c40>,
		<OpenGL._opaque.EGLContext_pointer object at 0x731a88238540>,
	),
	result = 0
)
Exception ignored in: <function GLContext.__del__ at 0x731be1394310>
Traceback (most recent call last):
  File "/home/nas_main/kinamkim/.local/lib/python3.10/site-packages/mujoco/egl/__init__.py", line 138, in __del__
    self.free()
  File "/home/nas_main/kinamkim/.local/lib/python3.10/site-packages/mujoco/egl/__init__.py", line 133, in free
    EGL.eglDestroyContext(EGL_DISPLAY, self._context)
  File "/home/nas_main/kinamkim/.local/lib/python3.10/site-packages/OpenGL/error.py", line 230, in glCheckError
    raise self._errorClass(
OpenGL.raw.EGL._errors.EGLError: EGLError(
	err = EGL_NOT_INITIALIZED,
	baseOperation = eglDestroyContext,
	cArguments = (
		<OpenGL._opaque.EGLDisplay_pointer object at 0x731bbe453c40>,
		<OpenGL._opaque.EGLContext_pointer object at 0x731a88238540>,
	),
	result = 0
)
Exception ignored in: <function Renderer.__del__ at 0x731be1394af0>
Traceback (most recent call last):
  File "/home/nas_main/kinamkim/.local/lib/python3.10/site-packages/mujoco/rendering/classic/renderer.py", line 339, in __del__
    self.close()
  File "/home/nas_main/kinamkim/.local/lib/python3.10/site-packages/mujoco/rendering/classic/renderer.py", line 325, in close
    self._gl_context.free()
  File "/home/nas_main/kinamkim/.local/lib/python3.10/site-packages/mujoco/egl/__init__.py", line 133, in free
    EGL.eglDestroyContext(EGL_DISPLAY, self._context)
  File "/home/nas_main/kinamkim/.local/lib/python3.10/site-packages/OpenGL/error.py", line 230, in glCheckError
    raise self._errorClass(
OpenGL.raw.EGL._errors.EGLError: EGLError(
	err = EGL_NOT_INITIALIZED,
	baseOperation = eglDestroyContext,
	cArguments = (
		<OpenGL._opaque.EGLDisplay_pointer object at 0x731bbe453c40>,
		<OpenGL._opaque.EGLContext_pointer object at 0x731a882394c0>,
	),
	result = 0
)
Exception ignored in: <function GLContext.__del__ at 0x731be1394310>
Traceback (most recent call last):
  File "/home/nas_main/kinamkim/.local/lib/python3.10/site-packages/mujoco/egl/__init__.py", line 138, in __del__
    self.free()
  File "/home/nas_main/kinamkim/.local/lib/python3.10/site-packages/mujoco/egl/__init__.py", line 133, in free
    EGL.eglDestroyContext(EGL_DISPLAY, self._context)
  File "/home/nas_main/kinamkim/.local/lib/python3.10/site-packages/OpenGL/error.py", line 230, in glCheckError
    raise self._errorClass(
OpenGL.raw.EGL._errors.EGLError: EGLError(
	err = EGL_NOT_INITIALIZED,
	baseOperation = eglDestroyContext,
	cArguments = (
		<OpenGL._opaque.EGLDisplay_pointer object at 0x731bbe453c40>,
		<OpenGL._opaque.EGLContext_pointer object at 0x731a882394c0>,
	),
	result = 0
)
Exception ignored in: <function Renderer.__del__ at 0x731be1394af0>
Traceback (most recent call last):
  File "/home/nas_main/kinamkim/.local/lib/python3.10/site-packages/mujoco/rendering/classic/renderer.py", line 339, in __del__
    self.close()
  File "/home/nas_main/kinamkim/.local/lib/python3.10/site-packages/mujoco/rendering/classic/renderer.py", line 325, in close
    self._gl_context.free()
  File "/home/nas_main/kinamkim/.local/lib/python3.10/site-packages/mujoco/egl/__init__.py", line 133, in free
    EGL.eglDestroyContext(EGL_DISPLAY, self._context)
  File "/home/nas_main/kinamkim/.local/lib/python3.10/site-packages/OpenGL/error.py", line 230, in glCheckError
    raise self._errorClass(
OpenGL.raw.EGL._errors.EGLError: EGLError(
	err = EGL_NOT_INITIALIZED,
	baseOperation = eglDestroyContext,
	cArguments = (
		<OpenGL._opaque.EGLDisplay_pointer object at 0x731bbe453c40>,
		<OpenGL._opaque.EGLContext_pointer object at 0x731a882392c0>,
	),
	result = 0
)
Exception ignored in: <function GLContext.__del__ at 0x731be1394310>
Traceback (most recent call last):
  File "/home/nas_main/kinamkim/.local/lib/python3.10/site-packages/mujoco/egl/__init__.py", line 138, in __del__
    self.free()
  File "/home/nas_main/kinamkim/.local/lib/python3.10/site-packages/mujoco/egl/__init__.py", line 133, in free
    EGL.eglDestroyContext(EGL_DISPLAY, self._context)
  File "/home/nas_main/kinamkim/.local/lib/python3.10/site-packages/OpenGL/error.py", line 230, in glCheckError
    raise self._errorClass(
OpenGL.raw.EGL._errors.EGLError: EGLError(
	err = EGL_NOT_INITIALIZED,
	baseOperation = eglDestroyContext,
	cArguments = (
		<OpenGL._opaque.EGLDisplay_pointer object at 0x731bbe453c40>,
		<OpenGL._opaque.EGLContext_pointer object at 0x731a882392c0>,
	),
	result = 0
)
Exception ignored in: <function Renderer.__del__ at 0x731be1394af0>
Traceback (most recent call last):
  File "/home/nas_main/kinamkim/.local/lib/python3.10/site-packages/mujoco/rendering/classic/renderer.py", line 339, in __del__
    self.close()
  File "/home/nas_main/kinamkim/.local/lib/python3.10/site-packages/mujoco/rendering/classic/renderer.py", line 325, in close
    self._gl_context.free()
  File "/home/nas_main/kinamkim/.local/lib/python3.10/site-packages/mujoco/egl/__init__.py", line 133, in free
    EGL.eglDestroyContext(EGL_DISPLAY, self._context)
  File "/home/nas_main/kinamkim/.local/lib/python3.10/site-packages/OpenGL/error.py", line 230, in glCheckError
    raise self._errorClass(
OpenGL.raw.EGL._errors.EGLError: EGLError(
	err = EGL_NOT_INITIALIZED,
	baseOperation = eglDestroyContext,
	cArguments = (
		<OpenGL._opaque.EGLDisplay_pointer object at 0x731bbe453c40>,
		<OpenGL._opaque.EGLContext_pointer object at 0x731a88239340>,
	),
	result = 0
)
Exception ignored in: <function GLContext.__del__ at 0x731be1394310>
Traceback (most recent call last):
  File "/home/nas_main/kinamkim/.local/lib/python3.10/site-packages/mujoco/egl/__init__.py", line 138, in __del__
    self.free()
  File "/home/nas_main/kinamkim/.local/lib/python3.10/site-packages/mujoco/egl/__init__.py", line 133, in free
    EGL.eglDestroyContext(EGL_DISPLAY, self._context)
  File "/home/nas_main/kinamkim/.local/lib/python3.10/site-packages/OpenGL/error.py", line 230, in glCheckError
    raise self._errorClass(
OpenGL.raw.EGL._errors.EGLError: EGLError(
	err = EGL_NOT_INITIALIZED,
	baseOperation = eglDestroyContext,
	cArguments = (
		<OpenGL._opaque.EGLDisplay_pointer object at 0x731bbe453c40>,
		<OpenGL._opaque.EGLContext_pointer object at 0x731a88239340>,
	),
	result = 0
)
Exception ignored in: <function Renderer.__del__ at 0x731be1394af0>
Traceback (most recent call last):
  File "/home/nas_main/kinamkim/.local/lib/python3.10/site-packages/mujoco/rendering/classic/renderer.py", line 339, in __del__
    self.close()
  File "/home/nas_main/kinamkim/.local/lib/python3.10/site-packages/mujoco/rendering/classic/renderer.py", line 325, in close
    self._gl_context.free()
  File "/home/nas_main/kinamkim/.local/lib/python3.10/site-packages/mujoco/egl/__init__.py", line 133, in free
    EGL.eglDestroyContext(EGL_DISPLAY, self._context)
  File "/home/nas_main/kinamkim/.local/lib/python3.10/site-packages/OpenGL/error.py", line 230, in glCheckError
    raise self._errorClass(
OpenGL.raw.EGL._errors.EGLError: EGLError(
	err = EGL_NOT_INITIALIZED,
	baseOperation = eglDestroyContext,
	cArguments = (
		<OpenGL._opaque.EGLDisplay_pointer object at 0x731bbe453c40>,
		<OpenGL._opaque.EGLContext_pointer object at 0x731a882383c0>,
	),
	result = 0
)
Exception ignored in: <function GLContext.__del__ at 0x731be1394310>
Traceback (most recent call last):
  File "/home/nas_main/kinamkim/.local/lib/python3.10/site-packages/mujoco/egl/__init__.py", line 138, in __del__
    self.free()
  File "/home/nas_main/kinamkim/.local/lib/python3.10/site-packages/mujoco/egl/__init__.py", line 133, in free
    EGL.eglDestroyContext(EGL_DISPLAY, self._context)
  File "/home/nas_main/kinamkim/.local/lib/python3.10/site-packages/OpenGL/error.py", line 230, in glCheckError
    raise self._errorClass(
OpenGL.raw.EGL._errors.EGLError: EGLError(
	err = EGL_NOT_INITIALIZED,
	baseOperation = eglDestroyContext,
	cArguments = (
		<OpenGL._opaque.EGLDisplay_pointer object at 0x731bbe453c40>,
		<OpenGL._opaque.EGLContext_pointer object at 0x731a882383c0>,
	),
	result = 0
)
Exception ignored in: <function Renderer.__del__ at 0x731be1394af0>
Traceback (most recent call last):
  File "/home/nas_main/kinamkim/.local/lib/python3.10/site-packages/mujoco/rendering/classic/renderer.py", line 339, in __del__
    self.close()
  File "/home/nas_main/kinamkim/.local/lib/python3.10/site-packages/mujoco/rendering/classic/renderer.py", line 325, in close
    self._gl_context.free()
  File "/home/nas_main/kinamkim/.local/lib/python3.10/site-packages/mujoco/egl/__init__.py", line 133, in free
    EGL.eglDestroyContext(EGL_DISPLAY, self._context)
  File "/home/nas_main/kinamkim/.local/lib/python3.10/site-packages/OpenGL/error.py", line 230, in glCheckError
    raise self._errorClass(
OpenGL.raw.EGL._errors.EGLError: EGLError(
	err = EGL_NOT_INITIALIZED,
	baseOperation = eglDestroyContext,
	cArguments = (
		<OpenGL._opaque.EGLDisplay_pointer object at 0x731bbe453c40>,
		<OpenGL._opaque.EGLContext_pointer object at 0x731a88239240>,
	),
	result = 0
)
Exception ignored in: <function GLContext.__del__ at 0x731be1394310>
Traceback (most recent call last):
  File "/home/nas_main/kinamkim/.local/lib/python3.10/site-packages/mujoco/egl/__init__.py", line 138, in __del__
    self.free()
  File "/home/nas_main/kinamkim/.local/lib/python3.10/site-packages/mujoco/egl/__init__.py", line 133, in free
    EGL.eglDestroyContext(EGL_DISPLAY, self._context)
  File "/home/nas_main/kinamkim/.local/lib/python3.10/site-packages/OpenGL/error.py", line 230, in glCheckError
    raise self._errorClass(
OpenGL.raw.EGL._errors.EGLError: EGLError(
	err = EGL_NOT_INITIALIZED,
	baseOperation = eglDestroyContext,
	cArguments = (
		<OpenGL._opaque.EGLDisplay_pointer object at 0x731bbe453c40>,
		<OpenGL._opaque.EGLContext_pointer object at 0x731a88239240>,
	),
	result = 0
)
Exception ignored in: <function Renderer.__del__ at 0x731be1394af0>
Traceback (most recent call last):
  File "/home/nas_main/kinamkim/.local/lib/python3.10/site-packages/mujoco/rendering/classic/renderer.py", line 339, in __del__
    self.close()
  File "/home/nas_main/kinamkim/.local/lib/python3.10/site-packages/mujoco/rendering/classic/renderer.py", line 325, in close
    self._gl_context.free()
  File "/home/nas_main/kinamkim/.local/lib/python3.10/site-packages/mujoco/egl/__init__.py", line 133, in free
    EGL.eglDestroyContext(EGL_DISPLAY, self._context)
  File "/home/nas_main/kinamkim/.local/lib/python3.10/site-packages/OpenGL/error.py", line 230, in glCheckError
    raise self._errorClass(
OpenGL.raw.EGL._errors.EGLError: EGLError(
	err = EGL_NOT_INITIALIZED,
	baseOperation = eglDestroyContext,
	cArguments = (
		<OpenGL._opaque.EGLDisplay_pointer object at 0x731bbe453c40>,
		<OpenGL._opaque.EGLContext_pointer object at 0x731a882382c0>,
	),
	result = 0
)
Exception ignored in: <function GLContext.__del__ at 0x731be1394310>
Traceback (most recent call last):
  File "/home/nas_main/kinamkim/.local/lib/python3.10/site-packages/mujoco/egl/__init__.py", line 138, in __del__
    self.free()
  File "/home/nas_main/kinamkim/.local/lib/python3.10/site-packages/mujoco/egl/__init__.py", line 133, in free
    EGL.eglDestroyContext(EGL_DISPLAY, self._context)
  File "/home/nas_main/kinamkim/.local/lib/python3.10/site-packages/OpenGL/error.py", line 230, in glCheckError
    raise self._errorClass(
OpenGL.raw.EGL._errors.EGLError: EGLError(
	err = EGL_NOT_INITIALIZED,
	baseOperation = eglDestroyContext,
	cArguments = (
		<OpenGL._opaque.EGLDisplay_pointer object at 0x731bbe453c40>,
		<OpenGL._opaque.EGLContext_pointer object at 0x731a882382c0>,
	),
	result = 0
)
Exception ignored in: <function Renderer.__del__ at 0x731be1394af0>
Traceback (most recent call last):
  File "/home/nas_main/kinamkim/.local/lib/python3.10/site-packages/mujoco/rendering/classic/renderer.py", line 339, in __del__
    self.close()
  File "/home/nas_main/kinamkim/.local/lib/python3.10/site-packages/mujoco/rendering/classic/renderer.py", line 325, in close
    self._gl_context.free()
  File "/home/nas_main/kinamkim/.local/lib/python3.10/site-packages/mujoco/egl/__init__.py", line 133, in free
    EGL.eglDestroyContext(EGL_DISPLAY, self._context)
  File "/home/nas_main/kinamkim/.local/lib/python3.10/site-packages/OpenGL/error.py", line 230, in glCheckError
    raise self._errorClass(
OpenGL.raw.EGL._errors.EGLError: EGLError(
	err = EGL_NOT_INITIALIZED,
	baseOperation = eglDestroyContext,
	cArguments = (
		<OpenGL._opaque.EGLDisplay_pointer object at 0x731bbe453c40>,
		<OpenGL._opaque.EGLContext_pointer object at 0x731a882390c0>,
	),
	result = 0
)
Exception ignored in: <function GLContext.__del__ at 0x731be1394310>
Traceback (most recent call last):
  File "/home/nas_main/kinamkim/.local/lib/python3.10/site-packages/mujoco/egl/__init__.py", line 138, in __del__
    self.free()
  File "/home/nas_main/kinamkim/.local/lib/python3.10/site-packages/mujoco/egl/__init__.py", line 133, in free
    EGL.eglDestroyContext(EGL_DISPLAY, self._context)
  File "/home/nas_main/kinamkim/.local/lib/python3.10/site-packages/OpenGL/error.py", line 230, in glCheckError
    raise self._errorClass(
OpenGL.raw.EGL._errors.EGLError: EGLError(
	err = EGL_NOT_INITIALIZED,
	baseOperation = eglDestroyContext,
	cArguments = (
		<OpenGL._opaque.EGLDisplay_pointer object at 0x731bbe453c40>,
		<OpenGL._opaque.EGLContext_pointer object at 0x731a882390c0>,
	),
	result = 0
)
Exception ignored in: <function Renderer.__del__ at 0x731be1394af0>
Traceback (most recent call last):
  File "/home/nas_main/kinamkim/.local/lib/python3.10/site-packages/mujoco/rendering/classic/renderer.py", line 339, in __del__
    self.close()
  File "/home/nas_main/kinamkim/.local/lib/python3.10/site-packages/mujoco/rendering/classic/renderer.py", line 325, in close
    self._gl_context.free()
  File "/home/nas_main/kinamkim/.local/lib/python3.10/site-packages/mujoco/egl/__init__.py", line 133, in free
    EGL.eglDestroyContext(EGL_DISPLAY, self._context)
  File "/home/nas_main/kinamkim/.local/lib/python3.10/site-packages/OpenGL/error.py", line 230, in glCheckError
    raise self._errorClass(
OpenGL.raw.EGL._errors.EGLError: EGLError(
	err = EGL_NOT_INITIALIZED,
	baseOperation = eglDestroyContext,
	cArguments = (
		<OpenGL._opaque.EGLDisplay_pointer object at 0x731bbe453c40>,
		<OpenGL._opaque.EGLContext_pointer object at 0x731a88238240>,
	),
	result = 0
)
Exception ignored in: <function GLContext.__del__ at 0x731be1394310>
Traceback (most recent call last):
  File "/home/nas_main/kinamkim/.local/lib/python3.10/site-packages/mujoco/egl/__init__.py", line 138, in __del__
    self.free()
  File "/home/nas_main/kinamkim/.local/lib/python3.10/site-packages/mujoco/egl/__init__.py", line 133, in free
    EGL.eglDestroyContext(EGL_DISPLAY, self._context)
  File "/home/nas_main/kinamkim/.local/lib/python3.10/site-packages/OpenGL/error.py", line 230, in glCheckError
    raise self._errorClass(
OpenGL.raw.EGL._errors.EGLError: EGLError(
	err = EGL_NOT_INITIALIZED,
	baseOperation = eglDestroyContext,
	cArguments = (
		<OpenGL._opaque.EGLDisplay_pointer object at 0x731bbe453c40>,
		<OpenGL._opaque.EGLContext_pointer object at 0x731a88238240>,
	),
	result = 0
)
Exception ignored in: <function Renderer.__del__ at 0x731be1394af0>
Traceback (most recent call last):
  File "/home/nas_main/kinamkim/.local/lib/python3.10/site-packages/mujoco/rendering/classic/renderer.py", line 339, in __del__
    self.close()
  File "/home/nas_main/kinamkim/.local/lib/python3.10/site-packages/mujoco/rendering/classic/renderer.py", line 325, in close
    self._gl_context.free()
  File "/home/nas_main/kinamkim/.local/lib/python3.10/site-packages/mujoco/egl/__init__.py", line 133, in free
    EGL.eglDestroyContext(EGL_DISPLAY, self._context)
  File "/home/nas_main/kinamkim/.local/lib/python3.10/site-packages/OpenGL/error.py", line 230, in glCheckError
    raise self._errorClass(
OpenGL.raw.EGL._errors.EGLError: EGLError(
	err = EGL_NOT_INITIALIZED,
	baseOperation = eglDestroyContext,
	cArguments = (
		<OpenGL._opaque.EGLDisplay_pointer object at 0x731bbe453c40>,
		<OpenGL._opaque.EGLContext_pointer object at 0x731a88238f40>,
	),
	result = 0
)
Exception ignored in: <function GLContext.__del__ at 0x731be1394310>
Traceback (most recent call last):
  File "/home/nas_main/kinamkim/.local/lib/python3.10/site-packages/mujoco/egl/__init__.py", line 138, in __del__
    self.free()
  File "/home/nas_main/kinamkim/.local/lib/python3.10/site-packages/mujoco/egl/__init__.py", line 133, in free
    EGL.eglDestroyContext(EGL_DISPLAY, self._context)
  File "/home/nas_main/kinamkim/.local/lib/python3.10/site-packages/OpenGL/error.py", line 230, in glCheckError
    raise self._errorClass(
OpenGL.raw.EGL._errors.EGLError: EGLError(
	err = EGL_NOT_INITIALIZED,
	baseOperation = eglDestroyContext,
	cArguments = (
		<OpenGL._opaque.EGLDisplay_pointer object at 0x731bbe453c40>,
		<OpenGL._opaque.EGLContext_pointer object at 0x731a88238f40>,
	),
	result = 0
)
Exception ignored in: <function Renderer.__del__ at 0x731be1394af0>
Traceback (most recent call last):
  File "/home/nas_main/kinamkim/.local/lib/python3.10/site-packages/mujoco/rendering/classic/renderer.py", line 339, in __del__
    self.close()
  File "/home/nas_main/kinamkim/.local/lib/python3.10/site-packages/mujoco/rendering/classic/renderer.py", line 325, in close
    self._gl_context.free()
  File "/home/nas_main/kinamkim/.local/lib/python3.10/site-packages/mujoco/egl/__init__.py", line 133, in free
    EGL.eglDestroyContext(EGL_DISPLAY, self._context)
  File "/home/nas_main/kinamkim/.local/lib/python3.10/site-packages/OpenGL/error.py", line 230, in glCheckError
    raise self._errorClass(
OpenGL.raw.EGL._errors.EGLError: EGLError(
	err = EGL_NOT_INITIALIZED,
	baseOperation = eglDestroyContext,
	cArguments = (
		<OpenGL._opaque.EGLDisplay_pointer object at 0x731bbe453c40>,
		<OpenGL._opaque.EGLContext_pointer object at 0x731a882381c0>,
	),
	result = 0
)
Exception ignored in: <function GLContext.__del__ at 0x731be1394310>
Traceback (most recent call last):
  File "/home/nas_main/kinamkim/.local/lib/python3.10/site-packages/mujoco/egl/__init__.py", line 138, in __del__
    self.free()
  File "/home/nas_main/kinamkim/.local/lib/python3.10/site-packages/mujoco/egl/__init__.py", line 133, in free
    EGL.eglDestroyContext(EGL_DISPLAY, self._context)
  File "/home/nas_main/kinamkim/.local/lib/python3.10/site-packages/OpenGL/error.py", line 230, in glCheckError
    raise self._errorClass(
OpenGL.raw.EGL._errors.EGLError: EGLError(
	err = EGL_NOT_INITIALIZED,
	baseOperation = eglDestroyContext,
	cArguments = (
		<OpenGL._opaque.EGLDisplay_pointer object at 0x731bbe453c40>,
		<OpenGL._opaque.EGLContext_pointer object at 0x731a882381c0>,
	),
	result = 0
)
Exception ignored in: <function Renderer.__del__ at 0x731be1394af0>
Traceback (most recent call last):
  File "/home/nas_main/kinamkim/.local/lib/python3.10/site-packages/mujoco/rendering/classic/renderer.py", line 339, in __del__
    self.close()
  File "/home/nas_main/kinamkim/.local/lib/python3.10/site-packages/mujoco/rendering/classic/renderer.py", line 325, in close
    self._gl_context.free()
  File "/home/nas_main/kinamkim/.local/lib/python3.10/site-packages/mujoco/egl/__init__.py", line 133, in free
    EGL.eglDestroyContext(EGL_DISPLAY, self._context)
  File "/home/nas_main/kinamkim/.local/lib/python3.10/site-packages/OpenGL/error.py", line 230, in glCheckError
    raise self._errorClass(
OpenGL.raw.EGL._errors.EGLError: EGLError(
	err = EGL_NOT_INITIALIZED,
	baseOperation = eglDestroyContext,
	cArguments = (
		<OpenGL._opaque.EGLDisplay_pointer object at 0x731bbe453c40>,
		<OpenGL._opaque.EGLContext_pointer object at 0x731a88238dc0>,
	),
	result = 0
)
Exception ignored in: <function GLContext.__del__ at 0x731be1394310>
Traceback (most recent call last):
  File "/home/nas_main/kinamkim/.local/lib/python3.10/site-packages/mujoco/egl/__init__.py", line 138, in __del__
    self.free()
  File "/home/nas_main/kinamkim/.local/lib/python3.10/site-packages/mujoco/egl/__init__.py", line 133, in free
    EGL.eglDestroyContext(EGL_DISPLAY, self._context)
  File "/home/nas_main/kinamkim/.local/lib/python3.10/site-packages/OpenGL/error.py", line 230, in glCheckError
    raise self._errorClass(
OpenGL.raw.EGL._errors.EGLError: EGLError(
	err = EGL_NOT_INITIALIZED,
	baseOperation = eglDestroyContext,
	cArguments = (
		<OpenGL._opaque.EGLDisplay_pointer object at 0x731bbe453c40>,
		<OpenGL._opaque.EGLContext_pointer object at 0x731a88238dc0>,
	),
	result = 0
)
Exception ignored in: <function Renderer.__del__ at 0x731be1394af0>
Traceback (most recent call last):
  File "/home/nas_main/kinamkim/.local/lib/python3.10/site-packages/mujoco/rendering/classic/renderer.py", line 339, in __del__
    self.close()
  File "/home/nas_main/kinamkim/.local/lib/python3.10/site-packages/mujoco/rendering/classic/renderer.py", line 325, in close
    self._gl_context.free()
  File "/home/nas_main/kinamkim/.local/lib/python3.10/site-packages/mujoco/egl/__init__.py", line 133, in free
    EGL.eglDestroyContext(EGL_DISPLAY, self._context)
  File "/home/nas_main/kinamkim/.local/lib/python3.10/site-packages/OpenGL/error.py", line 230, in glCheckError
    raise self._errorClass(
OpenGL.raw.EGL._errors.EGLError: EGLError(
	err = EGL_NOT_INITIALIZED,
	baseOperation = eglDestroyContext,
	cArguments = (
		<OpenGL._opaque.EGLDisplay_pointer object at 0x731bbe453c40>,
		<OpenGL._opaque.EGLContext_pointer object at 0x731a88238140>,
	),
	result = 0
)
Exception ignored in: <function GLContext.__del__ at 0x731be1394310>
Traceback (most recent call last):
  File "/home/nas_main/kinamkim/.local/lib/python3.10/site-packages/mujoco/egl/__init__.py", line 138, in __del__
    self.free()
  File "/home/nas_main/kinamkim/.local/lib/python3.10/site-packages/mujoco/egl/__init__.py", line 133, in free
    EGL.eglDestroyContext(EGL_DISPLAY, self._context)
  File "/home/nas_main/kinamkim/.local/lib/python3.10/site-packages/OpenGL/error.py", line 230, in glCheckError
    raise self._errorClass(
OpenGL.raw.EGL._errors.EGLError: EGLError(
	err = EGL_NOT_INITIALIZED,
	baseOperation = eglDestroyContext,
	cArguments = (
		<OpenGL._opaque.EGLDisplay_pointer object at 0x731bbe453c40>,
		<OpenGL._opaque.EGLContext_pointer object at 0x731a88238140>,
	),
	result = 0
)
Exception ignored in: <function Renderer.__del__ at 0x731be1394af0>
Traceback (most recent call last):
  File "/home/nas_main/kinamkim/.local/lib/python3.10/site-packages/mujoco/rendering/classic/renderer.py", line 339, in __del__
    self.close()
  File "/home/nas_main/kinamkim/.local/lib/python3.10/site-packages/mujoco/rendering/classic/renderer.py", line 325, in close
    self._gl_context.free()
  File "/home/nas_main/kinamkim/.local/lib/python3.10/site-packages/mujoco/egl/__init__.py", line 133, in free
    EGL.eglDestroyContext(EGL_DISPLAY, self._context)
  File "/home/nas_main/kinamkim/.local/lib/python3.10/site-packages/OpenGL/error.py", line 230, in glCheckError
    raise self._errorClass(
OpenGL.raw.EGL._errors.EGLError: EGLError(
	err = EGL_NOT_INITIALIZED,
	baseOperation = eglDestroyContext,
	cArguments = (
		<OpenGL._opaque.EGLDisplay_pointer object at 0x731bbe453c40>,
		<OpenGL._opaque.EGLContext_pointer object at 0x731a882389c0>,
	),
	result = 0
)
Exception ignored in: <function GLContext.__del__ at 0x731be1394310>
Traceback (most recent call last):
  File "/home/nas_main/kinamkim/.local/lib/python3.10/site-packages/mujoco/egl/__init__.py", line 138, in __del__
    self.free()
  File "/home/nas_main/kinamkim/.local/lib/python3.10/site-packages/mujoco/egl/__init__.py", line 133, in free
    EGL.eglDestroyContext(EGL_DISPLAY, self._context)
  File "/home/nas_main/kinamkim/.local/lib/python3.10/site-packages/OpenGL/error.py", line 230, in glCheckError
    raise self._errorClass(
OpenGL.raw.EGL._errors.EGLError: EGLError(
	err = EGL_NOT_INITIALIZED,
	baseOperation = eglDestroyContext,
	cArguments = (
		<OpenGL._opaque.EGLDisplay_pointer object at 0x731bbe453c40>,
		<OpenGL._opaque.EGLContext_pointer object at 0x731a882389c0>,
	),
	result = 0
)
Exception ignored in: <function Renderer.__del__ at 0x731be1394af0>
Traceback (most recent call last):
  File "/home/nas_main/kinamkim/.local/lib/python3.10/site-packages/mujoco/rendering/classic/renderer.py", line 339, in __del__
    self.close()
  File "/home/nas_main/kinamkim/.local/lib/python3.10/site-packages/mujoco/rendering/classic/renderer.py", line 325, in close
    self._gl_context.free()
  File "/home/nas_main/kinamkim/.local/lib/python3.10/site-packages/mujoco/egl/__init__.py", line 133, in free
    EGL.eglDestroyContext(EGL_DISPLAY, self._context)
  File "/home/nas_main/kinamkim/.local/lib/python3.10/site-packages/OpenGL/error.py", line 230, in glCheckError
    raise self._errorClass(
OpenGL.raw.EGL._errors.EGLError: EGLError(
	err = EGL_NOT_INITIALIZED,
	baseOperation = eglDestroyContext,
	cArguments = (
		<OpenGL._opaque.EGLDisplay_pointer object at 0x731bbe453c40>,
		<OpenGL._opaque.EGLContext_pointer object at 0x731a882380c0>,
	),
	result = 0
)
Exception ignored in: <function GLContext.__del__ at 0x731be1394310>
Traceback (most recent call last):
  File "/home/nas_main/kinamkim/.local/lib/python3.10/site-packages/mujoco/egl/__init__.py", line 138, in __del__
    self.free()
  File "/home/nas_main/kinamkim/.local/lib/python3.10/site-packages/mujoco/egl/__init__.py", line 133, in free
    EGL.eglDestroyContext(EGL_DISPLAY, self._context)
  File "/home/nas_main/kinamkim/.local/lib/python3.10/site-packages/OpenGL/error.py", line 230, in glCheckError
    raise self._errorClass(
OpenGL.raw.EGL._errors.EGLError: EGLError(
	err = EGL_NOT_INITIALIZED,
	baseOperation = eglDestroyContext,
	cArguments = (
		<OpenGL._opaque.EGLDisplay_pointer object at 0x731bbe453c40>,
		<OpenGL._opaque.EGLContext_pointer object at 0x731a882380c0>,
	),
	result = 0
)
Exception ignored in: <function Renderer.__del__ at 0x731be1394af0>
Traceback (most recent call last):
  File "/home/nas_main/kinamkim/.local/lib/python3.10/site-packages/mujoco/rendering/classic/renderer.py", line 339, in __del__
    self.close()
  File "/home/nas_main/kinamkim/.local/lib/python3.10/site-packages/mujoco/rendering/classic/renderer.py", line 325, in close
    self._gl_context.free()
  File "/home/nas_main/kinamkim/.local/lib/python3.10/site-packages/mujoco/egl/__init__.py", line 133, in free
    EGL.eglDestroyContext(EGL_DISPLAY, self._context)
  File "/home/nas_main/kinamkim/.local/lib/python3.10/site-packages/OpenGL/error.py", line 230, in glCheckError
    raise self._errorClass(
OpenGL.raw.EGL._errors.EGLError: EGLError(
	err = EGL_NOT_INITIALIZED,
	baseOperation = eglDestroyContext,
	cArguments = (
		<OpenGL._opaque.EGLDisplay_pointer object at 0x731bbe453c40>,
		<OpenGL._opaque.EGLContext_pointer object at 0x731a88238ac0>,
	),
	result = 0
)
Exception ignored in: <function GLContext.__del__ at 0x731be1394310>
Traceback (most recent call last):
  File "/home/nas_main/kinamkim/.local/lib/python3.10/site-packages/mujoco/egl/__init__.py", line 138, in __del__
    self.free()
  File "/home/nas_main/kinamkim/.local/lib/python3.10/site-packages/mujoco/egl/__init__.py", line 133, in free
    EGL.eglDestroyContext(EGL_DISPLAY, self._context)
  File "/home/nas_main/kinamkim/.local/lib/python3.10/site-packages/OpenGL/error.py", line 230, in glCheckError
    raise self._errorClass(
OpenGL.raw.EGL._errors.EGLError: EGLError(
	err = EGL_NOT_INITIALIZED,
	baseOperation = eglDestroyContext,
	cArguments = (
		<OpenGL._opaque.EGLDisplay_pointer object at 0x731bbe453c40>,
		<OpenGL._opaque.EGLContext_pointer object at 0x731a88238ac0>,
	),
	result = 0
)
Exception ignored in: <function Renderer.__del__ at 0x731be1394af0>
Traceback (most recent call last):
  File "/home/nas_main/kinamkim/.local/lib/python3.10/site-packages/mujoco/rendering/classic/renderer.py", line 339, in __del__
    self.close()
  File "/home/nas_main/kinamkim/.local/lib/python3.10/site-packages/mujoco/rendering/classic/renderer.py", line 325, in close
    self._gl_context.free()
  File "/home/nas_main/kinamkim/.local/lib/python3.10/site-packages/mujoco/egl/__init__.py", line 133, in free
    EGL.eglDestroyContext(EGL_DISPLAY, self._context)
  File "/home/nas_main/kinamkim/.local/lib/python3.10/site-packages/OpenGL/error.py", line 230, in glCheckError
    raise self._errorClass(
OpenGL.raw.EGL._errors.EGLError: EGLError(
	err = EGL_NOT_INITIALIZED,
	baseOperation = eglDestroyContext,
	cArguments = (
		<OpenGL._opaque.EGLDisplay_pointer object at 0x731bbe453c40>,
		<OpenGL._opaque.EGLContext_pointer object at 0x731a88238040>,
	),
	result = 0
)
Exception ignored in: <function GLContext.__del__ at 0x731be1394310>
Traceback (most recent call last):
  File "/home/nas_main/kinamkim/.local/lib/python3.10/site-packages/mujoco/egl/__init__.py", line 138, in __del__
    self.free()
  File "/home/nas_main/kinamkim/.local/lib/python3.10/site-packages/mujoco/egl/__init__.py", line 133, in free
    EGL.eglDestroyContext(EGL_DISPLAY, self._context)
  File "/home/nas_main/kinamkim/.local/lib/python3.10/site-packages/OpenGL/error.py", line 230, in glCheckError
    raise self._errorClass(
OpenGL.raw.EGL._errors.EGLError: EGLError(
	err = EGL_NOT_INITIALIZED,
	baseOperation = eglDestroyContext,
	cArguments = (
		<OpenGL._opaque.EGLDisplay_pointer object at 0x731bbe453c40>,
		<OpenGL._opaque.EGLContext_pointer object at 0x731a88238040>,
	),
	result = 0
)
Exception ignored in: <function Renderer.__del__ at 0x731be1394af0>
Traceback (most recent call last):
  File "/home/nas_main/kinamkim/.local/lib/python3.10/site-packages/mujoco/rendering/classic/renderer.py", line 339, in __del__
    self.close()
  File "/home/nas_main/kinamkim/.local/lib/python3.10/site-packages/mujoco/rendering/classic/renderer.py", line 325, in close
    self._gl_context.free()
  File "/home/nas_main/kinamkim/.local/lib/python3.10/site-packages/mujoco/egl/__init__.py", line 133, in free
    EGL.eglDestroyContext(EGL_DISPLAY, self._context)
  File "/home/nas_main/kinamkim/.local/lib/python3.10/site-packages/OpenGL/error.py", line 230, in glCheckError
    raise self._errorClass(
OpenGL.raw.EGL._errors.EGLError: EGLError(
	err = EGL_NOT_INITIALIZED,
	baseOperation = eglDestroyContext,
	cArguments = (
		<OpenGL._opaque.EGLDisplay_pointer object at 0x731bbe453c40>,
		<OpenGL._opaque.EGLContext_pointer object at 0x731a88238940>,
	),
	result = 0
)
Exception ignored in: <function GLContext.__del__ at 0x731be1394310>
Traceback (most recent call last):
  File "/home/nas_main/kinamkim/.local/lib/python3.10/site-packages/mujoco/egl/__init__.py", line 138, in __del__
    self.free()
  File "/home/nas_main/kinamkim/.local/lib/python3.10/site-packages/mujoco/egl/__init__.py", line 133, in free
    EGL.eglDestroyContext(EGL_DISPLAY, self._context)
  File "/home/nas_main/kinamkim/.local/lib/python3.10/site-packages/OpenGL/error.py", line 230, in glCheckError
    raise self._errorClass(
OpenGL.raw.EGL._errors.EGLError: EGLError(
	err = EGL_NOT_INITIALIZED,
	baseOperation = eglDestroyContext,
	cArguments = (
		<OpenGL._opaque.EGLDisplay_pointer object at 0x731bbe453c40>,
		<OpenGL._opaque.EGLContext_pointer object at 0x731a88238940>,
	),
	result = 0
)
Exception ignored in: <function Renderer.__del__ at 0x731be1394af0>
Traceback (most recent call last):
  File "/home/nas_main/kinamkim/.local/lib/python3.10/site-packages/mujoco/rendering/classic/renderer.py", line 339, in __del__
    self.close()
  File "/home/nas_main/kinamkim/.local/lib/python3.10/site-packages/mujoco/rendering/classic/renderer.py", line 325, in close
    self._gl_context.free()
  File "/home/nas_main/kinamkim/.local/lib/python3.10/site-packages/mujoco/egl/__init__.py", line 133, in free
    EGL.eglDestroyContext(EGL_DISPLAY, self._context)
  File "/home/nas_main/kinamkim/.local/lib/python3.10/site-packages/OpenGL/error.py", line 230, in glCheckError
    raise self._errorClass(
OpenGL.raw.EGL._errors.EGLError: EGLError(
	err = EGL_NOT_INITIALIZED,
	baseOperation = eglDestroyContext,
	cArguments = (
		<OpenGL._opaque.EGLDisplay_pointer object at 0x731bbe453c40>,
		<OpenGL._opaque.EGLContext_pointer object at 0x731bbd907540>,
	),
	result = 0
)
Exception ignored in: <function GLContext.__del__ at 0x731be1394310>
Traceback (most recent call last):
  File "/home/nas_main/kinamkim/.local/lib/python3.10/site-packages/mujoco/egl/__init__.py", line 138, in __del__
    self.free()
  File "/home/nas_main/kinamkim/.local/lib/python3.10/site-packages/mujoco/egl/__init__.py", line 133, in free
    EGL.eglDestroyContext(EGL_DISPLAY, self._context)
  File "/home/nas_main/kinamkim/.local/lib/python3.10/site-packages/OpenGL/error.py", line 230, in glCheckError
    raise self._errorClass(
OpenGL.raw.EGL._errors.EGLError: EGLError(
	err = EGL_NOT_INITIALIZED,
	baseOperation = eglDestroyContext,
	cArguments = (
		<OpenGL._opaque.EGLDisplay_pointer object at 0x731bbe453c40>,
		<OpenGL._opaque.EGLContext_pointer object at 0x731bbd907540>,
	),
	result = 0
)
Exception ignored in: <function Renderer.__del__ at 0x731be1394af0>
Traceback (most recent call last):
  File "/home/nas_main/kinamkim/.local/lib/python3.10/site-packages/mujoco/rendering/classic/renderer.py", line 339, in __del__
    self.close()
  File "/home/nas_main/kinamkim/.local/lib/python3.10/site-packages/mujoco/rendering/classic/renderer.py", line 325, in close
    self._gl_context.free()
  File "/home/nas_main/kinamkim/.local/lib/python3.10/site-packages/mujoco/egl/__init__.py", line 133, in free
    EGL.eglDestroyContext(EGL_DISPLAY, self._context)
  File "/home/nas_main/kinamkim/.local/lib/python3.10/site-packages/OpenGL/error.py", line 230, in glCheckError
    raise self._errorClass(
OpenGL.raw.EGL._errors.EGLError: EGLError(
	err = EGL_NOT_INITIALIZED,
	baseOperation = eglDestroyContext,
	cArguments = (
		<OpenGL._opaque.EGLDisplay_pointer object at 0x731bbe453c40>,
		<OpenGL._opaque.EGLContext_pointer object at 0x731a88238840>,
	),
	result = 0
)
Exception ignored in: <function GLContext.__del__ at 0x731be1394310>
Traceback (most recent call last):
  File "/home/nas_main/kinamkim/.local/lib/python3.10/site-packages/mujoco/egl/__init__.py", line 138, in __del__
    self.free()
  File "/home/nas_main/kinamkim/.local/lib/python3.10/site-packages/mujoco/egl/__init__.py", line 133, in free
    EGL.eglDestroyContext(EGL_DISPLAY, self._context)
  File "/home/nas_main/kinamkim/.local/lib/python3.10/site-packages/OpenGL/error.py", line 230, in glCheckError
    raise self._errorClass(
OpenGL.raw.EGL._errors.EGLError: EGLError(
	err = EGL_NOT_INITIALIZED,
	baseOperation = eglDestroyContext,
	cArguments = (
		<OpenGL._opaque.EGLDisplay_pointer object at 0x731bbe453c40>,
		<OpenGL._opaque.EGLContext_pointer object at 0x731a88238840>,
	),
	result = 0
)
Exception ignored in: <function Renderer.__del__ at 0x731be1394af0>
Traceback (most recent call last):
  File "/home/nas_main/kinamkim/.local/lib/python3.10/site-packages/mujoco/rendering/classic/renderer.py", line 339, in __del__
    self.close()
  File "/home/nas_main/kinamkim/.local/lib/python3.10/site-packages/mujoco/rendering/classic/renderer.py", line 325, in close
    self._gl_context.free()
  File "/home/nas_main/kinamkim/.local/lib/python3.10/site-packages/mujoco/egl/__init__.py", line 133, in free
    EGL.eglDestroyContext(EGL_DISPLAY, self._context)
  File "/home/nas_main/kinamkim/.local/lib/python3.10/site-packages/OpenGL/error.py", line 230, in glCheckError
    raise self._errorClass(
OpenGL.raw.EGL._errors.EGLError: EGLError(
	err = EGL_NOT_INITIALIZED,
	baseOperation = eglDestroyContext,
	cArguments = (
		<OpenGL._opaque.EGLDisplay_pointer object at 0x731bbe453c40>,
		<OpenGL._opaque.EGLContext_pointer object at 0x731bbd907640>,
	),
	result = 0
)
Exception ignored in: <function GLContext.__del__ at 0x731be1394310>
Traceback (most recent call last):
  File "/home/nas_main/kinamkim/.local/lib/python3.10/site-packages/mujoco/egl/__init__.py", line 138, in __del__
    self.free()
  File "/home/nas_main/kinamkim/.local/lib/python3.10/site-packages/mujoco/egl/__init__.py", line 133, in free
    EGL.eglDestroyContext(EGL_DISPLAY, self._context)
  File "/home/nas_main/kinamkim/.local/lib/python3.10/site-packages/OpenGL/error.py", line 230, in glCheckError
    raise self._errorClass(
OpenGL.raw.EGL._errors.EGLError: EGLError(
	err = EGL_NOT_INITIALIZED,
	baseOperation = eglDestroyContext,
	cArguments = (
		<OpenGL._opaque.EGLDisplay_pointer object at 0x731bbe453c40>,
		<OpenGL._opaque.EGLContext_pointer object at 0x731bbd907640>,
	),
	result = 0
)
Exception ignored in: <function Renderer.__del__ at 0x731be1394af0>
Traceback (most recent call last):
  File "/home/nas_main/kinamkim/.local/lib/python3.10/site-packages/mujoco/rendering/classic/renderer.py", line 339, in __del__
    self.close()
  File "/home/nas_main/kinamkim/.local/lib/python3.10/site-packages/mujoco/rendering/classic/renderer.py", line 325, in close
    self._gl_context.free()
  File "/home/nas_main/kinamkim/.local/lib/python3.10/site-packages/mujoco/egl/__init__.py", line 133, in free
    EGL.eglDestroyContext(EGL_DISPLAY, self._context)
  File "/home/nas_main/kinamkim/.local/lib/python3.10/site-packages/OpenGL/error.py", line 230, in glCheckError
    raise self._errorClass(
OpenGL.raw.EGL._errors.EGLError: EGLError(
	err = EGL_NOT_INITIALIZED,
	baseOperation = eglDestroyContext,
	cArguments = (
		<OpenGL._opaque.EGLDisplay_pointer object at 0x731bbe453c40>,
		<OpenGL._opaque.EGLContext_pointer object at 0x731bbd9077c0>,
	),
	result = 0
)
Exception ignored in: <function GLContext.__del__ at 0x731be1394310>
Traceback (most recent call last):
  File "/home/nas_main/kinamkim/.local/lib/python3.10/site-packages/mujoco/egl/__init__.py", line 138, in __del__
    self.free()
  File "/home/nas_main/kinamkim/.local/lib/python3.10/site-packages/mujoco/egl/__init__.py", line 133, in free
    EGL.eglDestroyContext(EGL_DISPLAY, self._context)
  File "/home/nas_main/kinamkim/.local/lib/python3.10/site-packages/OpenGL/error.py", line 230, in glCheckError
    raise self._errorClass(
OpenGL.raw.EGL._errors.EGLError: EGLError(
	err = EGL_NOT_INITIALIZED,
	baseOperation = eglDestroyContext,
	cArguments = (
		<OpenGL._opaque.EGLDisplay_pointer object at 0x731bbe453c40>,
		<OpenGL._opaque.EGLContext_pointer object at 0x731bbd9077c0>,
	),
	result = 0
)
Exception ignored in: <function Renderer.__del__ at 0x731be1394af0>
Traceback (most recent call last):
  File "/home/nas_main/kinamkim/.local/lib/python3.10/site-packages/mujoco/rendering/classic/renderer.py", line 339, in __del__
    self.close()
  File "/home/nas_main/kinamkim/.local/lib/python3.10/site-packages/mujoco/rendering/classic/renderer.py", line 325, in close
    self._gl_context.free()
  File "/home/nas_main/kinamkim/.local/lib/python3.10/site-packages/mujoco/egl/__init__.py", line 133, in free
    EGL.eglDestroyContext(EGL_DISPLAY, self._context)
  File "/home/nas_main/kinamkim/.local/lib/python3.10/site-packages/OpenGL/error.py", line 230, in glCheckError
    raise self._errorClass(
OpenGL.raw.EGL._errors.EGLError: EGLError(
	err = EGL_NOT_INITIALIZED,
	baseOperation = eglDestroyContext,
	cArguments = (
		<OpenGL._opaque.EGLDisplay_pointer object at 0x731bbe453c40>,
		<OpenGL._opaque.EGLContext_pointer object at 0x731bbd907c40>,
	),
	result = 0
)
Exception ignored in: <function GLContext.__del__ at 0x731be1394310>
Traceback (most recent call last):
  File "/home/nas_main/kinamkim/.local/lib/python3.10/site-packages/mujoco/egl/__init__.py", line 138, in __del__
    self.free()
  File "/home/nas_main/kinamkim/.local/lib/python3.10/site-packages/mujoco/egl/__init__.py", line 133, in free
    EGL.eglDestroyContext(EGL_DISPLAY, self._context)
  File "/home/nas_main/kinamkim/.local/lib/python3.10/site-packages/OpenGL/error.py", line 230, in glCheckError
    raise self._errorClass(
OpenGL.raw.EGL._errors.EGLError: EGLError(
	err = EGL_NOT_INITIALIZED,
	baseOperation = eglDestroyContext,
	cArguments = (
		<OpenGL._opaque.EGLDisplay_pointer object at 0x731bbe453c40>,
		<OpenGL._opaque.EGLContext_pointer object at 0x731bbd907c40>,
	),
	result = 0
)
Exception ignored in: <function Renderer.__del__ at 0x731be1394af0>
Traceback (most recent call last):
  File "/home/nas_main/kinamkim/.local/lib/python3.10/site-packages/mujoco/rendering/classic/renderer.py", line 339, in __del__
    self.close()
  File "/home/nas_main/kinamkim/.local/lib/python3.10/site-packages/mujoco/rendering/classic/renderer.py", line 325, in close
    self._gl_context.free()
  File "/home/nas_main/kinamkim/.local/lib/python3.10/site-packages/mujoco/egl/__init__.py", line 133, in free
    EGL.eglDestroyContext(EGL_DISPLAY, self._context)
  File "/home/nas_main/kinamkim/.local/lib/python3.10/site-packages/OpenGL/error.py", line 230, in glCheckError
    raise self._errorClass(
OpenGL.raw.EGL._errors.EGLError: EGLError(
	err = EGL_NOT_INITIALIZED,
	baseOperation = eglDestroyContext,
	cArguments = (
		<OpenGL._opaque.EGLDisplay_pointer object at 0x731bbe453c40>,
		<OpenGL._opaque.EGLContext_pointer object at 0x731bbd906cc0>,
	),
	result = 0
)
Exception ignored in: <function GLContext.__del__ at 0x731be1394310>
Traceback (most recent call last):
  File "/home/nas_main/kinamkim/.local/lib/python3.10/site-packages/mujoco/egl/__init__.py", line 138, in __del__
    self.free()
  File "/home/nas_main/kinamkim/.local/lib/python3.10/site-packages/mujoco/egl/__init__.py", line 133, in free
    EGL.eglDestroyContext(EGL_DISPLAY, self._context)
  File "/home/nas_main/kinamkim/.local/lib/python3.10/site-packages/OpenGL/error.py", line 230, in glCheckError
    raise self._errorClass(
OpenGL.raw.EGL._errors.EGLError: EGLError(
	err = EGL_NOT_INITIALIZED,
	baseOperation = eglDestroyContext,
	cArguments = (
		<OpenGL._opaque.EGLDisplay_pointer object at 0x731bbe453c40>,
		<OpenGL._opaque.EGLContext_pointer object at 0x731bbd906cc0>,
	),
	result = 0
)
Exception ignored in: <function Renderer.__del__ at 0x731be1394af0>
Traceback (most recent call last):
  File "/home/nas_main/kinamkim/.local/lib/python3.10/site-packages/mujoco/rendering/classic/renderer.py", line 339, in __del__
    self.close()
  File "/home/nas_main/kinamkim/.local/lib/python3.10/site-packages/mujoco/rendering/classic/renderer.py", line 325, in close
    self._gl_context.free()
  File "/home/nas_main/kinamkim/.local/lib/python3.10/site-packages/mujoco/egl/__init__.py", line 133, in free
    EGL.eglDestroyContext(EGL_DISPLAY, self._context)
  File "/home/nas_main/kinamkim/.local/lib/python3.10/site-packages/OpenGL/error.py", line 230, in glCheckError
    raise self._errorClass(
OpenGL.raw.EGL._errors.EGLError: EGLError(
	err = EGL_NOT_INITIALIZED,
	baseOperation = eglDestroyContext,
	cArguments = (
		<OpenGL._opaque.EGLDisplay_pointer object at 0x731bbe453c40>,
		<OpenGL._opaque.EGLContext_pointer object at 0x731bbd9078c0>,
	),
	result = 0
)
Exception ignored in: <function GLContext.__del__ at 0x731be1394310>
Traceback (most recent call last):
  File "/home/nas_main/kinamkim/.local/lib/python3.10/site-packages/mujoco/egl/__init__.py", line 138, in __del__
    self.free()
  File "/home/nas_main/kinamkim/.local/lib/python3.10/site-packages/mujoco/egl/__init__.py", line 133, in free
    EGL.eglDestroyContext(EGL_DISPLAY, self._context)
  File "/home/nas_main/kinamkim/.local/lib/python3.10/site-packages/OpenGL/error.py", line 230, in glCheckError
    raise self._errorClass(
OpenGL.raw.EGL._errors.EGLError: EGLError(
	err = EGL_NOT_INITIALIZED,
	baseOperation = eglDestroyContext,
	cArguments = (
		<OpenGL._opaque.EGLDisplay_pointer object at 0x731bbe453c40>,
		<OpenGL._opaque.EGLContext_pointer object at 0x731bbd9078c0>,
	),
	result = 0
)
Exception ignored in: <function Renderer.__del__ at 0x731be1394af0>
Traceback (most recent call last):
  File "/home/nas_main/kinamkim/.local/lib/python3.10/site-packages/mujoco/rendering/classic/renderer.py", line 339, in __del__
    self.close()
  File "/home/nas_main/kinamkim/.local/lib/python3.10/site-packages/mujoco/rendering/classic/renderer.py", line 325, in close
    self._gl_context.free()
  File "/home/nas_main/kinamkim/.local/lib/python3.10/site-packages/mujoco/egl/__init__.py", line 133, in free
    EGL.eglDestroyContext(EGL_DISPLAY, self._context)
  File "/home/nas_main/kinamkim/.local/lib/python3.10/site-packages/OpenGL/error.py", line 230, in glCheckError
    raise self._errorClass(
OpenGL.raw.EGL._errors.EGLError: EGLError(
	err = EGL_NOT_INITIALIZED,
	baseOperation = eglDestroyContext,
	cArguments = (
		<OpenGL._opaque.EGLDisplay_pointer object at 0x731bbe453c40>,
		<OpenGL._opaque.EGLContext_pointer object at 0x731bbd907a40>,
	),
	result = 0
)
Exception ignored in: <function GLContext.__del__ at 0x731be1394310>
Traceback (most recent call last):
  File "/home/nas_main/kinamkim/.local/lib/python3.10/site-packages/mujoco/egl/__init__.py", line 138, in __del__
    self.free()
  File "/home/nas_main/kinamkim/.local/lib/python3.10/site-packages/mujoco/egl/__init__.py", line 133, in free
    EGL.eglDestroyContext(EGL_DISPLAY, self._context)
  File "/home/nas_main/kinamkim/.local/lib/python3.10/site-packages/OpenGL/error.py", line 230, in glCheckError
    raise self._errorClass(
OpenGL.raw.EGL._errors.EGLError: EGLError(
	err = EGL_NOT_INITIALIZED,
	baseOperation = eglDestroyContext,
	cArguments = (
		<OpenGL._opaque.EGLDisplay_pointer object at 0x731bbe453c40>,
		<OpenGL._opaque.EGLContext_pointer object at 0x731bbd907a40>,
	),
	result = 0
)
Exception ignored in: <function Renderer.__del__ at 0x731be1394af0>
Traceback (most recent call last):
  File "/home/nas_main/kinamkim/.local/lib/python3.10/site-packages/mujoco/rendering/classic/renderer.py", line 339, in __del__
    self.close()
  File "/home/nas_main/kinamkim/.local/lib/python3.10/site-packages/mujoco/rendering/classic/renderer.py", line 325, in close
    self._gl_context.free()
  File "/home/nas_main/kinamkim/.local/lib/python3.10/site-packages/mujoco/egl/__init__.py", line 133, in free
    EGL.eglDestroyContext(EGL_DISPLAY, self._context)
  File "/home/nas_main/kinamkim/.local/lib/python3.10/site-packages/OpenGL/error.py", line 230, in glCheckError
    raise self._errorClass(
OpenGL.raw.EGL._errors.EGLError: EGLError(
	err = EGL_NOT_INITIALIZED,
	baseOperation = eglDestroyContext,
	cArguments = (
		<OpenGL._opaque.EGLDisplay_pointer object at 0x731bbe453c40>,
		<OpenGL._opaque.EGLContext_pointer object at 0x731bbd9074c0>,
	),
	result = 0
)
Exception ignored in: <function GLContext.__del__ at 0x731be1394310>
Traceback (most recent call last):
  File "/home/nas_main/kinamkim/.local/lib/python3.10/site-packages/mujoco/egl/__init__.py", line 138, in __del__
    self.free()
  File "/home/nas_main/kinamkim/.local/lib/python3.10/site-packages/mujoco/egl/__init__.py", line 133, in free
    EGL.eglDestroyContext(EGL_DISPLAY, self._context)
  File "/home/nas_main/kinamkim/.local/lib/python3.10/site-packages/OpenGL/error.py", line 230, in glCheckError
    raise self._errorClass(
OpenGL.raw.EGL._errors.EGLError: EGLError(
	err = EGL_NOT_INITIALIZED,
	baseOperation = eglDestroyContext,
	cArguments = (
		<OpenGL._opaque.EGLDisplay_pointer object at 0x731bbe453c40>,
		<OpenGL._opaque.EGLContext_pointer object at 0x731bbd9074c0>,
	),
	result = 0
)
Exception ignored in: <function Renderer.__del__ at 0x731be1394af0>
Traceback (most recent call last):
  File "/home/nas_main/kinamkim/.local/lib/python3.10/site-packages/mujoco/rendering/classic/renderer.py", line 339, in __del__
    self.close()
  File "/home/nas_main/kinamkim/.local/lib/python3.10/site-packages/mujoco/rendering/classic/renderer.py", line 325, in close
    self._gl_context.free()
  File "/home/nas_main/kinamkim/.local/lib/python3.10/site-packages/mujoco/egl/__init__.py", line 133, in free
    EGL.eglDestroyContext(EGL_DISPLAY, self._context)
  File "/home/nas_main/kinamkim/.local/lib/python3.10/site-packages/OpenGL/error.py", line 230, in glCheckError
    raise self._errorClass(
OpenGL.raw.EGL._errors.EGLError: EGLError(
	err = EGL_NOT_INITIALIZED,
	baseOperation = eglDestroyContext,
	cArguments = (
		<OpenGL._opaque.EGLDisplay_pointer object at 0x731bbe453c40>,
		<OpenGL._opaque.EGLContext_pointer object at 0x731bbd9076c0>,
	),
	result = 0
)
Exception ignored in: <function GLContext.__del__ at 0x731be1394310>
Traceback (most recent call last):
  File "/home/nas_main/kinamkim/.local/lib/python3.10/site-packages/mujoco/egl/__init__.py", line 138, in __del__
    self.free()
  File "/home/nas_main/kinamkim/.local/lib/python3.10/site-packages/mujoco/egl/__init__.py", line 133, in free
    EGL.eglDestroyContext(EGL_DISPLAY, self._context)
  File "/home/nas_main/kinamkim/.local/lib/python3.10/site-packages/OpenGL/error.py", line 230, in glCheckError
    raise self._errorClass(
OpenGL.raw.EGL._errors.EGLError: EGLError(
	err = EGL_NOT_INITIALIZED,
	baseOperation = eglDestroyContext,
	cArguments = (
		<OpenGL._opaque.EGLDisplay_pointer object at 0x731bbe453c40>,
		<OpenGL._opaque.EGLContext_pointer object at 0x731bbd9076c0>,
	),
	result = 0
)
Exception ignored in: <function Renderer.__del__ at 0x731be1394af0>
Traceback (most recent call last):
  File "/home/nas_main/kinamkim/.local/lib/python3.10/site-packages/mujoco/rendering/classic/renderer.py", line 339, in __del__
    self.close()
  File "/home/nas_main/kinamkim/.local/lib/python3.10/site-packages/mujoco/rendering/classic/renderer.py", line 325, in close
    self._gl_context.free()
  File "/home/nas_main/kinamkim/.local/lib/python3.10/site-packages/mujoco/egl/__init__.py", line 133, in free
    EGL.eglDestroyContext(EGL_DISPLAY, self._context)
  File "/home/nas_main/kinamkim/.local/lib/python3.10/site-packages/OpenGL/error.py", line 230, in glCheckError
    raise self._errorClass(
OpenGL.raw.EGL._errors.EGLError: EGLError(
	err = EGL_NOT_INITIALIZED,
	baseOperation = eglDestroyContext,
	cArguments = (
		<OpenGL._opaque.EGLDisplay_pointer object at 0x731bbe453c40>,
		<OpenGL._opaque.EGLContext_pointer object at 0x731bbd907b40>,
	),
	result = 0
)
Exception ignored in: <function GLContext.__del__ at 0x731be1394310>
Traceback (most recent call last):
  File "/home/nas_main/kinamkim/.local/lib/python3.10/site-packages/mujoco/egl/__init__.py", line 138, in __del__
    self.free()
  File "/home/nas_main/kinamkim/.local/lib/python3.10/site-packages/mujoco/egl/__init__.py", line 133, in free
    EGL.eglDestroyContext(EGL_DISPLAY, self._context)
  File "/home/nas_main/kinamkim/.local/lib/python3.10/site-packages/OpenGL/error.py", line 230, in glCheckError
    raise self._errorClass(
OpenGL.raw.EGL._errors.EGLError: EGLError(
	err = EGL_NOT_INITIALIZED,
	baseOperation = eglDestroyContext,
	cArguments = (
		<OpenGL._opaque.EGLDisplay_pointer object at 0x731bbe453c40>,
		<OpenGL._opaque.EGLContext_pointer object at 0x731bbd907b40>,
	),
	result = 0
)
Exception ignored in: <function Renderer.__del__ at 0x731be1394af0>
Traceback (most recent call last):
  File "/home/nas_main/kinamkim/.local/lib/python3.10/site-packages/mujoco/rendering/classic/renderer.py", line 339, in __del__
    self.close()
  File "/home/nas_main/kinamkim/.local/lib/python3.10/site-packages/mujoco/rendering/classic/renderer.py", line 325, in close
    self._gl_context.free()
  File "/home/nas_main/kinamkim/.local/lib/python3.10/site-packages/mujoco/egl/__init__.py", line 133, in free
    EGL.eglDestroyContext(EGL_DISPLAY, self._context)
  File "/home/nas_main/kinamkim/.local/lib/python3.10/site-packages/OpenGL/error.py", line 230, in glCheckError
    raise self._errorClass(
OpenGL.raw.EGL._errors.EGLError: EGLError(
	err = EGL_NOT_INITIALIZED,
	baseOperation = eglDestroyContext,
	cArguments = (
		<OpenGL._opaque.EGLDisplay_pointer object at 0x731bbe453c40>,
		<OpenGL._opaque.EGLContext_pointer object at 0x731bbd9079c0>,
	),
	result = 0
)
Exception ignored in: <function GLContext.__del__ at 0x731be1394310>
Traceback (most recent call last):
  File "/home/nas_main/kinamkim/.local/lib/python3.10/site-packages/mujoco/egl/__init__.py", line 138, in __del__
    self.free()
  File "/home/nas_main/kinamkim/.local/lib/python3.10/site-packages/mujoco/egl/__init__.py", line 133, in free
    EGL.eglDestroyContext(EGL_DISPLAY, self._context)
  File "/home/nas_main/kinamkim/.local/lib/python3.10/site-packages/OpenGL/error.py", line 230, in glCheckError
    raise self._errorClass(
OpenGL.raw.EGL._errors.EGLError: EGLError(
	err = EGL_NOT_INITIALIZED,
	baseOperation = eglDestroyContext,
	cArguments = (
		<OpenGL._opaque.EGLDisplay_pointer object at 0x731bbe453c40>,
		<OpenGL._opaque.EGLContext_pointer object at 0x731bbd9079c0>,
	),
	result = 0
)
Exception ignored in: <function Renderer.__del__ at 0x731be1394af0>
Traceback (most recent call last):
  File "/home/nas_main/kinamkim/.local/lib/python3.10/site-packages/mujoco/rendering/classic/renderer.py", line 339, in __del__
    self.close()
  File "/home/nas_main/kinamkim/.local/lib/python3.10/site-packages/mujoco/rendering/classic/renderer.py", line 325, in close
    self._gl_context.free()
  File "/home/nas_main/kinamkim/.local/lib/python3.10/site-packages/mujoco/egl/__init__.py", line 133, in free
    EGL.eglDestroyContext(EGL_DISPLAY, self._context)
  File "/home/nas_main/kinamkim/.local/lib/python3.10/site-packages/OpenGL/error.py", line 230, in glCheckError
    raise self._errorClass(
OpenGL.raw.EGL._errors.EGLError: EGLError(
	err = EGL_NOT_INITIALIZED,
	baseOperation = eglDestroyContext,
	cArguments = (
		<OpenGL._opaque.EGLDisplay_pointer object at 0x731bbe453c40>,
		<OpenGL._opaque.EGLContext_pointer object at 0x731bbd907bc0>,
	),
	result = 0
)
Exception ignored in: <function GLContext.__del__ at 0x731be1394310>
Traceback (most recent call last):
  File "/home/nas_main/kinamkim/.local/lib/python3.10/site-packages/mujoco/egl/__init__.py", line 138, in __del__
    self.free()
  File "/home/nas_main/kinamkim/.local/lib/python3.10/site-packages/mujoco/egl/__init__.py", line 133, in free
    EGL.eglDestroyContext(EGL_DISPLAY, self._context)
  File "/home/nas_main/kinamkim/.local/lib/python3.10/site-packages/OpenGL/error.py", line 230, in glCheckError
    raise self._errorClass(
OpenGL.raw.EGL._errors.EGLError: EGLError(
	err = EGL_NOT_INITIALIZED,
	baseOperation = eglDestroyContext,
	cArguments = (
		<OpenGL._opaque.EGLDisplay_pointer object at 0x731bbe453c40>,
		<OpenGL._opaque.EGLContext_pointer object at 0x731bbd907bc0>,
	),
	result = 0
)
Exception ignored in: <function Renderer.__del__ at 0x731be1394af0>
Traceback (most recent call last):
  File "/home/nas_main/kinamkim/.local/lib/python3.10/site-packages/mujoco/rendering/classic/renderer.py", line 339, in __del__
    self.close()
  File "/home/nas_main/kinamkim/.local/lib/python3.10/site-packages/mujoco/rendering/classic/renderer.py", line 325, in close
    self._gl_context.free()
  File "/home/nas_main/kinamkim/.local/lib/python3.10/site-packages/mujoco/egl/__init__.py", line 133, in free
    EGL.eglDestroyContext(EGL_DISPLAY, self._context)
  File "/home/nas_main/kinamkim/.local/lib/python3.10/site-packages/OpenGL/error.py", line 230, in glCheckError
    raise self._errorClass(
OpenGL.raw.EGL._errors.EGLError: EGLError(
	err = EGL_NOT_INITIALIZED,
	baseOperation = eglDestroyContext,
	cArguments = (
		<OpenGL._opaque.EGLDisplay_pointer object at 0x731bbe453c40>,
		<OpenGL._opaque.EGLContext_pointer object at 0x731bbd907dc0>,
	),
	result = 0
)
Exception ignored in: <function GLContext.__del__ at 0x731be1394310>
Traceback (most recent call last):
  File "/home/nas_main/kinamkim/.local/lib/python3.10/site-packages/mujoco/egl/__init__.py", line 138, in __del__
    self.free()
  File "/home/nas_main/kinamkim/.local/lib/python3.10/site-packages/mujoco/egl/__init__.py", line 133, in free
    EGL.eglDestroyContext(EGL_DISPLAY, self._context)
  File "/home/nas_main/kinamkim/.local/lib/python3.10/site-packages/OpenGL/error.py", line 230, in glCheckError
    raise self._errorClass(
OpenGL.raw.EGL._errors.EGLError: EGLError(
	err = EGL_NOT_INITIALIZED,
	baseOperation = eglDestroyContext,
	cArguments = (
		<OpenGL._opaque.EGLDisplay_pointer object at 0x731bbe453c40>,
		<OpenGL._opaque.EGLContext_pointer object at 0x731bbd907dc0>,
	),
	result = 0
)
Exception ignored in: <function Renderer.__del__ at 0x731be1394af0>
Traceback (most recent call last):
  File "/home/nas_main/kinamkim/.local/lib/python3.10/site-packages/mujoco/rendering/classic/renderer.py", line 339, in __del__
    self.close()
  File "/home/nas_main/kinamkim/.local/lib/python3.10/site-packages/mujoco/rendering/classic/renderer.py", line 325, in close
    self._gl_context.free()
  File "/home/nas_main/kinamkim/.local/lib/python3.10/site-packages/mujoco/egl/__init__.py", line 133, in free
    EGL.eglDestroyContext(EGL_DISPLAY, self._context)
  File "/home/nas_main/kinamkim/.local/lib/python3.10/site-packages/OpenGL/error.py", line 230, in glCheckError
    raise self._errorClass(
OpenGL.raw.EGL._errors.EGLError: EGLError(
	err = EGL_NOT_INITIALIZED,
	baseOperation = eglDestroyContext,
	cArguments = (
		<OpenGL._opaque.EGLDisplay_pointer object at 0x731bbe453c40>,
		<OpenGL._opaque.EGLContext_pointer object at 0x731bbd907ac0>,
	),
	result = 0
)
Exception ignored in: <function GLContext.__del__ at 0x731be1394310>
Traceback (most recent call last):
  File "/home/nas_main/kinamkim/.local/lib/python3.10/site-packages/mujoco/egl/__init__.py", line 138, in __del__
    self.free()
  File "/home/nas_main/kinamkim/.local/lib/python3.10/site-packages/mujoco/egl/__init__.py", line 133, in free
    EGL.eglDestroyContext(EGL_DISPLAY, self._context)
  File "/home/nas_main/kinamkim/.local/lib/python3.10/site-packages/OpenGL/error.py", line 230, in glCheckError
    raise self._errorClass(
OpenGL.raw.EGL._errors.EGLError: EGLError(
	err = EGL_NOT_INITIALIZED,
	baseOperation = eglDestroyContext,
	cArguments = (
		<OpenGL._opaque.EGLDisplay_pointer object at 0x731bbe453c40>,
		<OpenGL._opaque.EGLContext_pointer object at 0x731bbd907ac0>,
	),
	result = 0
)
Exception ignored in: <function Renderer.__del__ at 0x731be1394af0>
Traceback (most recent call last):
  File "/home/nas_main/kinamkim/.local/lib/python3.10/site-packages/mujoco/rendering/classic/renderer.py", line 339, in __del__
    self.close()
  File "/home/nas_main/kinamkim/.local/lib/python3.10/site-packages/mujoco/rendering/classic/renderer.py", line 325, in close
    self._gl_context.free()
  File "/home/nas_main/kinamkim/.local/lib/python3.10/site-packages/mujoco/egl/__init__.py", line 133, in free
    EGL.eglDestroyContext(EGL_DISPLAY, self._context)
  File "/home/nas_main/kinamkim/.local/lib/python3.10/site-packages/OpenGL/error.py", line 230, in glCheckError
    raise self._errorClass(
OpenGL.raw.EGL._errors.EGLError: EGLError(
	err = EGL_NOT_INITIALIZED,
	baseOperation = eglDestroyContext,
	cArguments = (
		<OpenGL._opaque.EGLDisplay_pointer object at 0x731bbe453c40>,
		<OpenGL._opaque.EGLContext_pointer object at 0x731bbd907cc0>,
	),
	result = 0
)
Exception ignored in: <function GLContext.__del__ at 0x731be1394310>
Traceback (most recent call last):
  File "/home/nas_main/kinamkim/.local/lib/python3.10/site-packages/mujoco/egl/__init__.py", line 138, in __del__
    self.free()
  File "/home/nas_main/kinamkim/.local/lib/python3.10/site-packages/mujoco/egl/__init__.py", line 133, in free
    EGL.eglDestroyContext(EGL_DISPLAY, self._context)
  File "/home/nas_main/kinamkim/.local/lib/python3.10/site-packages/OpenGL/error.py", line 230, in glCheckError
    raise self._errorClass(
OpenGL.raw.EGL._errors.EGLError: EGLError(
	err = EGL_NOT_INITIALIZED,
	baseOperation = eglDestroyContext,
	cArguments = (
		<OpenGL._opaque.EGLDisplay_pointer object at 0x731bbe453c40>,
		<OpenGL._opaque.EGLContext_pointer object at 0x731bbd907cc0>,
	),
	result = 0
)
Exception ignored in: <function Renderer.__del__ at 0x731be1394af0>
Traceback (most recent call last):
  File "/home/nas_main/kinamkim/.local/lib/python3.10/site-packages/mujoco/rendering/classic/renderer.py", line 339, in __del__
    self.close()
  File "/home/nas_main/kinamkim/.local/lib/python3.10/site-packages/mujoco/rendering/classic/renderer.py", line 325, in close
    self._gl_context.free()
  File "/home/nas_main/kinamkim/.local/lib/python3.10/site-packages/mujoco/egl/__init__.py", line 133, in free
    EGL.eglDestroyContext(EGL_DISPLAY, self._context)
  File "/home/nas_main/kinamkim/.local/lib/python3.10/site-packages/OpenGL/error.py", line 230, in glCheckError
    raise self._errorClass(
OpenGL.raw.EGL._errors.EGLError: EGLError(
	err = EGL_NOT_INITIALIZED,
	baseOperation = eglDestroyContext,
	cArguments = (
		<OpenGL._opaque.EGLDisplay_pointer object at 0x731bbe453c40>,
		<OpenGL._opaque.EGLContext_pointer object at 0x731bcbebcf40>,
	),
	result = 0
)
Exception ignored in: <function GLContext.__del__ at 0x731be1394310>
Traceback (most recent call last):
  File "/home/nas_main/kinamkim/.local/lib/python3.10/site-packages/mujoco/egl/__init__.py", line 138, in __del__
    self.free()
  File "/home/nas_main/kinamkim/.local/lib/python3.10/site-packages/mujoco/egl/__init__.py", line 133, in free
    EGL.eglDestroyContext(EGL_DISPLAY, self._context)
  File "/home/nas_main/kinamkim/.local/lib/python3.10/site-packages/OpenGL/error.py", line 230, in glCheckError
    raise self._errorClass(
OpenGL.raw.EGL._errors.EGLError: EGLError(
	err = EGL_NOT_INITIALIZED,
	baseOperation = eglDestroyContext,
	cArguments = (
		<OpenGL._opaque.EGLDisplay_pointer object at 0x731bbe453c40>,
		<OpenGL._opaque.EGLContext_pointer object at 0x731bcbebcf40>,
	),
	result = 0
)
Exception ignored in: <function Renderer.__del__ at 0x731be1394af0>
Traceback (most recent call last):
  File "/home/nas_main/kinamkim/.local/lib/python3.10/site-packages/mujoco/rendering/classic/renderer.py", line 339, in __del__
    self.close()
  File "/home/nas_main/kinamkim/.local/lib/python3.10/site-packages/mujoco/rendering/classic/renderer.py", line 325, in close
    self._gl_context.free()
  File "/home/nas_main/kinamkim/.local/lib/python3.10/site-packages/mujoco/egl/__init__.py", line 133, in free
    EGL.eglDestroyContext(EGL_DISPLAY, self._context)
  File "/home/nas_main/kinamkim/.local/lib/python3.10/site-packages/OpenGL/error.py", line 230, in glCheckError
    raise self._errorClass(
OpenGL.raw.EGL._errors.EGLError: EGLError(
	err = EGL_NOT_INITIALIZED,
	baseOperation = eglDestroyContext,
	cArguments = (
		<OpenGL._opaque.EGLDisplay_pointer object at 0x731bbe453c40>,
		<OpenGL._opaque.EGLContext_pointer object at 0x731bcbebe4c0>,
	),
	result = 0
)
Exception ignored in: <function GLContext.__del__ at 0x731be1394310>
Traceback (most recent call last):
  File "/home/nas_main/kinamkim/.local/lib/python3.10/site-packages/mujoco/egl/__init__.py", line 138, in __del__
    self.free()
  File "/home/nas_main/kinamkim/.local/lib/python3.10/site-packages/mujoco/egl/__init__.py", line 133, in free
    EGL.eglDestroyContext(EGL_DISPLAY, self._context)
  File "/home/nas_main/kinamkim/.local/lib/python3.10/site-packages/OpenGL/error.py", line 230, in glCheckError
    raise self._errorClass(
OpenGL.raw.EGL._errors.EGLError: EGLError(
	err = EGL_NOT_INITIALIZED,
	baseOperation = eglDestroyContext,
	cArguments = (
		<OpenGL._opaque.EGLDisplay_pointer object at 0x731bbe453c40>,
		<OpenGL._opaque.EGLContext_pointer object at 0x731bcbebe4c0>,
	),
	result = 0
)
Exception ignored in: <function Renderer.__del__ at 0x731be1394af0>
Traceback (most recent call last):
  File "/home/nas_main/kinamkim/.local/lib/python3.10/site-packages/mujoco/rendering/classic/renderer.py", line 339, in __del__
    self.close()
  File "/home/nas_main/kinamkim/.local/lib/python3.10/site-packages/mujoco/rendering/classic/renderer.py", line 325, in close
    self._gl_context.free()
  File "/home/nas_main/kinamkim/.local/lib/python3.10/site-packages/mujoco/egl/__init__.py", line 133, in free
    EGL.eglDestroyContext(EGL_DISPLAY, self._context)
  File "/home/nas_main/kinamkim/.local/lib/python3.10/site-packages/OpenGL/error.py", line 230, in glCheckError
    raise self._errorClass(
OpenGL.raw.EGL._errors.EGLError: EGLError(
	err = EGL_NOT_INITIALIZED,
	baseOperation = eglDestroyContext,
	cArguments = (
		<OpenGL._opaque.EGLDisplay_pointer object at 0x731bbe453c40>,
		<OpenGL._opaque.EGLContext_pointer object at 0x731bcbebd1c0>,
	),
	result = 0
)
Exception ignored in: <function GLContext.__del__ at 0x731be1394310>
Traceback (most recent call last):
  File "/home/nas_main/kinamkim/.local/lib/python3.10/site-packages/mujoco/egl/__init__.py", line 138, in __del__
    self.free()
  File "/home/nas_main/kinamkim/.local/lib/python3.10/site-packages/mujoco/egl/__init__.py", line 133, in free
    EGL.eglDestroyContext(EGL_DISPLAY, self._context)
  File "/home/nas_main/kinamkim/.local/lib/python3.10/site-packages/OpenGL/error.py", line 230, in glCheckError
    raise self._errorClass(
OpenGL.raw.EGL._errors.EGLError: EGLError(
	err = EGL_NOT_INITIALIZED,
	baseOperation = eglDestroyContext,
	cArguments = (
		<OpenGL._opaque.EGLDisplay_pointer object at 0x731bbe453c40>,
		<OpenGL._opaque.EGLContext_pointer object at 0x731bcbebd1c0>,
	),
	result = 0
)
Exception ignored in: <function Renderer.__del__ at 0x731be1394af0>
Traceback (most recent call last):
  File "/home/nas_main/kinamkim/.local/lib/python3.10/site-packages/mujoco/rendering/classic/renderer.py", line 339, in __del__
    self.close()
  File "/home/nas_main/kinamkim/.local/lib/python3.10/site-packages/mujoco/rendering/classic/renderer.py", line 325, in close
    self._gl_context.free()
  File "/home/nas_main/kinamkim/.local/lib/python3.10/site-packages/mujoco/egl/__init__.py", line 133, in free
    EGL.eglDestroyContext(EGL_DISPLAY, self._context)
  File "/home/nas_main/kinamkim/.local/lib/python3.10/site-packages/OpenGL/error.py", line 230, in glCheckError
    raise self._errorClass(
OpenGL.raw.EGL._errors.EGLError: EGLError(
	err = EGL_NOT_INITIALIZED,
	baseOperation = eglDestroyContext,
	cArguments = (
		<OpenGL._opaque.EGLDisplay_pointer object at 0x731bbe453c40>,
		<OpenGL._opaque.EGLContext_pointer object at 0x731bcbebce40>,
	),
	result = 0
)
Exception ignored in: <function GLContext.__del__ at 0x731be1394310>
Traceback (most recent call last):
  File "/home/nas_main/kinamkim/.local/lib/python3.10/site-packages/mujoco/egl/__init__.py", line 138, in __del__
    self.free()
  File "/home/nas_main/kinamkim/.local/lib/python3.10/site-packages/mujoco/egl/__init__.py", line 133, in free
    EGL.eglDestroyContext(EGL_DISPLAY, self._context)
  File "/home/nas_main/kinamkim/.local/lib/python3.10/site-packages/OpenGL/error.py", line 230, in glCheckError
    raise self._errorClass(
OpenGL.raw.EGL._errors.EGLError: EGLError(
	err = EGL_NOT_INITIALIZED,
	baseOperation = eglDestroyContext,
	cArguments = (
		<OpenGL._opaque.EGLDisplay_pointer object at 0x731bbe453c40>,
		<OpenGL._opaque.EGLContext_pointer object at 0x731bcbebce40>,
	),
	result = 0
)
