/home/nas_main/kinamkim/.local/lib/python3.10/site-packages/transformers/utils/hub.py:105: FutureWarning: Using `TRANSFORMERS_CACHE` is deprecated and will be removed in v5 of Transformers. Use `HF_HOME` instead.
  warnings.warn(
Traceback (most recent call last):
  File "/home/nas_main/kinamkim/Repos/Intern/residual-offpolicy-rl/resfit/rl_finetuning/scripts/collect_offline_data_cup.py", line 336, in <module>
    main()
  File "/home/nas_main/kinamkim/Repos/Intern/residual-offpolicy-rl/resfit/rl_finetuning/scripts/collect_offline_data_cup.py", line 162, in main
    wrapper = MuJoCoResidualWrapperCup(
  File "/home/nas_main/kinamkim/Repos/Intern/residual-offpolicy-rl/resfit/rl_finetuning/scripts/../../../resfit/rl_finetuning/wrappers/mujoco_residual_wrapper_cup.py", line 92, in __init__
    self.policy = Gr00tPolicy(
  File "/home/nas_main/kinamkim/Repos/Intern/Isaac-GR00T/gr00t/policy/gr00t_policy.py", line 76, in __init__
    import gr00t.model  # noqa: F401
  File "/home/nas_main/kinamkim/Repos/Intern/Isaac-GR00T/gr00t/model/__init__.py", line 1, in <module>
    from .gr00t_n1d6.setup import Gr00tN1d6Pipeline
  File "/home/nas_main/kinamkim/Repos/Intern/Isaac-GR00T/gr00t/model/gr00t_n1d6/setup.py", line 7, in <module>
    from gr00t.data.dataset.factory import DatasetFactory
  File "/home/nas_main/kinamkim/Repos/Intern/Isaac-GR00T/gr00t/data/dataset/factory.py", line 7, in <module>
    from gr00t.data.dataset.sharded_single_step_dataset import ShardedSingleStepDataset
  File "/home/nas_main/kinamkim/Repos/Intern/Isaac-GR00T/gr00t/data/dataset/sharded_single_step_dataset.py", line 5, in <module>
    import pandas as pd
  File "/home/nas_main/kinamkim/.local/lib/python3.10/site-packages/pandas/__init__.py", line 49, in <module>
    from pandas.core.api import (
  File "/home/nas_main/kinamkim/.local/lib/python3.10/site-packages/pandas/core/api.py", line 1, in <module>
    from pandas._libs import (
  File "/home/nas_main/kinamkim/.local/lib/python3.10/site-packages/pandas/_libs/__init__.py", line 18, in <module>
    from pandas._libs.interval import Interval
  File "interval.pyx", line 1, in init pandas._libs.interval
  File "hashtable.pyx", line 1, in init pandas._libs.hashtable
  File "missing.pyx", line 1, in init pandas._libs.missing
  File "/home/nas_main/kinamkim/.local/lib/python3.10/site-packages/pandas/_libs/tslibs/__init__.py", line 40, in <module>
    from pandas._libs.tslibs.conversion import localize_pydatetime
  File "conversion.pyx", line 1, in init pandas._libs.tslibs.conversion
  File "offsets.pyx", line 1, in init pandas._libs.tslibs.offsets
  File "timestamps.pyx", line 1, in init pandas._libs.tslibs.timestamps
  File "timedeltas.pyx", line 1, in init pandas._libs.tslibs.timedeltas
  File "timezones.pyx", line 24, in init pandas._libs.tslibs.timezones
  File "/home/nas_main/kinamkim/.local/lib/python3.10/site-packages/dateutil/tz/__init__.py", line 2, in <module>
    from .tz import *
  File "/home/nas_main/kinamkim/.local/lib/python3.10/site-packages/dateutil/tz/tz.py", line 19, in <module>
    import six
ModuleNotFoundError: No module named 'six'
Exception ignored in: <function Renderer.__del__ at 0x723c36d94af0>
Traceback (most recent call last):
  File "/home/nas_main/kinamkim/.local/lib/python3.10/site-packages/mujoco/rendering/classic/renderer.py", line 339, in __del__
    self.close()
  File "/home/nas_main/kinamkim/.local/lib/python3.10/site-packages/mujoco/rendering/classic/renderer.py", line 325, in close
    self._gl_context.free()
  File "/home/nas_main/kinamkim/.local/lib/python3.10/site-packages/mujoco/egl/__init__.py", line 133, in free
    EGL.eglDestroyContext(EGL_DISPLAY, self._context)
  File "/home/nas_main/kinamkim/.local/lib/python3.10/site-packages/OpenGL/platform/baseplatform.py", line 487, in __call__
    return self(*args, **named)
  File "/home/nas_main/kinamkim/.local/lib/python3.10/site-packages/OpenGL/error.py", line 230, in glCheckError
    raise self._errorClass(
OpenGL.raw.EGL._errors.EGLError: EGLError(
	err = EGL_NOT_INITIALIZED,
	baseOperation = eglDestroyContext,
	cArguments = (
		<OpenGL._opaque.EGLDisplay_pointer object at 0x723c13890bc0>,
		<OpenGL._opaque.EGLContext_pointer object at 0x723b644a4740>,
	),
	result = 0
)
Exception ignored in: <function GLContext.__del__ at 0x723c36d94310>
Traceback (most recent call last):
  File "/home/nas_main/kinamkim/.local/lib/python3.10/site-packages/mujoco/egl/__init__.py", line 138, in __del__
    self.free()
  File "/home/nas_main/kinamkim/.local/lib/python3.10/site-packages/mujoco/egl/__init__.py", line 133, in free
    EGL.eglDestroyContext(EGL_DISPLAY, self._context)
  File "/home/nas_main/kinamkim/.local/lib/python3.10/site-packages/OpenGL/error.py", line 230, in glCheckError
    raise self._errorClass(
OpenGL.raw.EGL._errors.EGLError: EGLError(
	err = EGL_NOT_INITIALIZED,
	baseOperation = eglDestroyContext,
	cArguments = (
		<OpenGL._opaque.EGLDisplay_pointer object at 0x723c13890bc0>,
		<OpenGL._opaque.EGLContext_pointer object at 0x723b644a4740>,
	),
	result = 0
)
Exception ignored in: <function Renderer.__del__ at 0x723c36d94af0>
Traceback (most recent call last):
  File "/home/nas_main/kinamkim/.local/lib/python3.10/site-packages/mujoco/rendering/classic/renderer.py", line 339, in __del__
    self.close()
  File "/home/nas_main/kinamkim/.local/lib/python3.10/site-packages/mujoco/rendering/classic/renderer.py", line 325, in close
    self._gl_context.free()
  File "/home/nas_main/kinamkim/.local/lib/python3.10/site-packages/mujoco/egl/__init__.py", line 131, in free
    EGL.eglMakeCurrent(EGL_DISPLAY, EGL.EGL_NO_SURFACE,
  File "/home/nas_main/kinamkim/.local/lib/python3.10/site-packages/OpenGL/error.py", line 230, in glCheckError
    raise self._errorClass(
OpenGL.raw.EGL._errors.EGLError: EGLError(
	err = EGL_NOT_INITIALIZED,
	baseOperation = eglMakeCurrent,
	cArguments = (
		<OpenGL._opaque.EGLDisplay_pointer object at 0x723c13890bc0>,
		<OpenGL._opaque.EGLSurface_pointer object at 0x723c37c84f40>,
		<OpenGL._opaque.EGLSurface_pointer object at 0x723c37c84f40>,
		<OpenGL._opaque.EGLContext_pointer object at 0x723c37c84ec0>,
	),
	result = 0
)
Exception ignored in: <function GLContext.__del__ at 0x723c36d94310>
Traceback (most recent call last):
  File "/home/nas_main/kinamkim/.local/lib/python3.10/site-packages/mujoco/egl/__init__.py", line 138, in __del__
    self.free()
  File "/home/nas_main/kinamkim/.local/lib/python3.10/site-packages/mujoco/egl/__init__.py", line 131, in free
    EGL.eglMakeCurrent(EGL_DISPLAY, EGL.EGL_NO_SURFACE,
  File "/home/nas_main/kinamkim/.local/lib/python3.10/site-packages/OpenGL/error.py", line 230, in glCheckError
    raise self._errorClass(
OpenGL.raw.EGL._errors.EGLError: EGLError(
	err = EGL_NOT_INITIALIZED,
	baseOperation = eglMakeCurrent,
	cArguments = (
		<OpenGL._opaque.EGLDisplay_pointer object at 0x723c13890bc0>,
		<OpenGL._opaque.EGLSurface_pointer object at 0x723c37c84f40>,
		<OpenGL._opaque.EGLSurface_pointer object at 0x723c37c84f40>,
		<OpenGL._opaque.EGLContext_pointer object at 0x723c37c84ec0>,
	),
	result = 0
)
Exception ignored in: <function Renderer.__del__ at 0x723c36d94af0>
Traceback (most recent call last):
  File "/home/nas_main/kinamkim/.local/lib/python3.10/site-packages/mujoco/rendering/classic/renderer.py", line 339, in __del__
    self.close()
  File "/home/nas_main/kinamkim/.local/lib/python3.10/site-packages/mujoco/rendering/classic/renderer.py", line 325, in close
    self._gl_context.free()
  File "/home/nas_main/kinamkim/.local/lib/python3.10/site-packages/mujoco/egl/__init__.py", line 133, in free
    EGL.eglDestroyContext(EGL_DISPLAY, self._context)
  File "/home/nas_main/kinamkim/.local/lib/python3.10/site-packages/OpenGL/error.py", line 230, in glCheckError
    raise self._errorClass(
OpenGL.raw.EGL._errors.EGLError: EGLError(
	err = EGL_NOT_INITIALIZED,
	baseOperation = eglDestroyContext,
	cArguments = (
		<OpenGL._opaque.EGLDisplay_pointer object at 0x723c13890bc0>,
		<OpenGL._opaque.EGLContext_pointer object at 0x723b644a45c0>,
	),
	result = 0
)
Exception ignored in: <function GLContext.__del__ at 0x723c36d94310>
Traceback (most recent call last):
  File "/home/nas_main/kinamkim/.local/lib/python3.10/site-packages/mujoco/egl/__init__.py", line 138, in __del__
    self.free()
  File "/home/nas_main/kinamkim/.local/lib/python3.10/site-packages/mujoco/egl/__init__.py", line 133, in free
    EGL.eglDestroyContext(EGL_DISPLAY, self._context)
  File "/home/nas_main/kinamkim/.local/lib/python3.10/site-packages/OpenGL/error.py", line 230, in glCheckError
    raise self._errorClass(
OpenGL.raw.EGL._errors.EGLError: EGLError(
	err = EGL_NOT_INITIALIZED,
	baseOperation = eglDestroyContext,
	cArguments = (
		<OpenGL._opaque.EGLDisplay_pointer object at 0x723c13890bc0>,
		<OpenGL._opaque.EGLContext_pointer object at 0x723b644a45c0>,
	),
	result = 0
)
Exception ignored in: <function Renderer.__del__ at 0x723c36d94af0>
Traceback (most recent call last):
  File "/home/nas_main/kinamkim/.local/lib/python3.10/site-packages/mujoco/rendering/classic/renderer.py", line 339, in __del__
    self.close()
  File "/home/nas_main/kinamkim/.local/lib/python3.10/site-packages/mujoco/rendering/classic/renderer.py", line 325, in close
    self._gl_context.free()
  File "/home/nas_main/kinamkim/.local/lib/python3.10/site-packages/mujoco/egl/__init__.py", line 133, in free
    EGL.eglDestroyContext(EGL_DISPLAY, self._context)
  File "/home/nas_main/kinamkim/.local/lib/python3.10/site-packages/OpenGL/error.py", line 230, in glCheckError
    raise self._errorClass(
OpenGL.raw.EGL._errors.EGLError: EGLError(
	err = EGL_NOT_INITIALIZED,
	baseOperation = eglDestroyContext,
	cArguments = (
		<OpenGL._opaque.EGLDisplay_pointer object at 0x723c13890bc0>,
		<OpenGL._opaque.EGLContext_pointer object at 0x723b644a61c0>,
	),
	result = 0
)
Exception ignored in: <function GLContext.__del__ at 0x723c36d94310>
Traceback (most recent call last):
  File "/home/nas_main/kinamkim/.local/lib/python3.10/site-packages/mujoco/egl/__init__.py", line 138, in __del__
    self.free()
  File "/home/nas_main/kinamkim/.local/lib/python3.10/site-packages/mujoco/egl/__init__.py", line 133, in free
    EGL.eglDestroyContext(EGL_DISPLAY, self._context)
  File "/home/nas_main/kinamkim/.local/lib/python3.10/site-packages/OpenGL/error.py", line 230, in glCheckError
    raise self._errorClass(
OpenGL.raw.EGL._errors.EGLError: EGLError(
	err = EGL_NOT_INITIALIZED,
	baseOperation = eglDestroyContext,
	cArguments = (
		<OpenGL._opaque.EGLDisplay_pointer object at 0x723c13890bc0>,
		<OpenGL._opaque.EGLContext_pointer object at 0x723b644a61c0>,
	),
	result = 0
)
Exception ignored in: <function Renderer.__del__ at 0x723c36d94af0>
Traceback (most recent call last):
  File "/home/nas_main/kinamkim/.local/lib/python3.10/site-packages/mujoco/rendering/classic/renderer.py", line 339, in __del__
    self.close()
  File "/home/nas_main/kinamkim/.local/lib/python3.10/site-packages/mujoco/rendering/classic/renderer.py", line 325, in close
    self._gl_context.free()
  File "/home/nas_main/kinamkim/.local/lib/python3.10/site-packages/mujoco/egl/__init__.py", line 133, in free
    EGL.eglDestroyContext(EGL_DISPLAY, self._context)
  File "/home/nas_main/kinamkim/.local/lib/python3.10/site-packages/OpenGL/error.py", line 230, in glCheckError
    raise self._errorClass(
OpenGL.raw.EGL._errors.EGLError: EGLError(
	err = EGL_NOT_INITIALIZED,
	baseOperation = eglDestroyContext,
	cArguments = (
		<OpenGL._opaque.EGLDisplay_pointer object at 0x723c13890bc0>,
		<OpenGL._opaque.EGLContext_pointer object at 0x723b644a47c0>,
	),
	result = 0
)
Exception ignored in: <function GLContext.__del__ at 0x723c36d94310>
Traceback (most recent call last):
  File "/home/nas_main/kinamkim/.local/lib/python3.10/site-packages/mujoco/egl/__init__.py", line 138, in __del__
    self.free()
  File "/home/nas_main/kinamkim/.local/lib/python3.10/site-packages/mujoco/egl/__init__.py", line 133, in free
    EGL.eglDestroyContext(EGL_DISPLAY, self._context)
  File "/home/nas_main/kinamkim/.local/lib/python3.10/site-packages/OpenGL/error.py", line 230, in glCheckError
    raise self._errorClass(
OpenGL.raw.EGL._errors.EGLError: EGLError(
	err = EGL_NOT_INITIALIZED,
	baseOperation = eglDestroyContext,
	cArguments = (
		<OpenGL._opaque.EGLDisplay_pointer object at 0x723c13890bc0>,
		<OpenGL._opaque.EGLContext_pointer object at 0x723b644a47c0>,
	),
	result = 0
)
Exception ignored in: <function Renderer.__del__ at 0x723c36d94af0>
Traceback (most recent call last):
  File "/home/nas_main/kinamkim/.local/lib/python3.10/site-packages/mujoco/rendering/classic/renderer.py", line 339, in __del__
    self.close()
  File "/home/nas_main/kinamkim/.local/lib/python3.10/site-packages/mujoco/rendering/classic/renderer.py", line 325, in close
    self._gl_context.free()
  File "/home/nas_main/kinamkim/.local/lib/python3.10/site-packages/mujoco/egl/__init__.py", line 133, in free
    EGL.eglDestroyContext(EGL_DISPLAY, self._context)
  File "/home/nas_main/kinamkim/.local/lib/python3.10/site-packages/OpenGL/error.py", line 230, in glCheckError
    raise self._errorClass(
OpenGL.raw.EGL._errors.EGLError: EGLError(
	err = EGL_NOT_INITIALIZED,
	baseOperation = eglDestroyContext,
	cArguments = (
		<OpenGL._opaque.EGLDisplay_pointer object at 0x723c13890bc0>,
		<OpenGL._opaque.EGLContext_pointer object at 0x723b644a6040>,
	),
	result = 0
)
Exception ignored in: <function GLContext.__del__ at 0x723c36d94310>
Traceback (most recent call last):
  File "/home/nas_main/kinamkim/.local/lib/python3.10/site-packages/mujoco/egl/__init__.py", line 138, in __del__
    self.free()
  File "/home/nas_main/kinamkim/.local/lib/python3.10/site-packages/mujoco/egl/__init__.py", line 133, in free
    EGL.eglDestroyContext(EGL_DISPLAY, self._context)
  File "/home/nas_main/kinamkim/.local/lib/python3.10/site-packages/OpenGL/error.py", line 230, in glCheckError
    raise self._errorClass(
OpenGL.raw.EGL._errors.EGLError: EGLError(
	err = EGL_NOT_INITIALIZED,
	baseOperation = eglDestroyContext,
	cArguments = (
		<OpenGL._opaque.EGLDisplay_pointer object at 0x723c13890bc0>,
		<OpenGL._opaque.EGLContext_pointer object at 0x723b644a6040>,
	),
	result = 0
)
Exception ignored in: <function Renderer.__del__ at 0x723c36d94af0>
Traceback (most recent call last):
  File "/home/nas_main/kinamkim/.local/lib/python3.10/site-packages/mujoco/rendering/classic/renderer.py", line 339, in __del__
    self.close()
  File "/home/nas_main/kinamkim/.local/lib/python3.10/site-packages/mujoco/rendering/classic/renderer.py", line 325, in close
    self._gl_context.free()
  File "/home/nas_main/kinamkim/.local/lib/python3.10/site-packages/mujoco/egl/__init__.py", line 133, in free
    EGL.eglDestroyContext(EGL_DISPLAY, self._context)
  File "/home/nas_main/kinamkim/.local/lib/python3.10/site-packages/OpenGL/error.py", line 230, in glCheckError
    raise self._errorClass(
OpenGL.raw.EGL._errors.EGLError: EGLError(
	err = EGL_NOT_INITIALIZED,
	baseOperation = eglDestroyContext,
	cArguments = (
		<OpenGL._opaque.EGLDisplay_pointer object at 0x723c13890bc0>,
		<OpenGL._opaque.EGLContext_pointer object at 0x723b644a4e40>,
	),
	result = 0
)
Exception ignored in: <function GLContext.__del__ at 0x723c36d94310>
Traceback (most recent call last):
  File "/home/nas_main/kinamkim/.local/lib/python3.10/site-packages/mujoco/egl/__init__.py", line 138, in __del__
    self.free()
  File "/home/nas_main/kinamkim/.local/lib/python3.10/site-packages/mujoco/egl/__init__.py", line 133, in free
    EGL.eglDestroyContext(EGL_DISPLAY, self._context)
  File "/home/nas_main/kinamkim/.local/lib/python3.10/site-packages/OpenGL/error.py", line 230, in glCheckError
    raise self._errorClass(
OpenGL.raw.EGL._errors.EGLError: EGLError(
	err = EGL_NOT_INITIALIZED,
	baseOperation = eglDestroyContext,
	cArguments = (
		<OpenGL._opaque.EGLDisplay_pointer object at 0x723c13890bc0>,
		<OpenGL._opaque.EGLContext_pointer object at 0x723b644a4e40>,
	),
	result = 0
)
Exception ignored in: <function Renderer.__del__ at 0x723c36d94af0>
Traceback (most recent call last):
  File "/home/nas_main/kinamkim/.local/lib/python3.10/site-packages/mujoco/rendering/classic/renderer.py", line 339, in __del__
    self.close()
  File "/home/nas_main/kinamkim/.local/lib/python3.10/site-packages/mujoco/rendering/classic/renderer.py", line 325, in close
    self._gl_context.free()
  File "/home/nas_main/kinamkim/.local/lib/python3.10/site-packages/mujoco/egl/__init__.py", line 133, in free
    EGL.eglDestroyContext(EGL_DISPLAY, self._context)
  File "/home/nas_main/kinamkim/.local/lib/python3.10/site-packages/OpenGL/error.py", line 230, in glCheckError
    raise self._errorClass(
OpenGL.raw.EGL._errors.EGLError: EGLError(
	err = EGL_NOT_INITIALIZED,
	baseOperation = eglDestroyContext,
	cArguments = (
		<OpenGL._opaque.EGLDisplay_pointer object at 0x723c13890bc0>,
		<OpenGL._opaque.EGLContext_pointer object at 0x723b644a5ec0>,
	),
	result = 0
)
Exception ignored in: <function GLContext.__del__ at 0x723c36d94310>
Traceback (most recent call last):
  File "/home/nas_main/kinamkim/.local/lib/python3.10/site-packages/mujoco/egl/__init__.py", line 138, in __del__
    self.free()
  File "/home/nas_main/kinamkim/.local/lib/python3.10/site-packages/mujoco/egl/__init__.py", line 133, in free
    EGL.eglDestroyContext(EGL_DISPLAY, self._context)
  File "/home/nas_main/kinamkim/.local/lib/python3.10/site-packages/OpenGL/error.py", line 230, in glCheckError
    raise self._errorClass(
OpenGL.raw.EGL._errors.EGLError: EGLError(
	err = EGL_NOT_INITIALIZED,
	baseOperation = eglDestroyContext,
	cArguments = (
		<OpenGL._opaque.EGLDisplay_pointer object at 0x723c13890bc0>,
		<OpenGL._opaque.EGLContext_pointer object at 0x723b644a5ec0>,
	),
	result = 0
)
Exception ignored in: <function Renderer.__del__ at 0x723c36d94af0>
Traceback (most recent call last):
  File "/home/nas_main/kinamkim/.local/lib/python3.10/site-packages/mujoco/rendering/classic/renderer.py", line 339, in __del__
    self.close()
  File "/home/nas_main/kinamkim/.local/lib/python3.10/site-packages/mujoco/rendering/classic/renderer.py", line 325, in close
    self._gl_context.free()
  File "/home/nas_main/kinamkim/.local/lib/python3.10/site-packages/mujoco/egl/__init__.py", line 133, in free
    EGL.eglDestroyContext(EGL_DISPLAY, self._context)
  File "/home/nas_main/kinamkim/.local/lib/python3.10/site-packages/OpenGL/error.py", line 230, in glCheckError
    raise self._errorClass(
OpenGL.raw.EGL._errors.EGLError: EGLError(
	err = EGL_NOT_INITIALIZED,
	baseOperation = eglDestroyContext,
	cArguments = (
		<OpenGL._opaque.EGLDisplay_pointer object at 0x723c13890bc0>,
		<OpenGL._opaque.EGLContext_pointer object at 0x723b644a4cc0>,
	),
	result = 0
)
Exception ignored in: <function GLContext.__del__ at 0x723c36d94310>
Traceback (most recent call last):
  File "/home/nas_main/kinamkim/.local/lib/python3.10/site-packages/mujoco/egl/__init__.py", line 138, in __del__
    self.free()
  File "/home/nas_main/kinamkim/.local/lib/python3.10/site-packages/mujoco/egl/__init__.py", line 133, in free
    EGL.eglDestroyContext(EGL_DISPLAY, self._context)
  File "/home/nas_main/kinamkim/.local/lib/python3.10/site-packages/OpenGL/error.py", line 230, in glCheckError
    raise self._errorClass(
OpenGL.raw.EGL._errors.EGLError: EGLError(
	err = EGL_NOT_INITIALIZED,
	baseOperation = eglDestroyContext,
	cArguments = (
		<OpenGL._opaque.EGLDisplay_pointer object at 0x723c13890bc0>,
		<OpenGL._opaque.EGLContext_pointer object at 0x723b644a4cc0>,
	),
	result = 0
)
Exception ignored in: <function Renderer.__del__ at 0x723c36d94af0>
Traceback (most recent call last):
  File "/home/nas_main/kinamkim/.local/lib/python3.10/site-packages/mujoco/rendering/classic/renderer.py", line 339, in __del__
    self.close()
  File "/home/nas_main/kinamkim/.local/lib/python3.10/site-packages/mujoco/rendering/classic/renderer.py", line 325, in close
    self._gl_context.free()
  File "/home/nas_main/kinamkim/.local/lib/python3.10/site-packages/mujoco/egl/__init__.py", line 133, in free
    EGL.eglDestroyContext(EGL_DISPLAY, self._context)
  File "/home/nas_main/kinamkim/.local/lib/python3.10/site-packages/OpenGL/error.py", line 230, in glCheckError
    raise self._errorClass(
OpenGL.raw.EGL._errors.EGLError: EGLError(
	err = EGL_NOT_INITIALIZED,
	baseOperation = eglDestroyContext,
	cArguments = (
		<OpenGL._opaque.EGLDisplay_pointer object at 0x723c13890bc0>,
		<OpenGL._opaque.EGLContext_pointer object at 0x723b644a5d40>,
	),
	result = 0
)
Exception ignored in: <function GLContext.__del__ at 0x723c36d94310>
Traceback (most recent call last):
  File "/home/nas_main/kinamkim/.local/lib/python3.10/site-packages/mujoco/egl/__init__.py", line 138, in __del__
    self.free()
  File "/home/nas_main/kinamkim/.local/lib/python3.10/site-packages/mujoco/egl/__init__.py", line 133, in free
    EGL.eglDestroyContext(EGL_DISPLAY, self._context)
  File "/home/nas_main/kinamkim/.local/lib/python3.10/site-packages/OpenGL/error.py", line 230, in glCheckError
    raise self._errorClass(
OpenGL.raw.EGL._errors.EGLError: EGLError(
	err = EGL_NOT_INITIALIZED,
	baseOperation = eglDestroyContext,
	cArguments = (
		<OpenGL._opaque.EGLDisplay_pointer object at 0x723c13890bc0>,
		<OpenGL._opaque.EGLContext_pointer object at 0x723b644a5d40>,
	),
	result = 0
)
Exception ignored in: <function Renderer.__del__ at 0x723c36d94af0>
Traceback (most recent call last):
  File "/home/nas_main/kinamkim/.local/lib/python3.10/site-packages/mujoco/rendering/classic/renderer.py", line 339, in __del__
    self.close()
  File "/home/nas_main/kinamkim/.local/lib/python3.10/site-packages/mujoco/rendering/classic/renderer.py", line 325, in close
    self._gl_context.free()
  File "/home/nas_main/kinamkim/.local/lib/python3.10/site-packages/mujoco/egl/__init__.py", line 133, in free
    EGL.eglDestroyContext(EGL_DISPLAY, self._context)
  File "/home/nas_main/kinamkim/.local/lib/python3.10/site-packages/OpenGL/error.py", line 230, in glCheckError
    raise self._errorClass(
OpenGL.raw.EGL._errors.EGLError: EGLError(
	err = EGL_NOT_INITIALIZED,
	baseOperation = eglDestroyContext,
	cArguments = (
		<OpenGL._opaque.EGLDisplay_pointer object at 0x723c13890bc0>,
		<OpenGL._opaque.EGLContext_pointer object at 0x723b644a4b40>,
	),
	result = 0
)
Exception ignored in: <function GLContext.__del__ at 0x723c36d94310>
Traceback (most recent call last):
  File "/home/nas_main/kinamkim/.local/lib/python3.10/site-packages/mujoco/egl/__init__.py", line 138, in __del__
    self.free()
  File "/home/nas_main/kinamkim/.local/lib/python3.10/site-packages/mujoco/egl/__init__.py", line 133, in free
    EGL.eglDestroyContext(EGL_DISPLAY, self._context)
  File "/home/nas_main/kinamkim/.local/lib/python3.10/site-packages/OpenGL/error.py", line 230, in glCheckError
    raise self._errorClass(
OpenGL.raw.EGL._errors.EGLError: EGLError(
	err = EGL_NOT_INITIALIZED,
	baseOperation = eglDestroyContext,
	cArguments = (
		<OpenGL._opaque.EGLDisplay_pointer object at 0x723c13890bc0>,
		<OpenGL._opaque.EGLContext_pointer object at 0x723b644a4b40>,
	),
	result = 0
)
Exception ignored in: <function Renderer.__del__ at 0x723c36d94af0>
Traceback (most recent call last):
  File "/home/nas_main/kinamkim/.local/lib/python3.10/site-packages/mujoco/rendering/classic/renderer.py", line 339, in __del__
    self.close()
  File "/home/nas_main/kinamkim/.local/lib/python3.10/site-packages/mujoco/rendering/classic/renderer.py", line 325, in close
    self._gl_context.free()
  File "/home/nas_main/kinamkim/.local/lib/python3.10/site-packages/mujoco/egl/__init__.py", line 133, in free
    EGL.eglDestroyContext(EGL_DISPLAY, self._context)
  File "/home/nas_main/kinamkim/.local/lib/python3.10/site-packages/OpenGL/error.py", line 230, in glCheckError
    raise self._errorClass(
OpenGL.raw.EGL._errors.EGLError: EGLError(
	err = EGL_NOT_INITIALIZED,
	baseOperation = eglDestroyContext,
	cArguments = (
		<OpenGL._opaque.EGLDisplay_pointer object at 0x723c13890bc0>,
		<OpenGL._opaque.EGLContext_pointer object at 0x723b644a5bc0>,
	),
	result = 0
)
Exception ignored in: <function GLContext.__del__ at 0x723c36d94310>
Traceback (most recent call last):
  File "/home/nas_main/kinamkim/.local/lib/python3.10/site-packages/mujoco/egl/__init__.py", line 138, in __del__
    self.free()
  File "/home/nas_main/kinamkim/.local/lib/python3.10/site-packages/mujoco/egl/__init__.py", line 133, in free
    EGL.eglDestroyContext(EGL_DISPLAY, self._context)
  File "/home/nas_main/kinamkim/.local/lib/python3.10/site-packages/OpenGL/error.py", line 230, in glCheckError
    raise self._errorClass(
OpenGL.raw.EGL._errors.EGLError: EGLError(
	err = EGL_NOT_INITIALIZED,
	baseOperation = eglDestroyContext,
	cArguments = (
		<OpenGL._opaque.EGLDisplay_pointer object at 0x723c13890bc0>,
		<OpenGL._opaque.EGLContext_pointer object at 0x723b644a5bc0>,
	),
	result = 0
)
Exception ignored in: <function Renderer.__del__ at 0x723c36d94af0>
Traceback (most recent call last):
  File "/home/nas_main/kinamkim/.local/lib/python3.10/site-packages/mujoco/rendering/classic/renderer.py", line 339, in __del__
    self.close()
  File "/home/nas_main/kinamkim/.local/lib/python3.10/site-packages/mujoco/rendering/classic/renderer.py", line 325, in close
    self._gl_context.free()
  File "/home/nas_main/kinamkim/.local/lib/python3.10/site-packages/mujoco/egl/__init__.py", line 133, in free
    EGL.eglDestroyContext(EGL_DISPLAY, self._context)
  File "/home/nas_main/kinamkim/.local/lib/python3.10/site-packages/OpenGL/error.py", line 230, in glCheckError
    raise self._errorClass(
OpenGL.raw.EGL._errors.EGLError: EGLError(
	err = EGL_NOT_INITIALIZED,
	baseOperation = eglDestroyContext,
	cArguments = (
		<OpenGL._opaque.EGLDisplay_pointer object at 0x723c13890bc0>,
		<OpenGL._opaque.EGLContext_pointer object at 0x723b644a49c0>,
	),
	result = 0
)
Exception ignored in: <function GLContext.__del__ at 0x723c36d94310>
Traceback (most recent call last):
  File "/home/nas_main/kinamkim/.local/lib/python3.10/site-packages/mujoco/egl/__init__.py", line 138, in __del__
    self.free()
  File "/home/nas_main/kinamkim/.local/lib/python3.10/site-packages/mujoco/egl/__init__.py", line 133, in free
    EGL.eglDestroyContext(EGL_DISPLAY, self._context)
  File "/home/nas_main/kinamkim/.local/lib/python3.10/site-packages/OpenGL/error.py", line 230, in glCheckError
    raise self._errorClass(
OpenGL.raw.EGL._errors.EGLError: EGLError(
	err = EGL_NOT_INITIALIZED,
	baseOperation = eglDestroyContext,
	cArguments = (
		<OpenGL._opaque.EGLDisplay_pointer object at 0x723c13890bc0>,
		<OpenGL._opaque.EGLContext_pointer object at 0x723b644a49c0>,
	),
	result = 0
)
Exception ignored in: <function Renderer.__del__ at 0x723c36d94af0>
Traceback (most recent call last):
  File "/home/nas_main/kinamkim/.local/lib/python3.10/site-packages/mujoco/rendering/classic/renderer.py", line 339, in __del__
    self.close()
  File "/home/nas_main/kinamkim/.local/lib/python3.10/site-packages/mujoco/rendering/classic/renderer.py", line 325, in close
    self._gl_context.free()
  File "/home/nas_main/kinamkim/.local/lib/python3.10/site-packages/mujoco/egl/__init__.py", line 133, in free
    EGL.eglDestroyContext(EGL_DISPLAY, self._context)
  File "/home/nas_main/kinamkim/.local/lib/python3.10/site-packages/OpenGL/error.py", line 230, in glCheckError
    raise self._errorClass(
OpenGL.raw.EGL._errors.EGLError: EGLError(
	err = EGL_NOT_INITIALIZED,
	baseOperation = eglDestroyContext,
	cArguments = (
		<OpenGL._opaque.EGLDisplay_pointer object at 0x723c13890bc0>,
		<OpenGL._opaque.EGLContext_pointer object at 0x723b644a5a40>,
	),
	result = 0
)
Exception ignored in: <function GLContext.__del__ at 0x723c36d94310>
Traceback (most recent call last):
  File "/home/nas_main/kinamkim/.local/lib/python3.10/site-packages/mujoco/egl/__init__.py", line 138, in __del__
    self.free()
  File "/home/nas_main/kinamkim/.local/lib/python3.10/site-packages/mujoco/egl/__init__.py", line 133, in free
    EGL.eglDestroyContext(EGL_DISPLAY, self._context)
  File "/home/nas_main/kinamkim/.local/lib/python3.10/site-packages/OpenGL/error.py", line 230, in glCheckError
    raise self._errorClass(
OpenGL.raw.EGL._errors.EGLError: EGLError(
	err = EGL_NOT_INITIALIZED,
	baseOperation = eglDestroyContext,
	cArguments = (
		<OpenGL._opaque.EGLDisplay_pointer object at 0x723c13890bc0>,
		<OpenGL._opaque.EGLContext_pointer object at 0x723b644a5a40>,
	),
	result = 0
)
Exception ignored in: <function Renderer.__del__ at 0x723c36d94af0>
Traceback (most recent call last):
  File "/home/nas_main/kinamkim/.local/lib/python3.10/site-packages/mujoco/rendering/classic/renderer.py", line 339, in __del__
    self.close()
  File "/home/nas_main/kinamkim/.local/lib/python3.10/site-packages/mujoco/rendering/classic/renderer.py", line 325, in close
    self._gl_context.free()
  File "/home/nas_main/kinamkim/.local/lib/python3.10/site-packages/mujoco/egl/__init__.py", line 133, in free
    EGL.eglDestroyContext(EGL_DISPLAY, self._context)
  File "/home/nas_main/kinamkim/.local/lib/python3.10/site-packages/OpenGL/error.py", line 230, in glCheckError
    raise self._errorClass(
OpenGL.raw.EGL._errors.EGLError: EGLError(
	err = EGL_NOT_INITIALIZED,
	baseOperation = eglDestroyContext,
	cArguments = (
		<OpenGL._opaque.EGLDisplay_pointer object at 0x723c13890bc0>,
		<OpenGL._opaque.EGLContext_pointer object at 0x723b644a4940>,
	),
	result = 0
)
Exception ignored in: <function GLContext.__del__ at 0x723c36d94310>
Traceback (most recent call last):
  File "/home/nas_main/kinamkim/.local/lib/python3.10/site-packages/mujoco/egl/__init__.py", line 138, in __del__
    self.free()
  File "/home/nas_main/kinamkim/.local/lib/python3.10/site-packages/mujoco/egl/__init__.py", line 133, in free
    EGL.eglDestroyContext(EGL_DISPLAY, self._context)
  File "/home/nas_main/kinamkim/.local/lib/python3.10/site-packages/OpenGL/error.py", line 230, in glCheckError
    raise self._errorClass(
OpenGL.raw.EGL._errors.EGLError: EGLError(
	err = EGL_NOT_INITIALIZED,
	baseOperation = eglDestroyContext,
	cArguments = (
		<OpenGL._opaque.EGLDisplay_pointer object at 0x723c13890bc0>,
		<OpenGL._opaque.EGLContext_pointer object at 0x723b644a4940>,
	),
	result = 0
)
Exception ignored in: <function Renderer.__del__ at 0x723c36d94af0>
Traceback (most recent call last):
  File "/home/nas_main/kinamkim/.local/lib/python3.10/site-packages/mujoco/rendering/classic/renderer.py", line 339, in __del__
    self.close()
  File "/home/nas_main/kinamkim/.local/lib/python3.10/site-packages/mujoco/rendering/classic/renderer.py", line 325, in close
    self._gl_context.free()
  File "/home/nas_main/kinamkim/.local/lib/python3.10/site-packages/mujoco/egl/__init__.py", line 133, in free
    EGL.eglDestroyContext(EGL_DISPLAY, self._context)
  File "/home/nas_main/kinamkim/.local/lib/python3.10/site-packages/OpenGL/error.py", line 230, in glCheckError
    raise self._errorClass(
OpenGL.raw.EGL._errors.EGLError: EGLError(
	err = EGL_NOT_INITIALIZED,
	baseOperation = eglDestroyContext,
	cArguments = (
		<OpenGL._opaque.EGLDisplay_pointer object at 0x723c13890bc0>,
		<OpenGL._opaque.EGLContext_pointer object at 0x723b644a58c0>,
	),
	result = 0
)
Exception ignored in: <function GLContext.__del__ at 0x723c36d94310>
Traceback (most recent call last):
  File "/home/nas_main/kinamkim/.local/lib/python3.10/site-packages/mujoco/egl/__init__.py", line 138, in __del__
    self.free()
  File "/home/nas_main/kinamkim/.local/lib/python3.10/site-packages/mujoco/egl/__init__.py", line 133, in free
    EGL.eglDestroyContext(EGL_DISPLAY, self._context)
  File "/home/nas_main/kinamkim/.local/lib/python3.10/site-packages/OpenGL/error.py", line 230, in glCheckError
    raise self._errorClass(
OpenGL.raw.EGL._errors.EGLError: EGLError(
	err = EGL_NOT_INITIALIZED,
	baseOperation = eglDestroyContext,
	cArguments = (
		<OpenGL._opaque.EGLDisplay_pointer object at 0x723c13890bc0>,
		<OpenGL._opaque.EGLContext_pointer object at 0x723b644a58c0>,
	),
	result = 0
)
Exception ignored in: <function Renderer.__del__ at 0x723c36d94af0>
Traceback (most recent call last):
  File "/home/nas_main/kinamkim/.local/lib/python3.10/site-packages/mujoco/rendering/classic/renderer.py", line 339, in __del__
    self.close()
  File "/home/nas_main/kinamkim/.local/lib/python3.10/site-packages/mujoco/rendering/classic/renderer.py", line 325, in close
    self._gl_context.free()
  File "/home/nas_main/kinamkim/.local/lib/python3.10/site-packages/mujoco/egl/__init__.py", line 133, in free
    EGL.eglDestroyContext(EGL_DISPLAY, self._context)
  File "/home/nas_main/kinamkim/.local/lib/python3.10/site-packages/OpenGL/error.py", line 230, in glCheckError
    raise self._errorClass(
OpenGL.raw.EGL._errors.EGLError: EGLError(
	err = EGL_NOT_INITIALIZED,
	baseOperation = eglDestroyContext,
	cArguments = (
		<OpenGL._opaque.EGLDisplay_pointer object at 0x723c13890bc0>,
		<OpenGL._opaque.EGLContext_pointer object at 0x723b644a4340>,
	),
	result = 0
)
Exception ignored in: <function GLContext.__del__ at 0x723c36d94310>
Traceback (most recent call last):
  File "/home/nas_main/kinamkim/.local/lib/python3.10/site-packages/mujoco/egl/__init__.py", line 138, in __del__
    self.free()
  File "/home/nas_main/kinamkim/.local/lib/python3.10/site-packages/mujoco/egl/__init__.py", line 133, in free
    EGL.eglDestroyContext(EGL_DISPLAY, self._context)
  File "/home/nas_main/kinamkim/.local/lib/python3.10/site-packages/OpenGL/error.py", line 230, in glCheckError
    raise self._errorClass(
OpenGL.raw.EGL._errors.EGLError: EGLError(
	err = EGL_NOT_INITIALIZED,
	baseOperation = eglDestroyContext,
	cArguments = (
		<OpenGL._opaque.EGLDisplay_pointer object at 0x723c13890bc0>,
		<OpenGL._opaque.EGLContext_pointer object at 0x723b644a4340>,
	),
	result = 0
)
Exception ignored in: <function Renderer.__del__ at 0x723c36d94af0>
Traceback (most recent call last):
  File "/home/nas_main/kinamkim/.local/lib/python3.10/site-packages/mujoco/rendering/classic/renderer.py", line 339, in __del__
    self.close()
  File "/home/nas_main/kinamkim/.local/lib/python3.10/site-packages/mujoco/rendering/classic/renderer.py", line 325, in close
    self._gl_context.free()
  File "/home/nas_main/kinamkim/.local/lib/python3.10/site-packages/mujoco/egl/__init__.py", line 133, in free
    EGL.eglDestroyContext(EGL_DISPLAY, self._context)
  File "/home/nas_main/kinamkim/.local/lib/python3.10/site-packages/OpenGL/error.py", line 230, in glCheckError
    raise self._errorClass(
OpenGL.raw.EGL._errors.EGLError: EGLError(
	err = EGL_NOT_INITIALIZED,
	baseOperation = eglDestroyContext,
	cArguments = (
		<OpenGL._opaque.EGLDisplay_pointer object at 0x723c13890bc0>,
		<OpenGL._opaque.EGLContext_pointer object at 0x723b644a5740>,
	),
	result = 0
)
Exception ignored in: <function GLContext.__del__ at 0x723c36d94310>
Traceback (most recent call last):
  File "/home/nas_main/kinamkim/.local/lib/python3.10/site-packages/mujoco/egl/__init__.py", line 138, in __del__
    self.free()
  File "/home/nas_main/kinamkim/.local/lib/python3.10/site-packages/mujoco/egl/__init__.py", line 133, in free
    EGL.eglDestroyContext(EGL_DISPLAY, self._context)
  File "/home/nas_main/kinamkim/.local/lib/python3.10/site-packages/OpenGL/error.py", line 230, in glCheckError
    raise self._errorClass(
OpenGL.raw.EGL._errors.EGLError: EGLError(
	err = EGL_NOT_INITIALIZED,
	baseOperation = eglDestroyContext,
	cArguments = (
		<OpenGL._opaque.EGLDisplay_pointer object at 0x723c13890bc0>,
		<OpenGL._opaque.EGLContext_pointer object at 0x723b644a5740>,
	),
	result = 0
)
Exception ignored in: <function Renderer.__del__ at 0x723c36d94af0>
Traceback (most recent call last):
  File "/home/nas_main/kinamkim/.local/lib/python3.10/site-packages/mujoco/rendering/classic/renderer.py", line 339, in __del__
    self.close()
  File "/home/nas_main/kinamkim/.local/lib/python3.10/site-packages/mujoco/rendering/classic/renderer.py", line 325, in close
    self._gl_context.free()
  File "/home/nas_main/kinamkim/.local/lib/python3.10/site-packages/mujoco/egl/__init__.py", line 133, in free
    EGL.eglDestroyContext(EGL_DISPLAY, self._context)
  File "/home/nas_main/kinamkim/.local/lib/python3.10/site-packages/OpenGL/error.py", line 230, in glCheckError
    raise self._errorClass(
OpenGL.raw.EGL._errors.EGLError: EGLError(
	err = EGL_NOT_INITIALIZED,
	baseOperation = eglDestroyContext,
	cArguments = (
		<OpenGL._opaque.EGLDisplay_pointer object at 0x723c13890bc0>,
		<OpenGL._opaque.EGLContext_pointer object at 0x723b644a5540>,
	),
	result = 0
)
Exception ignored in: <function GLContext.__del__ at 0x723c36d94310>
Traceback (most recent call last):
  File "/home/nas_main/kinamkim/.local/lib/python3.10/site-packages/mujoco/egl/__init__.py", line 138, in __del__
    self.free()
  File "/home/nas_main/kinamkim/.local/lib/python3.10/site-packages/mujoco/egl/__init__.py", line 133, in free
    EGL.eglDestroyContext(EGL_DISPLAY, self._context)
  File "/home/nas_main/kinamkim/.local/lib/python3.10/site-packages/OpenGL/error.py", line 230, in glCheckError
    raise self._errorClass(
OpenGL.raw.EGL._errors.EGLError: EGLError(
	err = EGL_NOT_INITIALIZED,
	baseOperation = eglDestroyContext,
	cArguments = (
		<OpenGL._opaque.EGLDisplay_pointer object at 0x723c13890bc0>,
		<OpenGL._opaque.EGLContext_pointer object at 0x723b644a5540>,
	),
	result = 0
)
Exception ignored in: <function Renderer.__del__ at 0x723c36d94af0>
Traceback (most recent call last):
  File "/home/nas_main/kinamkim/.local/lib/python3.10/site-packages/mujoco/rendering/classic/renderer.py", line 339, in __del__
    self.close()
  File "/home/nas_main/kinamkim/.local/lib/python3.10/site-packages/mujoco/rendering/classic/renderer.py", line 325, in close
    self._gl_context.free()
  File "/home/nas_main/kinamkim/.local/lib/python3.10/site-packages/mujoco/egl/__init__.py", line 133, in free
    EGL.eglDestroyContext(EGL_DISPLAY, self._context)
  File "/home/nas_main/kinamkim/.local/lib/python3.10/site-packages/OpenGL/error.py", line 230, in glCheckError
    raise self._errorClass(
OpenGL.raw.EGL._errors.EGLError: EGLError(
	err = EGL_NOT_INITIALIZED,
	baseOperation = eglDestroyContext,
	cArguments = (
		<OpenGL._opaque.EGLDisplay_pointer object at 0x723c13890bc0>,
		<OpenGL._opaque.EGLContext_pointer object at 0x723b644a55c0>,
	),
	result = 0
)
Exception ignored in: <function GLContext.__del__ at 0x723c36d94310>
Traceback (most recent call last):
  File "/home/nas_main/kinamkim/.local/lib/python3.10/site-packages/mujoco/egl/__init__.py", line 138, in __del__
    self.free()
  File "/home/nas_main/kinamkim/.local/lib/python3.10/site-packages/mujoco/egl/__init__.py", line 133, in free
    EGL.eglDestroyContext(EGL_DISPLAY, self._context)
  File "/home/nas_main/kinamkim/.local/lib/python3.10/site-packages/OpenGL/error.py", line 230, in glCheckError
    raise self._errorClass(
OpenGL.raw.EGL._errors.EGLError: EGLError(
	err = EGL_NOT_INITIALIZED,
	baseOperation = eglDestroyContext,
	cArguments = (
		<OpenGL._opaque.EGLDisplay_pointer object at 0x723c13890bc0>,
		<OpenGL._opaque.EGLContext_pointer object at 0x723b644a55c0>,
	),
	result = 0
)
Exception ignored in: <function Renderer.__del__ at 0x723c36d94af0>
Traceback (most recent call last):
  File "/home/nas_main/kinamkim/.local/lib/python3.10/site-packages/mujoco/rendering/classic/renderer.py", line 339, in __del__
    self.close()
  File "/home/nas_main/kinamkim/.local/lib/python3.10/site-packages/mujoco/rendering/classic/renderer.py", line 325, in close
    self._gl_context.free()
  File "/home/nas_main/kinamkim/.local/lib/python3.10/site-packages/mujoco/egl/__init__.py", line 133, in free
    EGL.eglDestroyContext(EGL_DISPLAY, self._context)
  File "/home/nas_main/kinamkim/.local/lib/python3.10/site-packages/OpenGL/error.py", line 230, in glCheckError
    raise self._errorClass(
OpenGL.raw.EGL._errors.EGLError: EGLError(
	err = EGL_NOT_INITIALIZED,
	baseOperation = eglDestroyContext,
	cArguments = (
		<OpenGL._opaque.EGLDisplay_pointer object at 0x723c13890bc0>,
		<OpenGL._opaque.EGLContext_pointer object at 0x723b644a4640>,
	),
	result = 0
)
Exception ignored in: <function GLContext.__del__ at 0x723c36d94310>
Traceback (most recent call last):
  File "/home/nas_main/kinamkim/.local/lib/python3.10/site-packages/mujoco/egl/__init__.py", line 138, in __del__
    self.free()
  File "/home/nas_main/kinamkim/.local/lib/python3.10/site-packages/mujoco/egl/__init__.py", line 133, in free
    EGL.eglDestroyContext(EGL_DISPLAY, self._context)
  File "/home/nas_main/kinamkim/.local/lib/python3.10/site-packages/OpenGL/error.py", line 230, in glCheckError
    raise self._errorClass(
OpenGL.raw.EGL._errors.EGLError: EGLError(
	err = EGL_NOT_INITIALIZED,
	baseOperation = eglDestroyContext,
	cArguments = (
		<OpenGL._opaque.EGLDisplay_pointer object at 0x723c13890bc0>,
		<OpenGL._opaque.EGLContext_pointer object at 0x723b644a4640>,
	),
	result = 0
)
Exception ignored in: <function Renderer.__del__ at 0x723c36d94af0>
Traceback (most recent call last):
  File "/home/nas_main/kinamkim/.local/lib/python3.10/site-packages/mujoco/rendering/classic/renderer.py", line 339, in __del__
    self.close()
  File "/home/nas_main/kinamkim/.local/lib/python3.10/site-packages/mujoco/rendering/classic/renderer.py", line 325, in close
    self._gl_context.free()
  File "/home/nas_main/kinamkim/.local/lib/python3.10/site-packages/mujoco/egl/__init__.py", line 133, in free
    EGL.eglDestroyContext(EGL_DISPLAY, self._context)
  File "/home/nas_main/kinamkim/.local/lib/python3.10/site-packages/OpenGL/error.py", line 230, in glCheckError
    raise self._errorClass(
OpenGL.raw.EGL._errors.EGLError: EGLError(
	err = EGL_NOT_INITIALIZED,
	baseOperation = eglDestroyContext,
	cArguments = (
		<OpenGL._opaque.EGLDisplay_pointer object at 0x723c13890bc0>,
		<OpenGL._opaque.EGLContext_pointer object at 0x723b644a54c0>,
	),
	result = 0
)
Exception ignored in: <function GLContext.__del__ at 0x723c36d94310>
Traceback (most recent call last):
  File "/home/nas_main/kinamkim/.local/lib/python3.10/site-packages/mujoco/egl/__init__.py", line 138, in __del__
    self.free()
  File "/home/nas_main/kinamkim/.local/lib/python3.10/site-packages/mujoco/egl/__init__.py", line 133, in free
    EGL.eglDestroyContext(EGL_DISPLAY, self._context)
  File "/home/nas_main/kinamkim/.local/lib/python3.10/site-packages/OpenGL/error.py", line 230, in glCheckError
    raise self._errorClass(
OpenGL.raw.EGL._errors.EGLError: EGLError(
	err = EGL_NOT_INITIALIZED,
	baseOperation = eglDestroyContext,
	cArguments = (
		<OpenGL._opaque.EGLDisplay_pointer object at 0x723c13890bc0>,
		<OpenGL._opaque.EGLContext_pointer object at 0x723b644a54c0>,
	),
	result = 0
)
Exception ignored in: <function Renderer.__del__ at 0x723c36d94af0>
Traceback (most recent call last):
  File "/home/nas_main/kinamkim/.local/lib/python3.10/site-packages/mujoco/rendering/classic/renderer.py", line 339, in __del__
    self.close()
  File "/home/nas_main/kinamkim/.local/lib/python3.10/site-packages/mujoco/rendering/classic/renderer.py", line 325, in close
    self._gl_context.free()
  File "/home/nas_main/kinamkim/.local/lib/python3.10/site-packages/mujoco/egl/__init__.py", line 133, in free
    EGL.eglDestroyContext(EGL_DISPLAY, self._context)
  File "/home/nas_main/kinamkim/.local/lib/python3.10/site-packages/OpenGL/error.py", line 230, in glCheckError
    raise self._errorClass(
OpenGL.raw.EGL._errors.EGLError: EGLError(
	err = EGL_NOT_INITIALIZED,
	baseOperation = eglDestroyContext,
	cArguments = (
		<OpenGL._opaque.EGLDisplay_pointer object at 0x723c13890bc0>,
		<OpenGL._opaque.EGLContext_pointer object at 0x723b644a44c0>,
	),
	result = 0
)
Exception ignored in: <function GLContext.__del__ at 0x723c36d94310>
Traceback (most recent call last):
  File "/home/nas_main/kinamkim/.local/lib/python3.10/site-packages/mujoco/egl/__init__.py", line 138, in __del__
    self.free()
  File "/home/nas_main/kinamkim/.local/lib/python3.10/site-packages/mujoco/egl/__init__.py", line 133, in free
    EGL.eglDestroyContext(EGL_DISPLAY, self._context)
  File "/home/nas_main/kinamkim/.local/lib/python3.10/site-packages/OpenGL/error.py", line 230, in glCheckError
    raise self._errorClass(
OpenGL.raw.EGL._errors.EGLError: EGLError(
	err = EGL_NOT_INITIALIZED,
	baseOperation = eglDestroyContext,
	cArguments = (
		<OpenGL._opaque.EGLDisplay_pointer object at 0x723c13890bc0>,
		<OpenGL._opaque.EGLContext_pointer object at 0x723b644a44c0>,
	),
	result = 0
)
Exception ignored in: <function Renderer.__del__ at 0x723c36d94af0>
Traceback (most recent call last):
  File "/home/nas_main/kinamkim/.local/lib/python3.10/site-packages/mujoco/rendering/classic/renderer.py", line 339, in __del__
    self.close()
  File "/home/nas_main/kinamkim/.local/lib/python3.10/site-packages/mujoco/rendering/classic/renderer.py", line 325, in close
    self._gl_context.free()
  File "/home/nas_main/kinamkim/.local/lib/python3.10/site-packages/mujoco/egl/__init__.py", line 133, in free
    EGL.eglDestroyContext(EGL_DISPLAY, self._context)
  File "/home/nas_main/kinamkim/.local/lib/python3.10/site-packages/OpenGL/error.py", line 230, in glCheckError
    raise self._errorClass(
OpenGL.raw.EGL._errors.EGLError: EGLError(
	err = EGL_NOT_INITIALIZED,
	baseOperation = eglDestroyContext,
	cArguments = (
		<OpenGL._opaque.EGLDisplay_pointer object at 0x723c13890bc0>,
		<OpenGL._opaque.EGLContext_pointer object at 0x723b644a5340>,
	),
	result = 0
)
Exception ignored in: <function GLContext.__del__ at 0x723c36d94310>
Traceback (most recent call last):
  File "/home/nas_main/kinamkim/.local/lib/python3.10/site-packages/mujoco/egl/__init__.py", line 138, in __del__
    self.free()
  File "/home/nas_main/kinamkim/.local/lib/python3.10/site-packages/mujoco/egl/__init__.py", line 133, in free
    EGL.eglDestroyContext(EGL_DISPLAY, self._context)
  File "/home/nas_main/kinamkim/.local/lib/python3.10/site-packages/OpenGL/error.py", line 230, in glCheckError
    raise self._errorClass(
OpenGL.raw.EGL._errors.EGLError: EGLError(
	err = EGL_NOT_INITIALIZED,
	baseOperation = eglDestroyContext,
	cArguments = (
		<OpenGL._opaque.EGLDisplay_pointer object at 0x723c13890bc0>,
		<OpenGL._opaque.EGLContext_pointer object at 0x723b644a5340>,
	),
	result = 0
)
Exception ignored in: <function Renderer.__del__ at 0x723c36d94af0>
Traceback (most recent call last):
  File "/home/nas_main/kinamkim/.local/lib/python3.10/site-packages/mujoco/rendering/classic/renderer.py", line 339, in __del__
    self.close()
  File "/home/nas_main/kinamkim/.local/lib/python3.10/site-packages/mujoco/rendering/classic/renderer.py", line 325, in close
    self._gl_context.free()
  File "/home/nas_main/kinamkim/.local/lib/python3.10/site-packages/mujoco/egl/__init__.py", line 133, in free
    EGL.eglDestroyContext(EGL_DISPLAY, self._context)
  File "/home/nas_main/kinamkim/.local/lib/python3.10/site-packages/OpenGL/error.py", line 230, in glCheckError
    raise self._errorClass(
OpenGL.raw.EGL._errors.EGLError: EGLError(
	err = EGL_NOT_INITIALIZED,
	baseOperation = eglDestroyContext,
	cArguments = (
		<OpenGL._opaque.EGLDisplay_pointer object at 0x723c13890bc0>,
		<OpenGL._opaque.EGLContext_pointer object at 0x723b644a4440>,
	),
	result = 0
)
Exception ignored in: <function GLContext.__del__ at 0x723c36d94310>
Traceback (most recent call last):
  File "/home/nas_main/kinamkim/.local/lib/python3.10/site-packages/mujoco/egl/__init__.py", line 138, in __del__
    self.free()
  File "/home/nas_main/kinamkim/.local/lib/python3.10/site-packages/mujoco/egl/__init__.py", line 133, in free
    EGL.eglDestroyContext(EGL_DISPLAY, self._context)
  File "/home/nas_main/kinamkim/.local/lib/python3.10/site-packages/OpenGL/error.py", line 230, in glCheckError
    raise self._errorClass(
OpenGL.raw.EGL._errors.EGLError: EGLError(
	err = EGL_NOT_INITIALIZED,
	baseOperation = eglDestroyContext,
	cArguments = (
		<OpenGL._opaque.EGLDisplay_pointer object at 0x723c13890bc0>,
		<OpenGL._opaque.EGLContext_pointer object at 0x723b644a4440>,
	),
	result = 0
)
Exception ignored in: <function Renderer.__del__ at 0x723c36d94af0>
Traceback (most recent call last):
  File "/home/nas_main/kinamkim/.local/lib/python3.10/site-packages/mujoco/rendering/classic/renderer.py", line 339, in __del__
    self.close()
  File "/home/nas_main/kinamkim/.local/lib/python3.10/site-packages/mujoco/rendering/classic/renderer.py", line 325, in close
    self._gl_context.free()
  File "/home/nas_main/kinamkim/.local/lib/python3.10/site-packages/mujoco/egl/__init__.py", line 133, in free
    EGL.eglDestroyContext(EGL_DISPLAY, self._context)
  File "/home/nas_main/kinamkim/.local/lib/python3.10/site-packages/OpenGL/error.py", line 230, in glCheckError
    raise self._errorClass(
OpenGL.raw.EGL._errors.EGLError: EGLError(
	err = EGL_NOT_INITIALIZED,
	baseOperation = eglDestroyContext,
	cArguments = (
		<OpenGL._opaque.EGLDisplay_pointer object at 0x723c13890bc0>,
		<OpenGL._opaque.EGLContext_pointer object at 0x723b644a51c0>,
	),
	result = 0
)
Exception ignored in: <function GLContext.__del__ at 0x723c36d94310>
Traceback (most recent call last):
  File "/home/nas_main/kinamkim/.local/lib/python3.10/site-packages/mujoco/egl/__init__.py", line 138, in __del__
    self.free()
  File "/home/nas_main/kinamkim/.local/lib/python3.10/site-packages/mujoco/egl/__init__.py", line 133, in free
    EGL.eglDestroyContext(EGL_DISPLAY, self._context)
  File "/home/nas_main/kinamkim/.local/lib/python3.10/site-packages/OpenGL/error.py", line 230, in glCheckError
    raise self._errorClass(
OpenGL.raw.EGL._errors.EGLError: EGLError(
	err = EGL_NOT_INITIALIZED,
	baseOperation = eglDestroyContext,
	cArguments = (
		<OpenGL._opaque.EGLDisplay_pointer object at 0x723c13890bc0>,
		<OpenGL._opaque.EGLContext_pointer object at 0x723b644a51c0>,
	),
	result = 0
)
Exception ignored in: <function Renderer.__del__ at 0x723c36d94af0>
Traceback (most recent call last):
  File "/home/nas_main/kinamkim/.local/lib/python3.10/site-packages/mujoco/rendering/classic/renderer.py", line 339, in __del__
    self.close()
  File "/home/nas_main/kinamkim/.local/lib/python3.10/site-packages/mujoco/rendering/classic/renderer.py", line 325, in close
    self._gl_context.free()
  File "/home/nas_main/kinamkim/.local/lib/python3.10/site-packages/mujoco/egl/__init__.py", line 133, in free
    EGL.eglDestroyContext(EGL_DISPLAY, self._context)
  File "/home/nas_main/kinamkim/.local/lib/python3.10/site-packages/OpenGL/error.py", line 230, in glCheckError
    raise self._errorClass(
OpenGL.raw.EGL._errors.EGLError: EGLError(
	err = EGL_NOT_INITIALIZED,
	baseOperation = eglDestroyContext,
	cArguments = (
		<OpenGL._opaque.EGLDisplay_pointer object at 0x723c13890bc0>,
		<OpenGL._opaque.EGLContext_pointer object at 0x723b644a42c0>,
	),
	result = 0
)
Exception ignored in: <function GLContext.__del__ at 0x723c36d94310>
Traceback (most recent call last):
  File "/home/nas_main/kinamkim/.local/lib/python3.10/site-packages/mujoco/egl/__init__.py", line 138, in __del__
    self.free()
  File "/home/nas_main/kinamkim/.local/lib/python3.10/site-packages/mujoco/egl/__init__.py", line 133, in free
    EGL.eglDestroyContext(EGL_DISPLAY, self._context)
  File "/home/nas_main/kinamkim/.local/lib/python3.10/site-packages/OpenGL/error.py", line 230, in glCheckError
    raise self._errorClass(
OpenGL.raw.EGL._errors.EGLError: EGLError(
	err = EGL_NOT_INITIALIZED,
	baseOperation = eglDestroyContext,
	cArguments = (
		<OpenGL._opaque.EGLDisplay_pointer object at 0x723c13890bc0>,
		<OpenGL._opaque.EGLContext_pointer object at 0x723b644a42c0>,
	),
	result = 0
)
Exception ignored in: <function Renderer.__del__ at 0x723c36d94af0>
Traceback (most recent call last):
  File "/home/nas_main/kinamkim/.local/lib/python3.10/site-packages/mujoco/rendering/classic/renderer.py", line 339, in __del__
    self.close()
  File "/home/nas_main/kinamkim/.local/lib/python3.10/site-packages/mujoco/rendering/classic/renderer.py", line 325, in close
    self._gl_context.free()
  File "/home/nas_main/kinamkim/.local/lib/python3.10/site-packages/mujoco/egl/__init__.py", line 133, in free
    EGL.eglDestroyContext(EGL_DISPLAY, self._context)
  File "/home/nas_main/kinamkim/.local/lib/python3.10/site-packages/OpenGL/error.py", line 230, in glCheckError
    raise self._errorClass(
OpenGL.raw.EGL._errors.EGLError: EGLError(
	err = EGL_NOT_INITIALIZED,
	baseOperation = eglDestroyContext,
	cArguments = (
		<OpenGL._opaque.EGLDisplay_pointer object at 0x723c13890bc0>,
		<OpenGL._opaque.EGLContext_pointer object at 0x723b644a5040>,
	),
	result = 0
)
Exception ignored in: <function GLContext.__del__ at 0x723c36d94310>
Traceback (most recent call last):
  File "/home/nas_main/kinamkim/.local/lib/python3.10/site-packages/mujoco/egl/__init__.py", line 138, in __del__
    self.free()
  File "/home/nas_main/kinamkim/.local/lib/python3.10/site-packages/mujoco/egl/__init__.py", line 133, in free
    EGL.eglDestroyContext(EGL_DISPLAY, self._context)
  File "/home/nas_main/kinamkim/.local/lib/python3.10/site-packages/OpenGL/error.py", line 230, in glCheckError
    raise self._errorClass(
OpenGL.raw.EGL._errors.EGLError: EGLError(
	err = EGL_NOT_INITIALIZED,
	baseOperation = eglDestroyContext,
	cArguments = (
		<OpenGL._opaque.EGLDisplay_pointer object at 0x723c13890bc0>,
		<OpenGL._opaque.EGLContext_pointer object at 0x723b644a5040>,
	),
	result = 0
)
Exception ignored in: <function Renderer.__del__ at 0x723c36d94af0>
Traceback (most recent call last):
  File "/home/nas_main/kinamkim/.local/lib/python3.10/site-packages/mujoco/rendering/classic/renderer.py", line 339, in __del__
    self.close()
  File "/home/nas_main/kinamkim/.local/lib/python3.10/site-packages/mujoco/rendering/classic/renderer.py", line 325, in close
    self._gl_context.free()
  File "/home/nas_main/kinamkim/.local/lib/python3.10/site-packages/mujoco/egl/__init__.py", line 133, in free
    EGL.eglDestroyContext(EGL_DISPLAY, self._context)
  File "/home/nas_main/kinamkim/.local/lib/python3.10/site-packages/OpenGL/error.py", line 230, in glCheckError
    raise self._errorClass(
OpenGL.raw.EGL._errors.EGLError: EGLError(
	err = EGL_NOT_INITIALIZED,
	baseOperation = eglDestroyContext,
	cArguments = (
		<OpenGL._opaque.EGLDisplay_pointer object at 0x723c13890bc0>,
		<OpenGL._opaque.EGLContext_pointer object at 0x723b644a4240>,
	),
	result = 0
)
Exception ignored in: <function GLContext.__del__ at 0x723c36d94310>
Traceback (most recent call last):
  File "/home/nas_main/kinamkim/.local/lib/python3.10/site-packages/mujoco/egl/__init__.py", line 138, in __del__
    self.free()
  File "/home/nas_main/kinamkim/.local/lib/python3.10/site-packages/mujoco/egl/__init__.py", line 133, in free
    EGL.eglDestroyContext(EGL_DISPLAY, self._context)
  File "/home/nas_main/kinamkim/.local/lib/python3.10/site-packages/OpenGL/error.py", line 230, in glCheckError
    raise self._errorClass(
OpenGL.raw.EGL._errors.EGLError: EGLError(
	err = EGL_NOT_INITIALIZED,
	baseOperation = eglDestroyContext,
	cArguments = (
		<OpenGL._opaque.EGLDisplay_pointer object at 0x723c13890bc0>,
		<OpenGL._opaque.EGLContext_pointer object at 0x723b644a4240>,
	),
	result = 0
)
Exception ignored in: <function Renderer.__del__ at 0x723c36d94af0>
Traceback (most recent call last):
  File "/home/nas_main/kinamkim/.local/lib/python3.10/site-packages/mujoco/rendering/classic/renderer.py", line 339, in __del__
    self.close()
  File "/home/nas_main/kinamkim/.local/lib/python3.10/site-packages/mujoco/rendering/classic/renderer.py", line 325, in close
    self._gl_context.free()
  File "/home/nas_main/kinamkim/.local/lib/python3.10/site-packages/mujoco/egl/__init__.py", line 133, in free
    EGL.eglDestroyContext(EGL_DISPLAY, self._context)
  File "/home/nas_main/kinamkim/.local/lib/python3.10/site-packages/OpenGL/error.py", line 230, in glCheckError
    raise self._errorClass(
OpenGL.raw.EGL._errors.EGLError: EGLError(
	err = EGL_NOT_INITIALIZED,
	baseOperation = eglDestroyContext,
	cArguments = (
		<OpenGL._opaque.EGLDisplay_pointer object at 0x723c13890bc0>,
		<OpenGL._opaque.EGLContext_pointer object at 0x723b644a4ec0>,
	),
	result = 0
)
Exception ignored in: <function GLContext.__del__ at 0x723c36d94310>
Traceback (most recent call last):
  File "/home/nas_main/kinamkim/.local/lib/python3.10/site-packages/mujoco/egl/__init__.py", line 138, in __del__
    self.free()
  File "/home/nas_main/kinamkim/.local/lib/python3.10/site-packages/mujoco/egl/__init__.py", line 133, in free
    EGL.eglDestroyContext(EGL_DISPLAY, self._context)
  File "/home/nas_main/kinamkim/.local/lib/python3.10/site-packages/OpenGL/error.py", line 230, in glCheckError
    raise self._errorClass(
OpenGL.raw.EGL._errors.EGLError: EGLError(
	err = EGL_NOT_INITIALIZED,
	baseOperation = eglDestroyContext,
	cArguments = (
		<OpenGL._opaque.EGLDisplay_pointer object at 0x723c13890bc0>,
		<OpenGL._opaque.EGLContext_pointer object at 0x723b644a4ec0>,
	),
	result = 0
)
Exception ignored in: <function Renderer.__del__ at 0x723c36d94af0>
Traceback (most recent call last):
  File "/home/nas_main/kinamkim/.local/lib/python3.10/site-packages/mujoco/rendering/classic/renderer.py", line 339, in __del__
    self.close()
  File "/home/nas_main/kinamkim/.local/lib/python3.10/site-packages/mujoco/rendering/classic/renderer.py", line 325, in close
    self._gl_context.free()
  File "/home/nas_main/kinamkim/.local/lib/python3.10/site-packages/mujoco/egl/__init__.py", line 133, in free
    EGL.eglDestroyContext(EGL_DISPLAY, self._context)
  File "/home/nas_main/kinamkim/.local/lib/python3.10/site-packages/OpenGL/error.py", line 230, in glCheckError
    raise self._errorClass(
OpenGL.raw.EGL._errors.EGLError: EGLError(
	err = EGL_NOT_INITIALIZED,
	baseOperation = eglDestroyContext,
	cArguments = (
		<OpenGL._opaque.EGLDisplay_pointer object at 0x723c13890bc0>,
		<OpenGL._opaque.EGLContext_pointer object at 0x723b644a41c0>,
	),
	result = 0
)
Exception ignored in: <function GLContext.__del__ at 0x723c36d94310>
Traceback (most recent call last):
  File "/home/nas_main/kinamkim/.local/lib/python3.10/site-packages/mujoco/egl/__init__.py", line 138, in __del__
    self.free()
  File "/home/nas_main/kinamkim/.local/lib/python3.10/site-packages/mujoco/egl/__init__.py", line 133, in free
    EGL.eglDestroyContext(EGL_DISPLAY, self._context)
  File "/home/nas_main/kinamkim/.local/lib/python3.10/site-packages/OpenGL/error.py", line 230, in glCheckError
    raise self._errorClass(
OpenGL.raw.EGL._errors.EGLError: EGLError(
	err = EGL_NOT_INITIALIZED,
	baseOperation = eglDestroyContext,
	cArguments = (
		<OpenGL._opaque.EGLDisplay_pointer object at 0x723c13890bc0>,
		<OpenGL._opaque.EGLContext_pointer object at 0x723b644a41c0>,
	),
	result = 0
)
Exception ignored in: <function Renderer.__del__ at 0x723c36d94af0>
Traceback (most recent call last):
  File "/home/nas_main/kinamkim/.local/lib/python3.10/site-packages/mujoco/rendering/classic/renderer.py", line 339, in __del__
    self.close()
  File "/home/nas_main/kinamkim/.local/lib/python3.10/site-packages/mujoco/rendering/classic/renderer.py", line 325, in close
    self._gl_context.free()
  File "/home/nas_main/kinamkim/.local/lib/python3.10/site-packages/mujoco/egl/__init__.py", line 133, in free
    EGL.eglDestroyContext(EGL_DISPLAY, self._context)
  File "/home/nas_main/kinamkim/.local/lib/python3.10/site-packages/OpenGL/error.py", line 230, in glCheckError
    raise self._errorClass(
OpenGL.raw.EGL._errors.EGLError: EGLError(
	err = EGL_NOT_INITIALIZED,
	baseOperation = eglDestroyContext,
	cArguments = (
		<OpenGL._opaque.EGLDisplay_pointer object at 0x723c13890bc0>,
		<OpenGL._opaque.EGLContext_pointer object at 0x723b644a4d40>,
	),
	result = 0
)
Exception ignored in: <function GLContext.__del__ at 0x723c36d94310>
Traceback (most recent call last):
  File "/home/nas_main/kinamkim/.local/lib/python3.10/site-packages/mujoco/egl/__init__.py", line 138, in __del__
    self.free()
  File "/home/nas_main/kinamkim/.local/lib/python3.10/site-packages/mujoco/egl/__init__.py", line 133, in free
    EGL.eglDestroyContext(EGL_DISPLAY, self._context)
  File "/home/nas_main/kinamkim/.local/lib/python3.10/site-packages/OpenGL/error.py", line 230, in glCheckError
    raise self._errorClass(
OpenGL.raw.EGL._errors.EGLError: EGLError(
	err = EGL_NOT_INITIALIZED,
	baseOperation = eglDestroyContext,
	cArguments = (
		<OpenGL._opaque.EGLDisplay_pointer object at 0x723c13890bc0>,
		<OpenGL._opaque.EGLContext_pointer object at 0x723b644a4d40>,
	),
	result = 0
)
Exception ignored in: <function Renderer.__del__ at 0x723c36d94af0>
Traceback (most recent call last):
  File "/home/nas_main/kinamkim/.local/lib/python3.10/site-packages/mujoco/rendering/classic/renderer.py", line 339, in __del__
    self.close()
  File "/home/nas_main/kinamkim/.local/lib/python3.10/site-packages/mujoco/rendering/classic/renderer.py", line 325, in close
    self._gl_context.free()
  File "/home/nas_main/kinamkim/.local/lib/python3.10/site-packages/mujoco/egl/__init__.py", line 133, in free
    EGL.eglDestroyContext(EGL_DISPLAY, self._context)
  File "/home/nas_main/kinamkim/.local/lib/python3.10/site-packages/OpenGL/error.py", line 230, in glCheckError
    raise self._errorClass(
OpenGL.raw.EGL._errors.EGLError: EGLError(
	err = EGL_NOT_INITIALIZED,
	baseOperation = eglDestroyContext,
	cArguments = (
		<OpenGL._opaque.EGLDisplay_pointer object at 0x723c13890bc0>,
		<OpenGL._opaque.EGLContext_pointer object at 0x723b644a4140>,
	),
	result = 0
)
Exception ignored in: <function GLContext.__del__ at 0x723c36d94310>
Traceback (most recent call last):
  File "/home/nas_main/kinamkim/.local/lib/python3.10/site-packages/mujoco/egl/__init__.py", line 138, in __del__
    self.free()
  File "/home/nas_main/kinamkim/.local/lib/python3.10/site-packages/mujoco/egl/__init__.py", line 133, in free
    EGL.eglDestroyContext(EGL_DISPLAY, self._context)
  File "/home/nas_main/kinamkim/.local/lib/python3.10/site-packages/OpenGL/error.py", line 230, in glCheckError
    raise self._errorClass(
OpenGL.raw.EGL._errors.EGLError: EGLError(
	err = EGL_NOT_INITIALIZED,
	baseOperation = eglDestroyContext,
	cArguments = (
		<OpenGL._opaque.EGLDisplay_pointer object at 0x723c13890bc0>,
		<OpenGL._opaque.EGLContext_pointer object at 0x723b644a4140>,
	),
	result = 0
)
Exception ignored in: <function Renderer.__del__ at 0x723c36d94af0>
Traceback (most recent call last):
  File "/home/nas_main/kinamkim/.local/lib/python3.10/site-packages/mujoco/rendering/classic/renderer.py", line 339, in __del__
    self.close()
  File "/home/nas_main/kinamkim/.local/lib/python3.10/site-packages/mujoco/rendering/classic/renderer.py", line 325, in close
    self._gl_context.free()
  File "/home/nas_main/kinamkim/.local/lib/python3.10/site-packages/mujoco/egl/__init__.py", line 133, in free
    EGL.eglDestroyContext(EGL_DISPLAY, self._context)
  File "/home/nas_main/kinamkim/.local/lib/python3.10/site-packages/OpenGL/error.py", line 230, in glCheckError
    raise self._errorClass(
OpenGL.raw.EGL._errors.EGLError: EGLError(
	err = EGL_NOT_INITIALIZED,
	baseOperation = eglDestroyContext,
	cArguments = (
		<OpenGL._opaque.EGLDisplay_pointer object at 0x723c13890bc0>,
		<OpenGL._opaque.EGLContext_pointer object at 0x723b644a4040>,
	),
	result = 0
)
Exception ignored in: <function GLContext.__del__ at 0x723c36d94310>
Traceback (most recent call last):
  File "/home/nas_main/kinamkim/.local/lib/python3.10/site-packages/mujoco/egl/__init__.py", line 138, in __del__
    self.free()
  File "/home/nas_main/kinamkim/.local/lib/python3.10/site-packages/mujoco/egl/__init__.py", line 133, in free
    EGL.eglDestroyContext(EGL_DISPLAY, self._context)
  File "/home/nas_main/kinamkim/.local/lib/python3.10/site-packages/OpenGL/error.py", line 230, in glCheckError
    raise self._errorClass(
OpenGL.raw.EGL._errors.EGLError: EGLError(
	err = EGL_NOT_INITIALIZED,
	baseOperation = eglDestroyContext,
	cArguments = (
		<OpenGL._opaque.EGLDisplay_pointer object at 0x723c13890bc0>,
		<OpenGL._opaque.EGLContext_pointer object at 0x723b644a4040>,
	),
	result = 0
)
Exception ignored in: <function Renderer.__del__ at 0x723c36d94af0>
Traceback (most recent call last):
  File "/home/nas_main/kinamkim/.local/lib/python3.10/site-packages/mujoco/rendering/classic/renderer.py", line 339, in __del__
    self.close()
  File "/home/nas_main/kinamkim/.local/lib/python3.10/site-packages/mujoco/rendering/classic/renderer.py", line 325, in close
    self._gl_context.free()
  File "/home/nas_main/kinamkim/.local/lib/python3.10/site-packages/mujoco/egl/__init__.py", line 133, in free
    EGL.eglDestroyContext(EGL_DISPLAY, self._context)
  File "/home/nas_main/kinamkim/.local/lib/python3.10/site-packages/OpenGL/error.py", line 230, in glCheckError
    raise self._errorClass(
OpenGL.raw.EGL._errors.EGLError: EGLError(
	err = EGL_NOT_INITIALIZED,
	baseOperation = eglDestroyContext,
	cArguments = (
		<OpenGL._opaque.EGLDisplay_pointer object at 0x723c13890bc0>,
		<OpenGL._opaque.EGLContext_pointer object at 0x723b644a40c0>,
	),
	result = 0
)
Exception ignored in: <function GLContext.__del__ at 0x723c36d94310>
Traceback (most recent call last):
  File "/home/nas_main/kinamkim/.local/lib/python3.10/site-packages/mujoco/egl/__init__.py", line 138, in __del__
    self.free()
  File "/home/nas_main/kinamkim/.local/lib/python3.10/site-packages/mujoco/egl/__init__.py", line 133, in free
    EGL.eglDestroyContext(EGL_DISPLAY, self._context)
  File "/home/nas_main/kinamkim/.local/lib/python3.10/site-packages/OpenGL/error.py", line 230, in glCheckError
    raise self._errorClass(
OpenGL.raw.EGL._errors.EGLError: EGLError(
	err = EGL_NOT_INITIALIZED,
	baseOperation = eglDestroyContext,
	cArguments = (
		<OpenGL._opaque.EGLDisplay_pointer object at 0x723c13890bc0>,
		<OpenGL._opaque.EGLContext_pointer object at 0x723b644a40c0>,
	),
	result = 0
)
Exception ignored in: <function Renderer.__del__ at 0x723c36d94af0>
Traceback (most recent call last):
  File "/home/nas_main/kinamkim/.local/lib/python3.10/site-packages/mujoco/rendering/classic/renderer.py", line 339, in __del__
    self.close()
  File "/home/nas_main/kinamkim/.local/lib/python3.10/site-packages/mujoco/rendering/classic/renderer.py", line 325, in close
    self._gl_context.free()
  File "/home/nas_main/kinamkim/.local/lib/python3.10/site-packages/mujoco/egl/__init__.py", line 133, in free
    EGL.eglDestroyContext(EGL_DISPLAY, self._context)
  File "/home/nas_main/kinamkim/.local/lib/python3.10/site-packages/OpenGL/error.py", line 230, in glCheckError
    raise self._errorClass(
OpenGL.raw.EGL._errors.EGLError: EGLError(
	err = EGL_NOT_INITIALIZED,
	baseOperation = eglDestroyContext,
	cArguments = (
		<OpenGL._opaque.EGLDisplay_pointer object at 0x723c13890bc0>,
		<OpenGL._opaque.EGLContext_pointer object at 0x723b644a4a40>,
	),
	result = 0
)
Exception ignored in: <function GLContext.__del__ at 0x723c36d94310>
Traceback (most recent call last):
  File "/home/nas_main/kinamkim/.local/lib/python3.10/site-packages/mujoco/egl/__init__.py", line 138, in __del__
    self.free()
  File "/home/nas_main/kinamkim/.local/lib/python3.10/site-packages/mujoco/egl/__init__.py", line 133, in free
    EGL.eglDestroyContext(EGL_DISPLAY, self._context)
  File "/home/nas_main/kinamkim/.local/lib/python3.10/site-packages/OpenGL/error.py", line 230, in glCheckError
    raise self._errorClass(
OpenGL.raw.EGL._errors.EGLError: EGLError(
	err = EGL_NOT_INITIALIZED,
	baseOperation = eglDestroyContext,
	cArguments = (
		<OpenGL._opaque.EGLDisplay_pointer object at 0x723c13890bc0>,
		<OpenGL._opaque.EGLContext_pointer object at 0x723b644a4a40>,
	),
	result = 0
)
Exception ignored in: <function Renderer.__del__ at 0x723c36d94af0>
Traceback (most recent call last):
  File "/home/nas_main/kinamkim/.local/lib/python3.10/site-packages/mujoco/rendering/classic/renderer.py", line 339, in __del__
    self.close()
  File "/home/nas_main/kinamkim/.local/lib/python3.10/site-packages/mujoco/rendering/classic/renderer.py", line 325, in close
    self._gl_context.free()
  File "/home/nas_main/kinamkim/.local/lib/python3.10/site-packages/mujoco/egl/__init__.py", line 133, in free
    EGL.eglDestroyContext(EGL_DISPLAY, self._context)
  File "/home/nas_main/kinamkim/.local/lib/python3.10/site-packages/OpenGL/error.py", line 230, in glCheckError
    raise self._errorClass(
OpenGL.raw.EGL._errors.EGLError: EGLError(
	err = EGL_NOT_INITIALIZED,
	baseOperation = eglDestroyContext,
	cArguments = (
		<OpenGL._opaque.EGLDisplay_pointer object at 0x723c13890bc0>,
		<OpenGL._opaque.EGLContext_pointer object at 0x723b644a4840>,
	),
	result = 0
)
Exception ignored in: <function GLContext.__del__ at 0x723c36d94310>
Traceback (most recent call last):
  File "/home/nas_main/kinamkim/.local/lib/python3.10/site-packages/mujoco/egl/__init__.py", line 138, in __del__
    self.free()
  File "/home/nas_main/kinamkim/.local/lib/python3.10/site-packages/mujoco/egl/__init__.py", line 133, in free
    EGL.eglDestroyContext(EGL_DISPLAY, self._context)
  File "/home/nas_main/kinamkim/.local/lib/python3.10/site-packages/OpenGL/error.py", line 230, in glCheckError
    raise self._errorClass(
OpenGL.raw.EGL._errors.EGLError: EGLError(
	err = EGL_NOT_INITIALIZED,
	baseOperation = eglDestroyContext,
	cArguments = (
		<OpenGL._opaque.EGLDisplay_pointer object at 0x723c13890bc0>,
		<OpenGL._opaque.EGLContext_pointer object at 0x723b644a4840>,
	),
	result = 0
)
Exception ignored in: <function Renderer.__del__ at 0x723c36d94af0>
Traceback (most recent call last):
  File "/home/nas_main/kinamkim/.local/lib/python3.10/site-packages/mujoco/rendering/classic/renderer.py", line 339, in __del__
    self.close()
  File "/home/nas_main/kinamkim/.local/lib/python3.10/site-packages/mujoco/rendering/classic/renderer.py", line 325, in close
    self._gl_context.free()
  File "/home/nas_main/kinamkim/.local/lib/python3.10/site-packages/mujoco/egl/__init__.py", line 133, in free
    EGL.eglDestroyContext(EGL_DISPLAY, self._context)
  File "/home/nas_main/kinamkim/.local/lib/python3.10/site-packages/OpenGL/error.py", line 230, in glCheckError
    raise self._errorClass(
OpenGL.raw.EGL._errors.EGLError: EGLError(
	err = EGL_NOT_INITIALIZED,
	baseOperation = eglDestroyContext,
	cArguments = (
		<OpenGL._opaque.EGLDisplay_pointer object at 0x723c13890bc0>,
		<OpenGL._opaque.EGLContext_pointer object at 0x723b644a48c0>,
	),
	result = 0
)
Exception ignored in: <function GLContext.__del__ at 0x723c36d94310>
Traceback (most recent call last):
  File "/home/nas_main/kinamkim/.local/lib/python3.10/site-packages/mujoco/egl/__init__.py", line 138, in __del__
    self.free()
  File "/home/nas_main/kinamkim/.local/lib/python3.10/site-packages/mujoco/egl/__init__.py", line 133, in free
    EGL.eglDestroyContext(EGL_DISPLAY, self._context)
  File "/home/nas_main/kinamkim/.local/lib/python3.10/site-packages/OpenGL/error.py", line 230, in glCheckError
    raise self._errorClass(
OpenGL.raw.EGL._errors.EGLError: EGLError(
	err = EGL_NOT_INITIALIZED,
	baseOperation = eglDestroyContext,
	cArguments = (
		<OpenGL._opaque.EGLDisplay_pointer object at 0x723c13890bc0>,
		<OpenGL._opaque.EGLContext_pointer object at 0x723b644a48c0>,
	),
	result = 0
)
Exception ignored in: <function Renderer.__del__ at 0x723c36d94af0>
Traceback (most recent call last):
  File "/home/nas_main/kinamkim/.local/lib/python3.10/site-packages/mujoco/rendering/classic/renderer.py", line 339, in __del__
    self.close()
  File "/home/nas_main/kinamkim/.local/lib/python3.10/site-packages/mujoco/rendering/classic/renderer.py", line 325, in close
    self._gl_context.free()
  File "/home/nas_main/kinamkim/.local/lib/python3.10/site-packages/mujoco/egl/__init__.py", line 133, in free
    EGL.eglDestroyContext(EGL_DISPLAY, self._context)
  File "/home/nas_main/kinamkim/.local/lib/python3.10/site-packages/OpenGL/error.py", line 230, in glCheckError
    raise self._errorClass(
OpenGL.raw.EGL._errors.EGLError: EGLError(
	err = EGL_NOT_INITIALIZED,
	baseOperation = eglDestroyContext,
	cArguments = (
		<OpenGL._opaque.EGLDisplay_pointer object at 0x723c13890bc0>,
		<OpenGL._opaque.EGLContext_pointer object at 0x723c132ffcc0>,
	),
	result = 0
)
Exception ignored in: <function GLContext.__del__ at 0x723c36d94310>
Traceback (most recent call last):
  File "/home/nas_main/kinamkim/.local/lib/python3.10/site-packages/mujoco/egl/__init__.py", line 138, in __del__
    self.free()
  File "/home/nas_main/kinamkim/.local/lib/python3.10/site-packages/mujoco/egl/__init__.py", line 133, in free
    EGL.eglDestroyContext(EGL_DISPLAY, self._context)
  File "/home/nas_main/kinamkim/.local/lib/python3.10/site-packages/OpenGL/error.py", line 230, in glCheckError
    raise self._errorClass(
OpenGL.raw.EGL._errors.EGLError: EGLError(
	err = EGL_NOT_INITIALIZED,
	baseOperation = eglDestroyContext,
	cArguments = (
		<OpenGL._opaque.EGLDisplay_pointer object at 0x723c13890bc0>,
		<OpenGL._opaque.EGLContext_pointer object at 0x723c132ffcc0>,
	),
	result = 0
)
Exception ignored in: <function Renderer.__del__ at 0x723c36d94af0>
Traceback (most recent call last):
  File "/home/nas_main/kinamkim/.local/lib/python3.10/site-packages/mujoco/rendering/classic/renderer.py", line 339, in __del__
    self.close()
  File "/home/nas_main/kinamkim/.local/lib/python3.10/site-packages/mujoco/rendering/classic/renderer.py", line 325, in close
    self._gl_context.free()
  File "/home/nas_main/kinamkim/.local/lib/python3.10/site-packages/mujoco/egl/__init__.py", line 133, in free
    EGL.eglDestroyContext(EGL_DISPLAY, self._context)
  File "/home/nas_main/kinamkim/.local/lib/python3.10/site-packages/OpenGL/error.py", line 230, in glCheckError
    raise self._errorClass(
OpenGL.raw.EGL._errors.EGLError: EGLError(
	err = EGL_NOT_INITIALIZED,
	baseOperation = eglDestroyContext,
	cArguments = (
		<OpenGL._opaque.EGLDisplay_pointer object at 0x723c13890bc0>,
		<OpenGL._opaque.EGLContext_pointer object at 0x723c132ffb40>,
	),
	result = 0
)
Exception ignored in: <function GLContext.__del__ at 0x723c36d94310>
Traceback (most recent call last):
  File "/home/nas_main/kinamkim/.local/lib/python3.10/site-packages/mujoco/egl/__init__.py", line 138, in __del__
    self.free()
  File "/home/nas_main/kinamkim/.local/lib/python3.10/site-packages/mujoco/egl/__init__.py", line 133, in free
    EGL.eglDestroyContext(EGL_DISPLAY, self._context)
  File "/home/nas_main/kinamkim/.local/lib/python3.10/site-packages/OpenGL/error.py", line 230, in glCheckError
    raise self._errorClass(
OpenGL.raw.EGL._errors.EGLError: EGLError(
	err = EGL_NOT_INITIALIZED,
	baseOperation = eglDestroyContext,
	cArguments = (
		<OpenGL._opaque.EGLDisplay_pointer object at 0x723c13890bc0>,
		<OpenGL._opaque.EGLContext_pointer object at 0x723c132ffb40>,
	),
	result = 0
)
Exception ignored in: <function Renderer.__del__ at 0x723c36d94af0>
Traceback (most recent call last):
  File "/home/nas_main/kinamkim/.local/lib/python3.10/site-packages/mujoco/rendering/classic/renderer.py", line 339, in __del__
    self.close()
  File "/home/nas_main/kinamkim/.local/lib/python3.10/site-packages/mujoco/rendering/classic/renderer.py", line 325, in close
    self._gl_context.free()
  File "/home/nas_main/kinamkim/.local/lib/python3.10/site-packages/mujoco/egl/__init__.py", line 133, in free
    EGL.eglDestroyContext(EGL_DISPLAY, self._context)
  File "/home/nas_main/kinamkim/.local/lib/python3.10/site-packages/OpenGL/error.py", line 230, in glCheckError
    raise self._errorClass(
OpenGL.raw.EGL._errors.EGLError: EGLError(
	err = EGL_NOT_INITIALIZED,
	baseOperation = eglDestroyContext,
	cArguments = (
		<OpenGL._opaque.EGLDisplay_pointer object at 0x723c13890bc0>,
		<OpenGL._opaque.EGLContext_pointer object at 0x723c132ff9c0>,
	),
	result = 0
)
Exception ignored in: <function GLContext.__del__ at 0x723c36d94310>
Traceback (most recent call last):
  File "/home/nas_main/kinamkim/.local/lib/python3.10/site-packages/mujoco/egl/__init__.py", line 138, in __del__
    self.free()
  File "/home/nas_main/kinamkim/.local/lib/python3.10/site-packages/mujoco/egl/__init__.py", line 133, in free
    EGL.eglDestroyContext(EGL_DISPLAY, self._context)
  File "/home/nas_main/kinamkim/.local/lib/python3.10/site-packages/OpenGL/error.py", line 230, in glCheckError
    raise self._errorClass(
OpenGL.raw.EGL._errors.EGLError: EGLError(
	err = EGL_NOT_INITIALIZED,
	baseOperation = eglDestroyContext,
	cArguments = (
		<OpenGL._opaque.EGLDisplay_pointer object at 0x723c13890bc0>,
		<OpenGL._opaque.EGLContext_pointer object at 0x723c132ff9c0>,
	),
	result = 0
)
Exception ignored in: <function Renderer.__del__ at 0x723c36d94af0>
Traceback (most recent call last):
  File "/home/nas_main/kinamkim/.local/lib/python3.10/site-packages/mujoco/rendering/classic/renderer.py", line 339, in __del__
    self.close()
  File "/home/nas_main/kinamkim/.local/lib/python3.10/site-packages/mujoco/rendering/classic/renderer.py", line 325, in close
    self._gl_context.free()
  File "/home/nas_main/kinamkim/.local/lib/python3.10/site-packages/mujoco/egl/__init__.py", line 133, in free
    EGL.eglDestroyContext(EGL_DISPLAY, self._context)
  File "/home/nas_main/kinamkim/.local/lib/python3.10/site-packages/OpenGL/error.py", line 230, in glCheckError
    raise self._errorClass(
OpenGL.raw.EGL._errors.EGLError: EGLError(
	err = EGL_NOT_INITIALIZED,
	baseOperation = eglDestroyContext,
	cArguments = (
		<OpenGL._opaque.EGLDisplay_pointer object at 0x723c13890bc0>,
		<OpenGL._opaque.EGLContext_pointer object at 0x723c132ffec0>,
	),
	result = 0
)
Exception ignored in: <function GLContext.__del__ at 0x723c36d94310>
Traceback (most recent call last):
  File "/home/nas_main/kinamkim/.local/lib/python3.10/site-packages/mujoco/egl/__init__.py", line 138, in __del__
    self.free()
  File "/home/nas_main/kinamkim/.local/lib/python3.10/site-packages/mujoco/egl/__init__.py", line 133, in free
    EGL.eglDestroyContext(EGL_DISPLAY, self._context)
  File "/home/nas_main/kinamkim/.local/lib/python3.10/site-packages/OpenGL/error.py", line 230, in glCheckError
    raise self._errorClass(
OpenGL.raw.EGL._errors.EGLError: EGLError(
	err = EGL_NOT_INITIALIZED,
	baseOperation = eglDestroyContext,
	cArguments = (
		<OpenGL._opaque.EGLDisplay_pointer object at 0x723c13890bc0>,
		<OpenGL._opaque.EGLContext_pointer object at 0x723c132ffec0>,
	),
	result = 0
)
Exception ignored in: <function Renderer.__del__ at 0x723c36d94af0>
Traceback (most recent call last):
  File "/home/nas_main/kinamkim/.local/lib/python3.10/site-packages/mujoco/rendering/classic/renderer.py", line 339, in __del__
    self.close()
  File "/home/nas_main/kinamkim/.local/lib/python3.10/site-packages/mujoco/rendering/classic/renderer.py", line 325, in close
    self._gl_context.free()
  File "/home/nas_main/kinamkim/.local/lib/python3.10/site-packages/mujoco/egl/__init__.py", line 133, in free
    EGL.eglDestroyContext(EGL_DISPLAY, self._context)
  File "/home/nas_main/kinamkim/.local/lib/python3.10/site-packages/OpenGL/error.py", line 230, in glCheckError
    raise self._errorClass(
OpenGL.raw.EGL._errors.EGLError: EGLError(
	err = EGL_NOT_INITIALIZED,
	baseOperation = eglDestroyContext,
	cArguments = (
		<OpenGL._opaque.EGLDisplay_pointer object at 0x723c13890bc0>,
		<OpenGL._opaque.EGLContext_pointer object at 0x723c132fef40>,
	),
	result = 0
)
Exception ignored in: <function GLContext.__del__ at 0x723c36d94310>
Traceback (most recent call last):
  File "/home/nas_main/kinamkim/.local/lib/python3.10/site-packages/mujoco/egl/__init__.py", line 138, in __del__
    self.free()
  File "/home/nas_main/kinamkim/.local/lib/python3.10/site-packages/mujoco/egl/__init__.py", line 133, in free
    EGL.eglDestroyContext(EGL_DISPLAY, self._context)
  File "/home/nas_main/kinamkim/.local/lib/python3.10/site-packages/OpenGL/error.py", line 230, in glCheckError
    raise self._errorClass(
OpenGL.raw.EGL._errors.EGLError: EGLError(
	err = EGL_NOT_INITIALIZED,
	baseOperation = eglDestroyContext,
	cArguments = (
		<OpenGL._opaque.EGLDisplay_pointer object at 0x723c13890bc0>,
		<OpenGL._opaque.EGLContext_pointer object at 0x723c132fef40>,
	),
	result = 0
)
Exception ignored in: <function Renderer.__del__ at 0x723c36d94af0>
Traceback (most recent call last):
  File "/home/nas_main/kinamkim/.local/lib/python3.10/site-packages/mujoco/rendering/classic/renderer.py", line 339, in __del__
    self.close()
  File "/home/nas_main/kinamkim/.local/lib/python3.10/site-packages/mujoco/rendering/classic/renderer.py", line 325, in close
    self._gl_context.free()
  File "/home/nas_main/kinamkim/.local/lib/python3.10/site-packages/mujoco/egl/__init__.py", line 133, in free
    EGL.eglDestroyContext(EGL_DISPLAY, self._context)
  File "/home/nas_main/kinamkim/.local/lib/python3.10/site-packages/OpenGL/error.py", line 230, in glCheckError
    raise self._errorClass(
OpenGL.raw.EGL._errors.EGLError: EGLError(
	err = EGL_NOT_INITIALIZED,
	baseOperation = eglDestroyContext,
	cArguments = (
		<OpenGL._opaque.EGLDisplay_pointer object at 0x723c13890bc0>,
		<OpenGL._opaque.EGLContext_pointer object at 0x723c132ff7c0>,
	),
	result = 0
)
Exception ignored in: <function GLContext.__del__ at 0x723c36d94310>
Traceback (most recent call last):
  File "/home/nas_main/kinamkim/.local/lib/python3.10/site-packages/mujoco/egl/__init__.py", line 138, in __del__
    self.free()
  File "/home/nas_main/kinamkim/.local/lib/python3.10/site-packages/mujoco/egl/__init__.py", line 133, in free
    EGL.eglDestroyContext(EGL_DISPLAY, self._context)
  File "/home/nas_main/kinamkim/.local/lib/python3.10/site-packages/OpenGL/error.py", line 230, in glCheckError
    raise self._errorClass(
OpenGL.raw.EGL._errors.EGLError: EGLError(
	err = EGL_NOT_INITIALIZED,
	baseOperation = eglDestroyContext,
	cArguments = (
		<OpenGL._opaque.EGLDisplay_pointer object at 0x723c13890bc0>,
		<OpenGL._opaque.EGLContext_pointer object at 0x723c132ff7c0>,
	),
	result = 0
)
Exception ignored in: <function Renderer.__del__ at 0x723c36d94af0>
Traceback (most recent call last):
  File "/home/nas_main/kinamkim/.local/lib/python3.10/site-packages/mujoco/rendering/classic/renderer.py", line 339, in __del__
    self.close()
  File "/home/nas_main/kinamkim/.local/lib/python3.10/site-packages/mujoco/rendering/classic/renderer.py", line 325, in close
    self._gl_context.free()
  File "/home/nas_main/kinamkim/.local/lib/python3.10/site-packages/mujoco/egl/__init__.py", line 133, in free
    EGL.eglDestroyContext(EGL_DISPLAY, self._context)
  File "/home/nas_main/kinamkim/.local/lib/python3.10/site-packages/OpenGL/error.py", line 230, in glCheckError
    raise self._errorClass(
OpenGL.raw.EGL._errors.EGLError: EGLError(
	err = EGL_NOT_INITIALIZED,
	baseOperation = eglDestroyContext,
	cArguments = (
		<OpenGL._opaque.EGLDisplay_pointer object at 0x723c13890bc0>,
		<OpenGL._opaque.EGLContext_pointer object at 0x723c132ff740>,
	),
	result = 0
)
Exception ignored in: <function GLContext.__del__ at 0x723c36d94310>
Traceback (most recent call last):
  File "/home/nas_main/kinamkim/.local/lib/python3.10/site-packages/mujoco/egl/__init__.py", line 138, in __del__
    self.free()
  File "/home/nas_main/kinamkim/.local/lib/python3.10/site-packages/mujoco/egl/__init__.py", line 133, in free
    EGL.eglDestroyContext(EGL_DISPLAY, self._context)
  File "/home/nas_main/kinamkim/.local/lib/python3.10/site-packages/OpenGL/error.py", line 230, in glCheckError
    raise self._errorClass(
OpenGL.raw.EGL._errors.EGLError: EGLError(
	err = EGL_NOT_INITIALIZED,
	baseOperation = eglDestroyContext,
	cArguments = (
		<OpenGL._opaque.EGLDisplay_pointer object at 0x723c13890bc0>,
		<OpenGL._opaque.EGLContext_pointer object at 0x723c132ff740>,
	),
	result = 0
)
Exception ignored in: <function Renderer.__del__ at 0x723c36d94af0>
Traceback (most recent call last):
  File "/home/nas_main/kinamkim/.local/lib/python3.10/site-packages/mujoco/rendering/classic/renderer.py", line 339, in __del__
    self.close()
  File "/home/nas_main/kinamkim/.local/lib/python3.10/site-packages/mujoco/rendering/classic/renderer.py", line 325, in close
    self._gl_context.free()
  File "/home/nas_main/kinamkim/.local/lib/python3.10/site-packages/mujoco/egl/__init__.py", line 133, in free
    EGL.eglDestroyContext(EGL_DISPLAY, self._context)
  File "/home/nas_main/kinamkim/.local/lib/python3.10/site-packages/OpenGL/error.py", line 230, in glCheckError
    raise self._errorClass(
OpenGL.raw.EGL._errors.EGLError: EGLError(
	err = EGL_NOT_INITIALIZED,
	baseOperation = eglDestroyContext,
	cArguments = (
		<OpenGL._opaque.EGLDisplay_pointer object at 0x723c13890bc0>,
		<OpenGL._opaque.EGLContext_pointer object at 0x723c132ff940>,
	),
	result = 0
)
Exception ignored in: <function GLContext.__del__ at 0x723c36d94310>
Traceback (most recent call last):
  File "/home/nas_main/kinamkim/.local/lib/python3.10/site-packages/mujoco/egl/__init__.py", line 138, in __del__
    self.free()
  File "/home/nas_main/kinamkim/.local/lib/python3.10/site-packages/mujoco/egl/__init__.py", line 133, in free
    EGL.eglDestroyContext(EGL_DISPLAY, self._context)
  File "/home/nas_main/kinamkim/.local/lib/python3.10/site-packages/OpenGL/error.py", line 230, in glCheckError
    raise self._errorClass(
OpenGL.raw.EGL._errors.EGLError: EGLError(
	err = EGL_NOT_INITIALIZED,
	baseOperation = eglDestroyContext,
	cArguments = (
		<OpenGL._opaque.EGLDisplay_pointer object at 0x723c13890bc0>,
		<OpenGL._opaque.EGLContext_pointer object at 0x723c132ff940>,
	),
	result = 0
)
Exception ignored in: <function Renderer.__del__ at 0x723c36d94af0>
Traceback (most recent call last):
  File "/home/nas_main/kinamkim/.local/lib/python3.10/site-packages/mujoco/rendering/classic/renderer.py", line 339, in __del__
    self.close()
  File "/home/nas_main/kinamkim/.local/lib/python3.10/site-packages/mujoco/rendering/classic/renderer.py", line 325, in close
    self._gl_context.free()
  File "/home/nas_main/kinamkim/.local/lib/python3.10/site-packages/mujoco/egl/__init__.py", line 133, in free
    EGL.eglDestroyContext(EGL_DISPLAY, self._context)
  File "/home/nas_main/kinamkim/.local/lib/python3.10/site-packages/OpenGL/error.py", line 230, in glCheckError
    raise self._errorClass(
OpenGL.raw.EGL._errors.EGLError: EGLError(
	err = EGL_NOT_INITIALIZED,
	baseOperation = eglDestroyContext,
	cArguments = (
		<OpenGL._opaque.EGLDisplay_pointer object at 0x723c13890bc0>,
		<OpenGL._opaque.EGLContext_pointer object at 0x723c132ffdc0>,
	),
	result = 0
)
Exception ignored in: <function GLContext.__del__ at 0x723c36d94310>
Traceback (most recent call last):
  File "/home/nas_main/kinamkim/.local/lib/python3.10/site-packages/mujoco/egl/__init__.py", line 138, in __del__
    self.free()
  File "/home/nas_main/kinamkim/.local/lib/python3.10/site-packages/mujoco/egl/__init__.py", line 133, in free
    EGL.eglDestroyContext(EGL_DISPLAY, self._context)
  File "/home/nas_main/kinamkim/.local/lib/python3.10/site-packages/OpenGL/error.py", line 230, in glCheckError
    raise self._errorClass(
OpenGL.raw.EGL._errors.EGLError: EGLError(
	err = EGL_NOT_INITIALIZED,
	baseOperation = eglDestroyContext,
	cArguments = (
		<OpenGL._opaque.EGLDisplay_pointer object at 0x723c13890bc0>,
		<OpenGL._opaque.EGLContext_pointer object at 0x723c132ffdc0>,
	),
	result = 0
)
Exception ignored in: <function Renderer.__del__ at 0x723c36d94af0>
Traceback (most recent call last):
  File "/home/nas_main/kinamkim/.local/lib/python3.10/site-packages/mujoco/rendering/classic/renderer.py", line 339, in __del__
    self.close()
  File "/home/nas_main/kinamkim/.local/lib/python3.10/site-packages/mujoco/rendering/classic/renderer.py", line 325, in close
    self._gl_context.free()
  File "/home/nas_main/kinamkim/.local/lib/python3.10/site-packages/mujoco/egl/__init__.py", line 133, in free
    EGL.eglDestroyContext(EGL_DISPLAY, self._context)
  File "/home/nas_main/kinamkim/.local/lib/python3.10/site-packages/OpenGL/error.py", line 230, in glCheckError
    raise self._errorClass(
OpenGL.raw.EGL._errors.EGLError: EGLError(
	err = EGL_NOT_INITIALIZED,
	baseOperation = eglDestroyContext,
	cArguments = (
		<OpenGL._opaque.EGLDisplay_pointer object at 0x723c13890bc0>,
		<OpenGL._opaque.EGLContext_pointer object at 0x723c132ffc40>,
	),
	result = 0
)
Exception ignored in: <function GLContext.__del__ at 0x723c36d94310>
Traceback (most recent call last):
  File "/home/nas_main/kinamkim/.local/lib/python3.10/site-packages/mujoco/egl/__init__.py", line 138, in __del__
    self.free()
  File "/home/nas_main/kinamkim/.local/lib/python3.10/site-packages/mujoco/egl/__init__.py", line 133, in free
    EGL.eglDestroyContext(EGL_DISPLAY, self._context)
  File "/home/nas_main/kinamkim/.local/lib/python3.10/site-packages/OpenGL/error.py", line 230, in glCheckError
    raise self._errorClass(
OpenGL.raw.EGL._errors.EGLError: EGLError(
	err = EGL_NOT_INITIALIZED,
	baseOperation = eglDestroyContext,
	cArguments = (
		<OpenGL._opaque.EGLDisplay_pointer object at 0x723c13890bc0>,
		<OpenGL._opaque.EGLContext_pointer object at 0x723c132ffc40>,
	),
	result = 0
)
Exception ignored in: <function Renderer.__del__ at 0x723c36d94af0>
Traceback (most recent call last):
  File "/home/nas_main/kinamkim/.local/lib/python3.10/site-packages/mujoco/rendering/classic/renderer.py", line 339, in __del__
    self.close()
  File "/home/nas_main/kinamkim/.local/lib/python3.10/site-packages/mujoco/rendering/classic/renderer.py", line 325, in close
    self._gl_context.free()
  File "/home/nas_main/kinamkim/.local/lib/python3.10/site-packages/mujoco/egl/__init__.py", line 133, in free
    EGL.eglDestroyContext(EGL_DISPLAY, self._context)
  File "/home/nas_main/kinamkim/.local/lib/python3.10/site-packages/OpenGL/error.py", line 230, in glCheckError
    raise self._errorClass(
OpenGL.raw.EGL._errors.EGLError: EGLError(
	err = EGL_NOT_INITIALIZED,
	baseOperation = eglDestroyContext,
	cArguments = (
		<OpenGL._opaque.EGLDisplay_pointer object at 0x723c13890bc0>,
		<OpenGL._opaque.EGLContext_pointer object at 0x723c132ffd40>,
	),
	result = 0
)
Exception ignored in: <function GLContext.__del__ at 0x723c36d94310>
Traceback (most recent call last):
  File "/home/nas_main/kinamkim/.local/lib/python3.10/site-packages/mujoco/egl/__init__.py", line 138, in __del__
    self.free()
  File "/home/nas_main/kinamkim/.local/lib/python3.10/site-packages/mujoco/egl/__init__.py", line 133, in free
    EGL.eglDestroyContext(EGL_DISPLAY, self._context)
  File "/home/nas_main/kinamkim/.local/lib/python3.10/site-packages/OpenGL/error.py", line 230, in glCheckError
    raise self._errorClass(
OpenGL.raw.EGL._errors.EGLError: EGLError(
	err = EGL_NOT_INITIALIZED,
	baseOperation = eglDestroyContext,
	cArguments = (
		<OpenGL._opaque.EGLDisplay_pointer object at 0x723c13890bc0>,
		<OpenGL._opaque.EGLContext_pointer object at 0x723c132ffd40>,
	),
	result = 0
)
Exception ignored in: <function Renderer.__del__ at 0x723c36d94af0>
Traceback (most recent call last):
  File "/home/nas_main/kinamkim/.local/lib/python3.10/site-packages/mujoco/rendering/classic/renderer.py", line 339, in __del__
    self.close()
  File "/home/nas_main/kinamkim/.local/lib/python3.10/site-packages/mujoco/rendering/classic/renderer.py", line 325, in close
    self._gl_context.free()
  File "/home/nas_main/kinamkim/.local/lib/python3.10/site-packages/mujoco/egl/__init__.py", line 133, in free
    EGL.eglDestroyContext(EGL_DISPLAY, self._context)
  File "/home/nas_main/kinamkim/.local/lib/python3.10/site-packages/OpenGL/error.py", line 230, in glCheckError
    raise self._errorClass(
OpenGL.raw.EGL._errors.EGLError: EGLError(
	err = EGL_NOT_INITIALIZED,
	baseOperation = eglDestroyContext,
	cArguments = (
		<OpenGL._opaque.EGLDisplay_pointer object at 0x723c13890bc0>,
		<OpenGL._opaque.EGLContext_pointer object at 0x723c132fff40>,
	),
	result = 0
)
Exception ignored in: <function GLContext.__del__ at 0x723c36d94310>
Traceback (most recent call last):
  File "/home/nas_main/kinamkim/.local/lib/python3.10/site-packages/mujoco/egl/__init__.py", line 138, in __del__
    self.free()
  File "/home/nas_main/kinamkim/.local/lib/python3.10/site-packages/mujoco/egl/__init__.py", line 133, in free
    EGL.eglDestroyContext(EGL_DISPLAY, self._context)
  File "/home/nas_main/kinamkim/.local/lib/python3.10/site-packages/OpenGL/error.py", line 230, in glCheckError
    raise self._errorClass(
OpenGL.raw.EGL._errors.EGLError: EGLError(
	err = EGL_NOT_INITIALIZED,
	baseOperation = eglDestroyContext,
	cArguments = (
		<OpenGL._opaque.EGLDisplay_pointer object at 0x723c13890bc0>,
		<OpenGL._opaque.EGLContext_pointer object at 0x723c132fff40>,
	),
	result = 0
)
Exception ignored in: <function Renderer.__del__ at 0x723c36d94af0>
Traceback (most recent call last):
  File "/home/nas_main/kinamkim/.local/lib/python3.10/site-packages/mujoco/rendering/classic/renderer.py", line 339, in __del__
    self.close()
  File "/home/nas_main/kinamkim/.local/lib/python3.10/site-packages/mujoco/rendering/classic/renderer.py", line 325, in close
    self._gl_context.free()
  File "/home/nas_main/kinamkim/.local/lib/python3.10/site-packages/mujoco/egl/__init__.py", line 133, in free
    EGL.eglDestroyContext(EGL_DISPLAY, self._context)
  File "/home/nas_main/kinamkim/.local/lib/python3.10/site-packages/OpenGL/error.py", line 230, in glCheckError
    raise self._errorClass(
OpenGL.raw.EGL._errors.EGLError: EGLError(
	err = EGL_NOT_INITIALIZED,
	baseOperation = eglDestroyContext,
	cArguments = (
		<OpenGL._opaque.EGLDisplay_pointer object at 0x723c13890bc0>,
		<OpenGL._opaque.EGLContext_pointer object at 0x723c218bcf40>,
	),
	result = 0
)
Exception ignored in: <function GLContext.__del__ at 0x723c36d94310>
Traceback (most recent call last):
  File "/home/nas_main/kinamkim/.local/lib/python3.10/site-packages/mujoco/egl/__init__.py", line 138, in __del__
    self.free()
  File "/home/nas_main/kinamkim/.local/lib/python3.10/site-packages/mujoco/egl/__init__.py", line 133, in free
    EGL.eglDestroyContext(EGL_DISPLAY, self._context)
  File "/home/nas_main/kinamkim/.local/lib/python3.10/site-packages/OpenGL/error.py", line 230, in glCheckError
    raise self._errorClass(
OpenGL.raw.EGL._errors.EGLError: EGLError(
	err = EGL_NOT_INITIALIZED,
	baseOperation = eglDestroyContext,
	cArguments = (
		<OpenGL._opaque.EGLDisplay_pointer object at 0x723c13890bc0>,
		<OpenGL._opaque.EGLContext_pointer object at 0x723c218bcf40>,
	),
	result = 0
)
Exception ignored in: <function Renderer.__del__ at 0x723c36d94af0>
Traceback (most recent call last):
  File "/home/nas_main/kinamkim/.local/lib/python3.10/site-packages/mujoco/rendering/classic/renderer.py", line 339, in __del__
    self.close()
  File "/home/nas_main/kinamkim/.local/lib/python3.10/site-packages/mujoco/rendering/classic/renderer.py", line 325, in close
    self._gl_context.free()
  File "/home/nas_main/kinamkim/.local/lib/python3.10/site-packages/mujoco/egl/__init__.py", line 133, in free
    EGL.eglDestroyContext(EGL_DISPLAY, self._context)
  File "/home/nas_main/kinamkim/.local/lib/python3.10/site-packages/OpenGL/error.py", line 230, in glCheckError
    raise self._errorClass(
OpenGL.raw.EGL._errors.EGLError: EGLError(
	err = EGL_NOT_INITIALIZED,
	baseOperation = eglDestroyContext,
	cArguments = (
		<OpenGL._opaque.EGLDisplay_pointer object at 0x723c13890bc0>,
		<OpenGL._opaque.EGLContext_pointer object at 0x723c218be4c0>,
	),
	result = 0
)
Exception ignored in: <function GLContext.__del__ at 0x723c36d94310>
Traceback (most recent call last):
  File "/home/nas_main/kinamkim/.local/lib/python3.10/site-packages/mujoco/egl/__init__.py", line 138, in __del__
    self.free()
  File "/home/nas_main/kinamkim/.local/lib/python3.10/site-packages/mujoco/egl/__init__.py", line 133, in free
    EGL.eglDestroyContext(EGL_DISPLAY, self._context)
  File "/home/nas_main/kinamkim/.local/lib/python3.10/site-packages/OpenGL/error.py", line 230, in glCheckError
    raise self._errorClass(
OpenGL.raw.EGL._errors.EGLError: EGLError(
	err = EGL_NOT_INITIALIZED,
	baseOperation = eglDestroyContext,
	cArguments = (
		<OpenGL._opaque.EGLDisplay_pointer object at 0x723c13890bc0>,
		<OpenGL._opaque.EGLContext_pointer object at 0x723c218be4c0>,
	),
	result = 0
)
Exception ignored in: <function Renderer.__del__ at 0x723c36d94af0>
Traceback (most recent call last):
  File "/home/nas_main/kinamkim/.local/lib/python3.10/site-packages/mujoco/rendering/classic/renderer.py", line 339, in __del__
    self.close()
  File "/home/nas_main/kinamkim/.local/lib/python3.10/site-packages/mujoco/rendering/classic/renderer.py", line 325, in close
    self._gl_context.free()
  File "/home/nas_main/kinamkim/.local/lib/python3.10/site-packages/mujoco/egl/__init__.py", line 133, in free
    EGL.eglDestroyContext(EGL_DISPLAY, self._context)
  File "/home/nas_main/kinamkim/.local/lib/python3.10/site-packages/OpenGL/error.py", line 230, in glCheckError
    raise self._errorClass(
OpenGL.raw.EGL._errors.EGLError: EGLError(
	err = EGL_NOT_INITIALIZED,
	baseOperation = eglDestroyContext,
	cArguments = (
		<OpenGL._opaque.EGLDisplay_pointer object at 0x723c13890bc0>,
		<OpenGL._opaque.EGLContext_pointer object at 0x723c218bd1c0>,
	),
	result = 0
)
Exception ignored in: <function GLContext.__del__ at 0x723c36d94310>
Traceback (most recent call last):
  File "/home/nas_main/kinamkim/.local/lib/python3.10/site-packages/mujoco/egl/__init__.py", line 138, in __del__
    self.free()
  File "/home/nas_main/kinamkim/.local/lib/python3.10/site-packages/mujoco/egl/__init__.py", line 133, in free
    EGL.eglDestroyContext(EGL_DISPLAY, self._context)
  File "/home/nas_main/kinamkim/.local/lib/python3.10/site-packages/OpenGL/error.py", line 230, in glCheckError
    raise self._errorClass(
OpenGL.raw.EGL._errors.EGLError: EGLError(
	err = EGL_NOT_INITIALIZED,
	baseOperation = eglDestroyContext,
	cArguments = (
		<OpenGL._opaque.EGLDisplay_pointer object at 0x723c13890bc0>,
		<OpenGL._opaque.EGLContext_pointer object at 0x723c218bd1c0>,
	),
	result = 0
)
Exception ignored in: <function Renderer.__del__ at 0x723c36d94af0>
Traceback (most recent call last):
  File "/home/nas_main/kinamkim/.local/lib/python3.10/site-packages/mujoco/rendering/classic/renderer.py", line 339, in __del__
    self.close()
  File "/home/nas_main/kinamkim/.local/lib/python3.10/site-packages/mujoco/rendering/classic/renderer.py", line 325, in close
    self._gl_context.free()
  File "/home/nas_main/kinamkim/.local/lib/python3.10/site-packages/mujoco/egl/__init__.py", line 133, in free
    EGL.eglDestroyContext(EGL_DISPLAY, self._context)
  File "/home/nas_main/kinamkim/.local/lib/python3.10/site-packages/OpenGL/error.py", line 230, in glCheckError
    raise self._errorClass(
OpenGL.raw.EGL._errors.EGLError: EGLError(
	err = EGL_NOT_INITIALIZED,
	baseOperation = eglDestroyContext,
	cArguments = (
		<OpenGL._opaque.EGLDisplay_pointer object at 0x723c13890bc0>,
		<OpenGL._opaque.EGLContext_pointer object at 0x723c218bce40>,
	),
	result = 0
)
Exception ignored in: <function GLContext.__del__ at 0x723c36d94310>
Traceback (most recent call last):
  File "/home/nas_main/kinamkim/.local/lib/python3.10/site-packages/mujoco/egl/__init__.py", line 138, in __del__
    self.free()
  File "/home/nas_main/kinamkim/.local/lib/python3.10/site-packages/mujoco/egl/__init__.py", line 133, in free
    EGL.eglDestroyContext(EGL_DISPLAY, self._context)
  File "/home/nas_main/kinamkim/.local/lib/python3.10/site-packages/OpenGL/error.py", line 230, in glCheckError
    raise self._errorClass(
OpenGL.raw.EGL._errors.EGLError: EGLError(
	err = EGL_NOT_INITIALIZED,
	baseOperation = eglDestroyContext,
	cArguments = (
		<OpenGL._opaque.EGLDisplay_pointer object at 0x723c13890bc0>,
		<OpenGL._opaque.EGLContext_pointer object at 0x723c218bce40>,
	),
	result = 0
)
