. ~/.venvs/groot/bin/activate && export PATH=$HOME/miniconda3/bin:$PATH && export LD_LIBRARY_PATH=$HOME/.venvs/groot/lib/python3.10/site-packages/nvidia/cu13/lib:$HOME/.venvs/groot/lib/python3.10/site-packages/nvidia/cuda_runtime/lib:$HOME/.venvs/groot/lib/python3.10/site-packages/nvidia/cublas/lib:$HOME/.venvs/groot/lib/python3.10/site-packages/nvidia/cudnn/lib:$HOME/.venvs/groot/lib/python3.10/site-packages/nvidia/cufft/lib:$HOME/.venvs/groot/lib/python3.10/site-packages/nvidia/cusolver/lib:$HOME/.venvs/groot/lib/python3.10/site-packages/nvidia/cusparse/lib:$HOME/.venvs/groot/lib/python3.10/site-packages/nvidia/nvjitlink/lib:$HOME/.venvs/groot/lib/python3.10/site-packages/nvidia/cuda_nvrtc/lib:$HOME/.venvs/groot/lib/python3.10/site-packages/nvidia/nccl/lib:$HOME/miniconda3/lib:~/.local/lib/gl:${LD_LIBRARY_PATH:-} && export CUDA_HOME=$HOME/.venvs/groot/lib/python3.10/site-packages/nvidia/cu13 && export CC=gcc CXX=g++ && cd /home/nas_main/kinamkim/Repos/Intern/residual-offpolicy-rl && echo '=== gcc ===' && which gcc && gcc --version | head -1 && echo '=== nvcc ===' && which nvcc && nvcc --version | tail -3 && echo '=== build ===' && pip uninstall flash-attn -y 2>/dev/null; pip install flash-attn --no-build-isolation --no-cache-dir 2>&1 | tail -30
=== gcc ===
/home/nas_main/kinamkim/miniconda3/bin/gcc
gcc (conda-forge gcc 15.2.0-7) 15.2.0
=== nvcc ===
/home/nas_main/kinamkim/bin/nvcc
/bin/bash: /home/nas_main/kinamkim/miniconda3/lib/libtinfo.so.6: no version information available (required by /bin/bash)
nvcc: NVIDIA (R) Cuda compiler driver
Built on Tue_Aug_15_22:02:13_PDT_2024
Cuda compilation tools, release 13.0, V13.0.76
=== build ===
      Traceback (most recent call last):
        File "/home/nas_main/kinamkim/miniconda3/lib/python3.13/site-packages/pip/_vendor/pyproject_hooks/_in_process/_in_process.py", line 389, in <module>
          main()
          ~~~~^^
        File "/home/nas_main/kinamkim/miniconda3/lib/python3.13/site-packages/pip/_vendor/pyproject_hooks/_in_process/_in_process.py", line 373, in main
          json_out["return_val"] = hook(**hook_input["kwargs"])
                                   ~~~~^^^^^^^^^^^^^^^^^^^^^^^^
        File "/home/nas_main/kinamkim/miniconda3/lib/python3.13/site-packages/pip/_vendor/pyproject_hooks/_in_process/_in_process.py", line 175, in prepare_metadata_for_build_wheel
          return hook(metadata_directory, config_settings)
        File "/home/nas_main/kinamkim/miniconda3/lib/python3.13/site-packages/setuptools/build_meta.py", line 378, in prepare_metadata_for_build_wheel
          self.run_setup()
          ~~~~~~~~~~~~~~^^
        File "/home/nas_main/kinamkim/miniconda3/lib/python3.13/site-packages/setuptools/build_meta.py", line 518, in run_setup
          super().run_setup(setup_script=setup_script)
          ~~~~~~~~~~~~~~~~~^^^^^^^^^^^^^^^^^^^^^^^^^^^
        File "/home/nas_main/kinamkim/miniconda3/lib/python3.13/site-packages/setuptools/build_meta.py", line 317, in run_setup
          exec(code, locals())
          ~~~~^^^^^^^^^^^^^^^^
        File "<string>", line 22, in <module>
      ModuleNotFoundError: No module named 'torch'
      [end of output]
  
  note: This error originates from a subprocess, and is likely not a problem with pip.
error: metadata-generation-failed

× Encountered error while generating package metadata.
╰─> flash-attn

note: This is an issue with the package mentioned above, not pip.
hint: See above for details.
