. ~/.venvs/groot/bin/activate && export CUDA_HOME=$HOME/miniconda3 && export PATH=$CUDA_HOME/bin:$PATH && export LD_LIBRARY_PATH=$HOME/.venvs/groot/lib/python3.10/site-packages/nvidia/cu13/lib:$HOME/.venvs/groot/lib/python3.10/site-packages/nvidia/cuda_runtime/lib:$HOME/.venvs/groot/lib/python3.10/site-packages/nvidia/cublas/lib:$HOME/.venvs/groot/lib/python3.10/site-packages/nvidia/cudnn/lib:$HOME/.venvs/groot/lib/python3.10/site-packages/nvidia/cufft/lib:$HOME/.venvs/groot/lib/python3.10/site-packages/nvidia/cusolver/lib:$HOME/.venvs/groot/lib/python3.10/site-packages/nvidia/cusparse/lib:$HOME/.venvs/groot/lib/python3.10/site-packages/nvidia/nvjitlink/lib:$HOME/.venvs/groot/lib/python3.10/site-packages/nvidia/cuda_nvrtc/lib:$HOME/.venvs/groot/lib/python3.10/site-packages/nvidia/nccl/lib:$HOME/miniconda3/lib:~/.local/lib/gl:${LD_LIBRARY_PATH:-} && export CC=$HOME/miniconda3/bin/gcc CXX=$HOME/miniconda3/bin/g++ && cd /home/nas_main/kinamkim/Repos/Intern/residual-offpolicy-rl && which pip && which nvcc && nvcc --version | tail -1 && $CC --version | head -1 && ls $CUDA_HOME/targets/x86_64-linux/include/nv/target && echo '=== build ===' && pip uninstall flash-attn -y 2>/dev/null; MAX_JOBS=14 pip install flash-attn --no-build-isolation --no-cache-dir 2>&1
/home/nas_main/kinamkim/miniconda3/bin/pip
/home/nas_main/kinamkim/miniconda3/bin/nvcc
Build cuda_13.0.r13.0/compiler.36424714_0
gcc (conda-forge gcc 15.2.0-7) 15.2.0
/home/nas_main/kinamkim/miniconda3/targets/x86_64-linux/include/nv/target
=== build ===
Collecting flash-attn
  Downloading flash_attn-2.8.3.tar.gz (8.4 MB)
     ━━━━━━━━━━━━━━━━━━━━━━━━━━━━━━━━━━━━━━━━ 8.4/8.4 MB 28.7 MB/s  0:00:00
  Preparing metadata (pyproject.toml): started
  Preparing metadata (pyproject.toml): finished with status 'error'
  error: subprocess-exited-with-error
  
  × Preparing metadata (pyproject.toml) did not run successfully.
  │ exit code: 1
  ╰─> [22 lines of output]
      /home/nas_main/kinamkim/miniconda3/lib/python3.13/site-packages/wheel/bdist_wheel.py:4: FutureWarning: The 'wheel' package is no longer the canonical location of the 'bdist_wheel' command, and will be removed in a future release. Please update to setuptools v70.1 or later which contains an integrated version of this command.
        warn(
      Traceback (most recent call last):
        File "/home/nas_main/kinamkim/miniconda3/lib/python3.13/site-packages/pip/_vendor/pyproject_hooks/_in_process/_in_process.py", line 389, in <module>
          main()
          ~~~~^^
        File "/home/nas_main/kinamkim/miniconda3/lib/python3.13/site-packages/pip/_vendor/pyproject_hooks/_in_process/_in_process.py", line 373, in main
          json_out["return_val"] = hook(**hook_input["kwargs"])
                                   ~~~~^^^^^^^^^^^^^^^^^^^^^^^^
        File "/home/nas_main/kinamkim/miniconda3/lib/python3.13/site-packages/pip/_vendor/pyproject_hooks/_in_process/_in_process.py", line 175, in prepare_metadata_for_build_wheel
          return hook(metadata_directory, config_settings)
        File "/home/nas_main/kinamkim/miniconda3/lib/python3.13/site-packages/setuptools/build_meta.py", line 378, in prepare_metadata_for_build_wheel
          self.run_setup()
          ~~~~~~~~~~~~~~^^
        File "/home/nas_main/kinamkim/miniconda3/lib/python3.13/site-packages/setuptools/build_meta.py", line 518, in run_setup
          super().run_setup(setup_script=setup_script)
          ~~~~~~~~~~~~~~~~~^^^^^^^^^^^^^^^^^^^^^^^^^^^
        File "/home/nas_main/kinamkim/miniconda3/lib/python3.13/site-packages/setuptools/build_meta.py", line 317, in run_setup
          exec(code, locals())
          ~~~~^^^^^^^^^^^^^^^^
        File "<string>", line 22, in <module>
      ModuleNotFoundError: No module named 'torch'
      [end of output]
  
  note: This error originates from a subprocess, and is likely not a problem with pip.
error: metadata-generation-failed

× Encountered error while generating package metadata.
╰─> flash-attn

note: This is an issue with the package mentioned above, not pip.
hint: See above for details.
