set +e; hostname; nvidia-smi | head -6; echo '---CUDA_DIRS---'; ls -d /usr/local/cuda* 2>&1; echo '---LIBCUDA---'; ldconfig -p 2>/dev/null | grep -i cuda | head -10; echo '---TORCH---'; . ~/.venvs/groot/bin/activate; python -c 'import torch; print("torch:", torch.__version__); print("cuda_compiled:", torch.version.cuda); print("avail:", torch.cuda.is_available()); print("count:", torch.cuda.device_count())' 2>&1; echo '---DONE---'
worker-2
Thu Apr 30 03:16:45 2026       
+-----------------------------------------------------------------------------------------+
| NVIDIA-SMI 580.95.05              Driver Version: 580.95.05      CUDA Version: 13.0     |
+-----------------------------------------+------------------------+----------------------+
| GPU  Name                 Persistence-M | Bus-Id          Disp.A | Volatile Uncorr. ECC |
| Fan  Temp   Perf          Pwr:Usage/Cap |           Memory-Usage | GPU-Util  Compute M. |
---CUDA_DIRS---
ls: cannot access '/usr/local/cuda*': No such file or directory
---LIBCUDA---
	libicudata.so.70 (libc6,x86-64) => /usr/lib/x86_64-linux-gnu/libicudata.so.70
	libcudadebugger.so.1 (libc6,x86-64) => /usr/lib/x86_64-linux-gnu/libcudadebugger.so.1
	libcuda.so.1 (libc6,x86-64) => /usr/lib/x86_64-linux-gnu/libcuda.so.1
	libcuda.so (libc6,x86-64) => /usr/lib/x86_64-linux-gnu/libcuda.so
---TORCH---
torch: 2.7.1+cu128
cuda_compiled: 12.8
avail: False
count: 0
---DONE---
