set +e; echo '=== /dev nvidia ==='; ls /dev/ | grep -i nv; echo '=== /dev/dri ==='; ls -la /dev/dri/ 2>&1; echo '=== env CUDA/GPU ==='; env | grep -iE 'cuda|gpu|nv|slurm_g' | sort; echo '=== ldconfig nvidia ==='; ldconfig -p | grep -i nvidia | head -10; echo '=== ldd torch ==='; . ~/.venvs/groot/bin/activate; python -c 'import torch; print(torch.__file__); import torch._C; print("_C loaded")' 2>&1; echo '=== torch cuda debug ==='; python -c 'import torch; torch.cuda._check_driver()' 2>&1; echo '=== DONE ==='
=== /dev nvidia ===
nvidia-caps
nvidia-fs0
nvidia-fs1
nvidia-fs10
nvidia-fs11
nvidia-fs12
nvidia-fs13
nvidia-fs14
nvidia-fs15
nvidia-fs2
nvidia-fs3
nvidia-fs4
nvidia-fs5
nvidia-fs6
nvidia-fs7
nvidia-fs8
nvidia-fs9
nvidia-modeset
nvidia-nvswitchctl
nvidia-uvm
nvidia-uvm-tools
nvidia0
nvidia1
nvidia2
nvidia3
nvidia4
nvidia5
nvidia6
nvidia7
nvidiactl
=== /dev/dri ===
total 0
drwxr-xr-x 2 root root      360 Apr 29 14:57 .
drwxr-xr-x 8 root root     1020 Apr 29 14:58 ..
crw-rw-rw- 1 root root 226,   1 Apr 29 14:57 card1
crw-rw-rw- 1 root root 226,   2 Apr 29 14:57 card2
crw-rw-rw- 1 root root 226,   3 Apr 29 14:57 card3
crw-rw-rw- 1 root root 226,   4 Apr 29 14:57 card4
crw-rw-rw- 1 root root 226,   5 Apr 29 14:57 card5
crw-rw-rw- 1 root root 226,   6 Apr 29 14:57 card6
crw-rw-rw- 1 root root 226,   7 Apr 29 14:57 card7
crw-rw-rw- 1 root root 226,   8 Apr 29 14:57 card8
crw-rw-rw- 1 root root 226, 128 Apr 29 14:57 renderD128
crw-rw-rw- 1 root root 226, 129 Apr 29 14:57 renderD129
crw-rw-rw- 1 root root 226, 130 Apr 29 14:57 renderD130
crw-rw-rw- 1 root root 226, 131 Apr 29 14:57 renderD131
crw-rw-rw- 1 root root 226, 132 Apr 29 14:57 renderD132
crw-rw-rw- 1 root root 226, 133 Apr 29 14:57 renderD133
crw-rw-rw- 1 root root 226, 134 Apr 29 14:57 renderD134
crw-rw-rw- 1 root root 226, 135 Apr 29 14:57 renderD135
=== env CUDA/GPU ===
CONDA_ENVS_PATH=/home/nas_main/kinamkim/.conda/envs
CUDA_HOME=/usr/local/cuda-13.0
CUDA_VISIBLE_DEVICES=6
ENVIRONMENT=BATCH
GPU_DEVICE_ORDINAL=6
LD_LIBRARY_PATH=/usr/local/cuda-13.0/lib64:/mnt/system/.slurm-install/lib:
PATH=/home/nas_main/kinamkim/.local/bin:/home/nas_main/kinamkim/bin:/home/nas_main/kinamkim/.local/state/fnm_multishells/920701_1777517276074/bin:/home/nas_main/kinamkim/.local/share/fnm:/home/nas_main/kinamkim/bin:/home/nas_main/kinamkim/.local/bin:/usr/local/cuda-13.0/bin:/opt/conda/bin:/mnt/system/.slurm-install/bin:/usr/local/sbin:/usr/local/bin:/usr/sbin:/usr/bin:/sbin:/bin:/usr/games:/usr/local/games:/snap/bin
SLURM_GPUS_ON_NODE=1
SLURM_GTIDS=0
SLURM_JOB_GPUS=6
SLURM_JOB_NAME=gpu_dbg
_=/usr/bin/env
=== ldconfig nvidia ===
	libvdpau_nvidia.so.1 (libc6,x86-64) => /usr/lib/x86_64-linux-gnu/vdpau/libvdpau_nvidia.so.1
	libvdpau_nvidia.so (libc6,x86-64) => /usr/lib/x86_64-linux-gnu/vdpau/libvdpau_nvidia.so
	libnvidia-vksc-core.so.1 (libc6,x86-64) => /usr/lib/x86_64-linux-gnu/libnvidia-vksc-core.so.1
	libnvidia-tls.so.580.95.05 (libc6,x86-64) => /usr/lib/x86_64-linux-gnu/libnvidia-tls.so.580.95.05
	libnvidia-rtcore.so.580.95.05 (libc6,x86-64) => /usr/lib/x86_64-linux-gnu/libnvidia-rtcore.so.580.95.05
	libnvidia-ptxjitcompiler.so.1 (libc6,x86-64) => /usr/lib/x86_64-linux-gnu/libnvidia-ptxjitcompiler.so.1
	libnvidia-ptxjitcompiler.so (libc6,x86-64) => /usr/lib/x86_64-linux-gnu/libnvidia-ptxjitcompiler.so
	libnvidia-present.so.580.95.05 (libc6,x86-64) => /usr/lib/x86_64-linux-gnu/libnvidia-present.so.580.95.05
	libnvidia-pkcs11.so.580.95.05 (libc6,x86-64) => /usr/lib/x86_64-linux-gnu/libnvidia-pkcs11.so.580.95.05
	libnvidia-pkcs11-openssl3.so.580.95.05 (libc6,x86-64) => /usr/lib/x86_64-linux-gnu/libnvidia-pkcs11-openssl3.so.580.95.05
=== ldd torch ===
/home/nas_main/kinamkim/.venvs/groot/lib/python3.10/site-packages/torch/__init__.py
_C loaded
=== torch cuda debug ===
Traceback (most recent call last):
  File "<string>", line 1, in <module>
AttributeError: module 'torch.cuda' has no attribute '_check_driver'
=== DONE ===
