. ~/.venvs/groot/bin/activate && export LD_LIBRARY_PATH=~/.local/lib/gl:${LD_LIBRARY_PATH:-} && export MUJOCO_GL=egl DS_BUILD_OPS=0 HF_HUB_OFFLINE=1 CUDA_HOME=~/fake_cuda && export PYTHONPATH=/home/nas_main/kinamkim/Repos/Intern/residual-offpolicy-rl:${PYTHONPATH:-} && cd /home/nas_main/kinamkim/Repos/Intern/residual-offpolicy-rl && nvidia-smi && echo '---LD---' && echo $LD_LIBRARY_PATH && echo '---TORCH---' && python -c 'import torch; print(torch.__version__); print(torch.version.cuda); print("backends:", torch.backends.cudnn.is_available()); print("avail:", torch.cuda.is_available())'
Thu Apr 30 03:11:41 2026       
+-----------------------------------------------------------------------------------------+
| NVIDIA-SMI 580.95.05              Driver Version: 580.95.05      CUDA Version: 13.0     |
+-----------------------------------------+------------------------+----------------------+
| GPU  Name                 Persistence-M | Bus-Id          Disp.A | Volatile Uncorr. ECC |
| Fan  Temp   Perf          Pwr:Usage/Cap |           Memory-Usage | GPU-Util  Compute M. |
|                                         |                        |               MIG M. |
|=========================================+========================+======================|
|   0  NVIDIA B200                    On  |   00000000:97:00.0 Off |                    0 |
| N/A   31C    P0            191W / 1000W |       0MiB / 183359MiB |      0%      Default |
|                                         |                        |             Disabled |
+-----------------------------------------+------------------------+----------------------+

+-----------------------------------------------------------------------------------------+
| Processes:                                                                              |
|  GPU   GI   CI              PID   Type   Process name                        GPU Memory |
|        ID   ID                                                               Usage      |
|=========================================================================================|
|  No running processes found                                                             |
+-----------------------------------------------------------------------------------------+
---LD---
/home/nas_main/kinamkim/.local/lib/gl:/usr/local/cuda-13.0/lib64:/mnt/system/.slurm-install/lib:
---TORCH---
2.7.1+cu128
12.8
backends: True
avail: False
